Component: ARM Compiler 6.12 Tool: armlink [5d624300]

==============================================================================

Section Cross References

    startup_stm32f407xx.o(RESET) refers to startup_stm32f407xx.o(STACK) for __initial_sp
    startup_stm32f407xx.o(RESET) refers to startup_stm32f407xx.o(.text) for Reset_Handler
    startup_stm32f407xx.o(RESET) refers to stm32f4xx_it.o(.text.NMI_Handler) for NMI_Handler
    startup_stm32f407xx.o(RESET) refers to stm32f4xx_it.o(.text.HardFault_Handler) for HardFault_Handler
    startup_stm32f407xx.o(RESET) refers to stm32f4xx_it.o(.text.MemManage_Handler) for MemManage_Handler
    startup_stm32f407xx.o(RESET) refers to stm32f4xx_it.o(.text.BusFault_Handler) for BusFault_Handler
    startup_stm32f407xx.o(RESET) refers to stm32f4xx_it.o(.text.UsageFault_Handler) for UsageFault_Handler
    startup_stm32f407xx.o(RESET) refers to stm32f4xx_it.o(.text.SVC_Handler) for SVC_Handler
    startup_stm32f407xx.o(RESET) refers to stm32f4xx_it.o(.text.DebugMon_Handler) for DebugMon_Handler
    startup_stm32f407xx.o(RESET) refers to stm32f4xx_it.o(.text.PendSV_Handler) for PendSV_Handler
    startup_stm32f407xx.o(RESET) refers to stm32f4xx_it.o(.text.SysTick_Handler) for SysTick_Handler
    startup_stm32f407xx.o(RESET) refers to usart.o(.text.USART1_IRQHandler) for USART1_IRQHandler
    startup_stm32f407xx.o(RESET) refers to stm32f4xx_it.o(.text.DMA2_Stream1_IRQHandler) for DMA2_Stream1_IRQHandler
    startup_stm32f407xx.o(RESET) refers to stm32f4xx_it.o(.text.OTG_FS_IRQHandler) for OTG_FS_IRQHandler
    startup_stm32f407xx.o(.text) refers to system_stm32f4xx.o(.text.SystemInit) for SystemInit
    startup_stm32f407xx.o(.text) refers to entry.o(.ARM.Collect$$$$00000000) for __main
    led.o(.ARM.exidx.text.led_red_on) refers to led.o(.text.led_red_on) for [Anonymous Symbol]
    led.o(.ARM.exidx.text.led_red_off) refers to led.o(.text.led_red_off) for [Anonymous Symbol]
    led.o(.ARM.exidx.text.led_red_toggle) refers to led.o(.text.led_red_toggle) for [Anonymous Symbol]
    led.o(.ARM.exidx.text.led_blue_on) refers to led.o(.text.led_blue_on) for [Anonymous Symbol]
    led.o(.ARM.exidx.text.led_blue_off) refers to led.o(.text.led_blue_off) for [Anonymous Symbol]
    led.o(.ARM.exidx.text.led_blue_toggle) refers to led.o(.text.led_blue_toggle) for [Anonymous Symbol]
    main.o(.text.main) refers to stm32f4xx_hal.o(.text.HAL_Init) for HAL_Init
    main.o(.text.main) refers to main.o(.text.SystemClock_Config) for SystemClock_Config
    main.o(.text.main) refers to stm32f4xx_ll_gpio.o(.text.LL_GPIO_Init) for LL_GPIO_Init
    main.o(.text.main) refers to stm32f4xx_hal_cortex.o(.text.HAL_NVIC_SetPriority) for HAL_NVIC_SetPriority
    main.o(.text.main) refers to stm32f4xx_hal_cortex.o(.text.HAL_NVIC_EnableIRQ) for HAL_NVIC_EnableIRQ
    main.o(.text.main) refers to memseta.o(.text) for __aeabi_memclr4
    main.o(.text.main) refers to stm32f4xx_hal_dcmi_ex.o(.text.HAL_DCMI_Init) for HAL_DCMI_Init
    main.o(.text.main) refers to stm32f4xx_hal_spi.o(.text.HAL_SPI_Init) for HAL_SPI_Init
    main.o(.text.main) refers to stm32f4xx_hal_uart.o(.text.HAL_MultiProcessor_Init) for HAL_MultiProcessor_Init
    main.o(.text.main) refers to usb_device.o(.text.MX_USB_DEVICE_Init) for MX_USB_DEVICE_Init
    main.o(.text.main) refers to delay.o(.text.delay_init) for delay_init
    main.o(.text.main) refers to led.o(.text.led_blue_toggle) for led_blue_toggle
    main.o(.text.main) refers to delay.o(.text.delay_ms) for delay_ms
    main.o(.text.main) refers to main.o(.text.LL_AHB1_GRP1_EnableClock) for LL_AHB1_GRP1_EnableClock
    main.o(.text.main) refers to main.o(.bss.hdcmi) for hdcmi
    main.o(.text.main) refers to main.o(.bss.hspi1) for hspi1
    main.o(.text.main) refers to main.o(.bss.huart1) for huart1
    main.o(.ARM.exidx.text.main) refers to main.o(.text.main) for [Anonymous Symbol]
    main.o(.text.SystemClock_Config) refers to stm32f4xx_hal_rcc.o(.text.HAL_RCC_OscConfig) for HAL_RCC_OscConfig
    main.o(.text.SystemClock_Config) refers to stm32f4xx_hal_rcc.o(.text.HAL_RCC_ClockConfig) for HAL_RCC_ClockConfig
    main.o(.text.SystemClock_Config) refers to stm32f4xx_hal_rcc.o(.text.HAL_RCC_MCOConfig) for HAL_RCC_MCOConfig
    main.o(.ARM.exidx.text.SystemClock_Config) refers to main.o(.text.SystemClock_Config) for [Anonymous Symbol]
    main.o(.ARM.exidx.text.Error_Handler) refers to main.o(.text.Error_Handler) for [Anonymous Symbol]
    main.o(.ARM.exidx.text.LL_AHB1_GRP1_EnableClock) refers to main.o(.text.LL_AHB1_GRP1_EnableClock) for [Anonymous Symbol]
    usb_device.o(.text.MX_USB_DEVICE_Init) refers to usbd_core.o(.text.USBD_Init) for USBD_Init
    usb_device.o(.text.MX_USB_DEVICE_Init) refers to usbd_core.o(.text.USBD_RegisterClass) for USBD_RegisterClass
    usb_device.o(.text.MX_USB_DEVICE_Init) refers to usbd_cdc.o(.text.USBD_CDC_RegisterInterface) for USBD_CDC_RegisterInterface
[...]
    __arm_cp.3_0                             0x080017f4   Number         4  stm32f4xx_hal_rcc.o(.text.HAL_RCC_GetSysClockFreq)
    __arm_cp.3_1                             0x080017f8   Number         4  stm32f4xx_hal_rcc.o(.text.HAL_RCC_GetSysClockFreq)
    __arm_cp.3_2                             0x080017fc   Number         4  stm32f4xx_hal_rcc.o(.text.HAL_RCC_GetSysClockFreq)
    [Anonymous Symbol]                       0x08001800   Section        0  stm32f4xx_hal_rcc.o(.text.HAL_RCC_MCOConfig)
    __arm_cp.4_0                             0x0800188c   Number         4  stm32f4xx_hal_rcc.o(.text.HAL_RCC_MCOConfig)
    __arm_cp.4_1                             0x08001890   Number         4  stm32f4xx_hal_rcc.o(.text.HAL_RCC_MCOConfig)
    [Anonymous Symbol]                       0x08001894   Section        0  stm32f4xx_hal_rcc.o(.text.HAL_RCC_OscConfig)
    __arm_cp.1_0                             0x08001b60   Number         4  stm32f4xx_hal_rcc.o(.text.HAL_RCC_OscConfig)
    __arm_cp.1_1                             0x08001b64   Number         4  stm32f4xx_hal_rcc.o(.text.HAL_RCC_OscConfig)
    __arm_cp.1_2                             0x08001b68   Number         4  stm32f4xx_hal_rcc.o(.text.HAL_RCC_OscConfig)
    [Anonymous Symbol]                       0x08001b6c   Section        0  stm32f4xx_hal_spi.o(.text.HAL_SPI_Init)
    [Anonymous Symbol]                       0x08001bec   Section        0  stm32f4xx_hal_msp.o(.text.HAL_SPI_MspInit)
    __arm_cp.3_0                             0x08001c88   Number         4  stm32f4xx_hal_msp.o(.text.HAL_SPI_MspInit)
    [Anonymous Symbol]                       0x08001c8c   Section        0  stm32f4xx_hal_cortex.o(.text.HAL_SYSTICK_CLKSourceConfig)
    [Anonymous Symbol]                       0x08001ca0   Section        0  stm32f4xx_hal_cortex.o(.text.HAL_SYSTICK_Config)
    __arm_cp.7_0                             0x08001cc0   Number         4  stm32f4xx_hal_cortex.o(.text.HAL_SYSTICK_Config)
    __arm_cp.7_1                             0x08001cc4   Number         4  stm32f4xx_hal_cortex.o(.text.HAL_SYSTICK_Config)
    [Anonymous Symbol]                       0x08001cc8   Section        0  stm32f4xx_hal_uart.o(.text.HAL_UART_ErrorCallback)
    [Anonymous Symbol]                       0x08001cca   Section        0  stm32f4xx_hal_uart.o(.text.HAL_UART_GetState)
    [Anonymous Symbol]                       0x08001cd8   Section        0  stm32f4xx_hal_uart.o(.text.HAL_UART_IRQHandler)
    __arm_cp.37_0                            0x08001e3c   Number         4  stm32f4xx_hal_uart.o(.text.HAL_UART_IRQHandler)
    [Anonymous Symbol]                       0x08001e40   Section        0  stm32f4xx_hal_msp.o(.text.HAL_UART_MspInit)
    [Anonymous Symbol]                       0x08001ea4   Section        0  stm32f4xx_hal_uart.o(.text.HAL_UART_Receive_IT)
    [Anonymous Symbol]                       0x08001ee8   Section        0  usart.o(.text.HAL_UART_RxCpltCallback)
    __arm_cp.3_0                             0x08001f3c   Number         4  usart.o(.text.HAL_UART_RxCpltCallback)
    __arm_cp.3_1                             0x08001f40   Number         4  usart.o(.text.HAL_UART_RxCpltCallback)
    __arm_cp.3_2                             0x08001f44   Number         4  usart.o(.text.HAL_UART_RxCpltCallback)
    [Anonymous Symbol]                       0x08001f48   Section        0  stm32f4xx_hal_uart.o(.text.HAL_UART_TxCpltCallback)
    [Anonymous Symbol]                       0x08001f4a   Section        0  stm32f4xx_it.o(.text.HardFault_Handler)
    LL_AHB1_GRP1_EnableClock                 0x08001f4d   Thumb Code    28  main.o(.text.LL_AHB1_GRP1_EnableClock)
    [Anonymous Symbol]                       0x08001f4c   Section        0  main.o(.text.LL_AHB1_GRP1_EnableClock)
    __arm_cp.3_0                             0x08001f64   Number         4  main.o(.text.LL_AHB1_GRP1_EnableClock)
    [Anonymous Symbol]                       0x08001f68   Section        0  stm32f4xx_ll_gpio.o(.text.LL_GPIO_Init)
    [Anonymous Symbol]                       0x08002088   Section        0  usb_device.o(.text.MX_USB_DEVICE_Init)
    __arm_cp.0_0                             0x080020b0   Number         4  usb_device.o(.text.MX_USB_DEVICE_Init)
    __arm_cp.0_1                             0x080020b4   Number         4  usb_device.o(.text.MX_USB_DEVICE_Init)
    __arm_cp.0_2                             0x080020b8   Number         4  usb_device.o(.text.MX_USB_DEVICE_Init)
    __arm_cp.0_3                             0x080020bc   Number         4  usb_device.o(.text.MX_USB_DEVICE_Init)
    [Anonymous Symbol]                       0x080020c0   Section        0  stm32f4xx_it.o(.text.MemManage_Handler)
    [Anonymous Symbol]                       0x080020c2   Section        0  stm32f4xx_it.o(.text.NMI_Handler)
    NVIC_SetPriority                         0x080020c5   Thumb Code    36  stm32f4xx_hal_cortex.o(.text.NVIC_SetPriority)
    [Anonymous Symbol]                       0x080020c4   Section        0  stm32f4xx_hal_cortex.o(.text.NVIC_SetPriority)
    __arm_cp.2_0                             0x080020e0   Number         4  stm32f4xx_hal_cortex.o(.text.NVIC_SetPriority)
    __arm_cp.2_1                             0x080020e4   Number         4  stm32f4xx_hal_cortex.o(.text.NVIC_SetPriority)
    [Anonymous Symbol]                       0x080020e8   Section        0  stm32f4xx_it.o(.text.OTG_FS_IRQHandler)
    __arm_cp.10_0                            0x080020f0   Number         4  stm32f4xx_it.o(.text.OTG_FS_IRQHandler)
    [Anonymous Symbol]                       0x080020f4   Section        0  stm32f4xx_it.o(.text.PendSV_Handler)
    [Anonymous Symbol]                       0x080020f6   Section        0  stm32f4xx_it.o(.text.SVC_Handler)
    [Anonymous Symbol]                       0x080020f8   Section        0  stm32f4xx_it.o(.text.SysTick_Handler)
    [Anonymous Symbol]                       0x080020fc   Section        0  main.o(.text.SystemClock_Config)
    __arm_cp.1_0                             0x0800218c   Number         4  main.o(.text.SystemClock_Config)
    __arm_cp.1_1                             0x08002190   Number         4  main.o(.text.SystemClock_Config)
    [Anonymous Symbol]                       0x08002194   Section        0  system_stm32f4xx.o(.text.SystemInit)
    __arm_cp.0_0                             0x080021d0   Number         4  system_stm32f4xx.o(.text.SystemInit)
    __arm_cp.0_1                             0x080021d4   Number         4  system_stm32f4xx.o(.text.SystemInit)
    __arm_cp.0_2                             0x080021d8   Number         4  system_stm32f4xx.o(.text.SystemInit)
    __arm_cp.0_3                             0x080021dc   Number         4  system_stm32f4xx.o(.text.SystemInit)
    UART_DMAAbortOnError                     0x080021e1   Thumb Code    12  stm32f4xx_hal_uart.o(.text.UART_DMAAbortOnError)
    [Anonymous Symbol]                       0x080021e0   Section        0  stm32f4xx_hal_uart.o(.text.UART_DMAAbortOnError)
    UART_EndRxTransfer                       0x080021ed   Thumb Code    26  stm32f4xx_hal_uart.o(.text.UART_EndRxTransfer)
    [Anonymous Symbol]                       0x080021ec   Section        0  stm32f4xx_hal_uart.o(.text.UART_EndRxTransfer)
    UART_Receive_IT                          0x08002207   Thumb Code   112  stm32f4xx_hal_uart.o(.text.UART_Receive_IT)
    [Anonymous Symbol]                       0x08002206   Section        0  stm32f4xx_hal_uart.o(.text.UART_Receive_IT)
    UART_SetConfig                           0x08002279   Thumb Code   380  stm32f4xx_hal_uart.o(.text.UART_SetConfig)
    [Anonymous Symbol]                       0x08002278   Section        0  stm32f4xx_hal_uart.o(.text.UART_SetConfig)
    __arm_cp.2_0                             0x080023e8   Number         4  stm32f4xx_hal_uart.o(.text.UART_SetConfig)
    __arm_cp.2_1                             0x080023ec   Number         4  stm32f4xx_hal_uart.o(.text.UART_SetConfig)
    __arm_cp.2_2                             0x080023f0   Number         4  stm32f4xx_hal_uart.o(.text.UART_SetConfig)
    [Anonymous Symbol]                       0x080023f4   Section        0  usart.o(.text.USART1_IRQHandler)
    __arm_cp.4_0                             0x08002430   Number         4  usart.o(.text.USART1_IRQHandler)
    __arm_cp.4_1                             0x08002434   Number         4  usart.o(.text.USART1_IRQHandler)
    USBD_CDC_DataIn                          0x08002439   Thumb Code    18  usbd_cdc.o(.text.USBD_CDC_DataIn)
    [Anonymous Symbol]                       0x08002438   Section        0  usbd_cdc.o(.text.USBD_CDC_DataIn)
    USBD_CDC_DataOut                         0x0800244b   Thumb Code    46  usbd_cdc.o(.text.USBD_CDC_DataOut)
    [Anonymous Symbol]                       0x0800244a   Section        0  usbd_cdc.o(.text.USBD_CDC_DataOut)
    USBD_CDC_DeInit                          0x08002479   Thumb Code    60  usbd_cdc.o(.text.USBD_CDC_DeInit)
    [Anonymous Symbol]                       0x08002478   Section        0  usbd_cdc.o(.text.USBD_CDC_DeInit)
    __arm_cp.1_0                             0x080024b0   Number         4  usbd_cdc.o(.text.USBD_CDC_DeInit)
    USBD_CDC_EP0_RxReady                     0x080024b5   Thumb Code    40  usbd_cdc.o(.text.USBD_CDC_EP0_RxReady)
    [Anonymous Symbol]                       0x080024b4   Section        0  usbd_cdc.o(.text.USBD_CDC_EP0_RxReady)
    [Anonymous Symbol]                       0x080024dc   Section        0  usbd_cdc.o(.text.USBD_CDC_GetDeviceQualifierDescriptor)
    __arm_cp.9_0                             0x080024e4   Number         4  usbd_cdc.o(.text.USBD_CDC_GetDeviceQualifierDescriptor)
    USBD_CDC_GetFSCfgDesc                    0x080024e9   Thumb Code    12  usbd_cdc.o(.text.USBD_CDC_GetFSCfgDesc)
    [Anonymous Symbol]                       0x080024e8   Section        0  usbd_cdc.o(.text.USBD_CDC_GetFSCfgDesc)
    __arm_cp.7_0                             0x080024f0   Number         4  usbd_cdc.o(.text.USBD_CDC_GetFSCfgDesc)
    USBD_CDC_GetHSCfgDesc                    0x080024f5   Thumb Code    12  usbd_cdc.o(.text.USBD_CDC_GetHSCfgDesc)
    [Anonymous Symbol]                       0x080024f4   Section        0  usbd_cdc.o(.text.USBD_CDC_GetHSCfgDesc)
    __arm_cp.6_0                             0x080024fc   Number         4  usbd_cdc.o(.text.USBD_CDC_GetHSCfgDesc)
    USBD_CDC_GetOtherSpeedCfgDesc            0x08002501   Thumb Code    12  usbd_cdc.o(.text.USBD_CDC_GetOtherSpeedCfgDesc)
    [Anonymous Symbol]                       0x08002500   Section        0  usbd_cdc.o(.text.USBD_CDC_GetOtherSpeedCfgDesc)
    __arm_cp.8_0                             0x08002508   Number         4  usbd_cdc.o(.text.USBD_CDC_GetOtherSpeedCfgDesc)
    USBD_CDC_Init                            0x0800250d   Thumb Code   138  usbd_cdc.o(.text.USBD_CDC_Init)
    [Anonymous Symbol]                       0x0800250c   Section        0  usbd_cdc.o(.text.USBD_CDC_Init)
    [Anonymous Symbol]                       0x08002596   Section        0  usbd_cdc.o(.text.USBD_CDC_ReceivePacket)
    [Anonymous Symbol]                       0x080025be   Section        0  usbd_cdc.o(.text.USBD_CDC_RegisterInterface)
    [Anonymous Symbol]                       0x080025cc   Section        0  usbd_cdc.o(.text.USBD_CDC_SetRxBuffer)
    [Anonymous Symbol]                       0x080025d8   Section        0  usbd_cdc.o(.text.USBD_CDC_SetTxBuffer)
    USBD_CDC_Setup                           0x080025e9   Thumb Code   112  usbd_cdc.o(.text.USBD_CDC_Setup)
    [Anonymous Symbol]                       0x080025e8   Section        0  usbd_cdc.o(.text.USBD_CDC_Setup)
    __arm_cp.2_0                             0x08002654   Number         4  usbd_cdc.o(.text.USBD_CDC_Setup)
    [Anonymous Symbol]                       0x08002658   Section        0  usbd_core.o(.text.USBD_ClrClassConfig)
    [Anonymous Symbol]                       0x08002666   Section        0  usbd_ioreq.o(.text.USBD_CtlContinueRx)
    [Anonymous Symbol]                       0x08002676   Section        0  usbd_ioreq.o(.text.USBD_CtlContinueSendData)
    [Anonymous Symbol]                       0x08002686   Section        0  usbd_ctlreq.o(.text.USBD_CtlError)
    [Anonymous Symbol]                       0x0800269c   Section        0  usbd_ioreq.o(.text.USBD_CtlPrepareRx)
    [Anonymous Symbol]                       0x080026b6   Section        0  usbd_ioreq.o(.text.USBD_CtlReceiveStatus)
    [Anonymous Symbol]                       0x080026cc   Section        0  usbd_ioreq.o(.text.USBD_CtlSendData)
    [Anonymous Symbol]                       0x080026e6   Section        0  usbd_ioreq.o(.text.USBD_CtlSendStatus)
    [Anonymous Symbol]                       0x080026fc   Section        0  usbd_desc.o(.text.USBD_FS_ConfigStrDescriptor)
    __arm_cp.5_0                             0x08002710   Number         4  usbd_desc.o(.text.USBD_FS_ConfigStrDescriptor)
    [Anonymous Symbol]                       0x08002720   Section        0  usbd_desc.o(.text.USBD_FS_DeviceDescriptor)
    __arm_cp.0_0                             0x08002728   Number         4  usbd_desc.o(.text.USBD_FS_DeviceDescriptor)
    [Anonymous Symbol]                       0x0800272c   Section        0  usbd_desc.o(.text.USBD_FS_InterfaceStrDescriptor)
    __arm_cp.6_0                             0x08002740   Number         4  usbd_desc.o(.text.USBD_FS_InterfaceStrDescriptor)
    [Anonymous Symbol]                       0x08002754   Section        0  usbd_desc.o(.text.USBD_FS_LangIDStrDescriptor)
    __arm_cp.1_0                             0x0800275c   Number         4  usbd_desc.o(.text.USBD_FS_LangIDStrDescriptor)
    [Anonymous Symbol]                       0x08002760   Section        0  usbd_desc.o(.text.USBD_FS_ManufacturerStrDescriptor)
    __arm_cp.2_0                             0x08002774   Number         4  usbd_desc.o(.text.USBD_FS_ManufacturerStrDescriptor)
    [Anonymous Symbol]                       0x0800278c   Section        0  usbd_desc.o(.text.USBD_FS_ProductStrDescriptor)
    __arm_cp.3_0                             0x080027a0   Number         4  usbd_desc.o(.text.USBD_FS_ProductStrDescriptor)
    [Anonymous Symbol]                       0x080027bc   Section        0  usbd_desc.o(.text.USBD_FS_SerialStrDescriptor)
    __arm_cp.4_0                             0x080027d0   Number         4  usbd_desc.o(.text.USBD_FS_SerialStrDescriptor)
    [Anonymous Symbol]                       0x080027e4   Section        0  usbd_ctlreq.o(.text.USBD_GetString)
    [Anonymous Symbol]                       0x08002840   Section        0  usbd_core.o(.text.USBD_Init)
    [Anonymous Symbol]                       0x0800286c   Section        0  usbd_conf.o(.text.USBD_LL_ClearStallEP)
    [Anonymous Symbol]                       0x0800288c   Section        0  usbd_conf.o(.text.USBD_LL_CloseEP)
    [Anonymous Symbol]                       0x080028ac   Section        0  usbd_core.o(.text.USBD_LL_DataInStage)
    [Anonymous Symbol]                       0x0800294e   Section        0  usbd_core.o(.text.USBD_LL_DataOutStage)
    [Anonymous Symbol]                       0x080029b2   Section        0  usbd_core.o(.text.USBD_LL_DevConnected)
    [Anonymous Symbol]                       0x080029b6   Section        0  usbd_core.o(.text.USBD_LL_DevDisconnected)
    [Anonymous Symbol]                       0x080029cc   Section        0  usbd_conf.o(.text.USBD_LL_GetRxDataSize)
    [Anonymous Symbol]                       0x080029d8   Section        0  usbd_conf.o(.text.USBD_LL_Init)
    __arm_cp.13_0                            0x08002a3c   Number         4  usbd_conf.o(.text.USBD_LL_Init)
    [Anonymous Symbol]                       0x08002a40   Section        0  usbd_conf.o(.text.USBD_LL_IsStallEP)
    [Anonymous Symbol]                       0x08002a60   Section        0  usbd_core.o(.text.USBD_LL_IsoINIncomplete)
    [Anonymous Symbol]                       0x08002a64   Section        0  usbd_core.o(.text.USBD_LL_IsoOUTIncomplete)
    [Anonymous Symbol]                       0x08002a68   Section        0  usbd_conf.o(.text.USBD_LL_OpenEP)
    [Anonymous Symbol]                       0x08002a8c   Section        0  usbd_conf.o(.text.USBD_LL_PrepareReceive)
    [Anonymous Symbol]                       0x08002aac   Section        0  usbd_core.o(.text.USBD_LL_Reset)
    [Anonymous Symbol]                       0x08002aea   Section        0  usbd_core.o(.text.USBD_LL_Resume)
    [Anonymous Symbol]                       0x08002af6   Section        0  usbd_core.o(.text.USBD_LL_SOF)
    [Anonymous Symbol]                       0x08002b12   Section        0  usbd_core.o(.text.USBD_LL_SetSpeed)
    [Anonymous Symbol]                       0x08002b18   Section        0  usbd_conf.o(.text.USBD_LL_SetUSBAddress)
    [Anonymous Symbol]                       0x08002b38   Section        0  usbd_core.o(.text.USBD_LL_SetupStage)
    [Anonymous Symbol]                       0x08002b90   Section        0  usbd_conf.o(.text.USBD_LL_StallEP)
    [Anonymous Symbol]                       0x08002bb0   Section        0  usbd_conf.o(.text.USBD_LL_Start)
    [Anonymous Symbol]                       0x08002bd0   Section        0  usbd_core.o(.text.USBD_LL_Suspend)
    [Anonymous Symbol]                       0x08002be4   Section        0  usbd_conf.o(.text.USBD_LL_Transmit)
    __arm_cp.24_0                            0x08002c04   Number         4  usbd_conf.o(.text.USBD_LL_Transmit)
    [Anonymous Symbol]                       0x08002c08   Section        0  usbd_ctlreq.o(.text.USBD_ParseSetupRequest)
    [Anonymous Symbol]                       0x08002c1e   Section        0  usbd_core.o(.text.USBD_RegisterClass)
    [Anonymous Symbol]                       0x08002c2c   Section        0  usbd_core.o(.text.USBD_SetClassConfig)
    [Anonymous Symbol]                       0x08002c46   Section        0  usbd_core.o(.text.USBD_Start)
    [Anonymous Symbol]                       0x08002c50   Section        0  usbd_ctlreq.o(.text.USBD_StdDevReq)
    __arm_cp.0_0                             0x08002e7c   Number         4  usbd_ctlreq.o(.text.USBD_StdDevReq)
    [Anonymous Symbol]                       0x08002e80   Section        0  usbd_ctlreq.o(.text.USBD_StdEPReq)
    [Anonymous Symbol]                       0x08002f52   Section        0  usbd_ctlreq.o(.text.USBD_StdItfReq)
    [Anonymous Symbol]                       0x08002f8c   Section        0  stm32f4xx_ll_usb.o(.text.USB_ActivateEndpoint)
    __arm_cp.10_0                            0x08003010   Number         4  stm32f4xx_ll_usb.o(.text.USB_ActivateEndpoint)
    [Anonymous Symbol]                       0x08003014   Section        0  stm32f4xx_ll_usb.o(.text.USB_ActivateSetup)
    [Anonymous Symbol]                       0x0800304c   Section        0  stm32f4xx_ll_usb.o(.text.USB_CoreInit)
    __arm_cp.0_0                             0x080030b4   Number         4  stm32f4xx_ll_usb.o(.text.USB_CoreInit)
    USB_CoreReset                            0x080030b9   Thumb Code    52  stm32f4xx_ll_usb.o(.text.USB_CoreReset)
    [Anonymous Symbol]                       0x080030b8   Section        0  stm32f4xx_ll_usb.o(.text.USB_CoreReset)
    [Anonymous Symbol]                       0x080030e8   Section        0  stm32f4xx_ll_usb.o(.text.USB_DeactivateEndpoint)
    __arm_cp.12_0                            0x080031a8   Number         4  stm32f4xx_ll_usb.o(.text.USB_DeactivateEndpoint)
    __arm_cp.12_1                            0x080031ac   Number         4  stm32f4xx_ll_usb.o(.text.USB_DeactivateEndpoint)
    [Anonymous Symbol]                       0x080031b0   Section        0  stm32f4xx_ll_usb.o(.text.USB_DevConnect)
    [Anonymous Symbol]                       0x080031c8   Section        0  stm32f4xx_ll_usb.o(.text.USB_DevDisconnect)
    [Anonymous Symbol]                       0x080031e0   Section        0  stm32f4xx_ll_usb.o(.text.USB_DevInit)
    __arm_cp.5_0                             0x08003320   Number         4  stm32f4xx_ll_usb.o(.text.USB_DevInit)
    __arm_cp.5_1                             0x08003324   Number         4  stm32f4xx_ll_usb.o(.text.USB_DevInit)
    __arm_cp.5_2                             0x08003328   Number         4  stm32f4xx_ll_usb.o(.text.USB_DevInit)
    __arm_cp.5_3                             0x0800332c   Number         4  stm32f4xx_ll_usb.o(.text.USB_DevInit)
    [Anonymous Symbol]                       0x08003330   Section        0  stm32f4xx_ll_usb.o(.text.USB_DisableGlobalInt)
    [Anonymous Symbol]                       0x0800333c   Section        0  stm32f4xx_ll_usb.o(.text.USB_EP0StartXfer)
    __arm_cp.16_0                            0x0800342c   Number         4  stm32f4xx_ll_usb.o(.text.USB_EP0StartXfer)
    [Anonymous Symbol]                       0x08003430   Section        0  stm32f4xx_ll_usb.o(.text.USB_EP0_OutStart)
    [Anonymous Symbol]                       0x0800346e   Section        0  stm32f4xx_ll_usb.o(.text.USB_EPClearStall)
    [Anonymous Symbol]                       0x0800349e   Section        0  stm32f4xx_ll_usb.o(.text.USB_EPSetStall)
    [Anonymous Symbol]                       0x080034d4   Section        0  stm32f4xx_ll_usb.o(.text.USB_EPStartXfer)
    __arm_cp.14_0                            0x0800364c   Number         4  stm32f4xx_ll_usb.o(.text.USB_EPStartXfer)
    [Anonymous Symbol]                       0x08003650   Section        0  stm32f4xx_ll_usb.o(.text.USB_EnableGlobalInt)
    [Anonymous Symbol]                       0x0800365c   Section        0  stm32f4xx_ll_usb.o(.text.USB_FlushRxFifo)
    [Anonymous Symbol]                       0x0800367c   Section        0  stm32f4xx_ll_usb.o(.text.USB_FlushTxFifo)
    __arm_cp.7_0                             0x080036a0   Number         4  stm32f4xx_ll_usb.o(.text.USB_FlushTxFifo)
    [Anonymous Symbol]                       0x080036a4   Section        0  stm32f4xx_ll_usb.o(.text.USB_GetDevSpeed)
    [Anonymous Symbol]                       0x080036e2   Section        0  stm32f4xx_ll_usb.o(.text.USB_GetMode)
    [Anonymous Symbol]                       0x080036ea   Section        0  stm32f4xx_ll_usb.o(.text.USB_ReadDevAllInEpInterrupt)
    [Anonymous Symbol]                       0x080036f8   Section        0  stm32f4xx_ll_usb.o(.text.USB_ReadDevAllOutEpInterrupt)
    [Anonymous Symbol]                       0x08003706   Section        0  stm32f4xx_ll_usb.o(.text.USB_ReadDevInEPInterrupt)
    [Anonymous Symbol]                       0x08003722   Section        0  stm32f4xx_ll_usb.o(.text.USB_ReadDevOutEPInterrupt)
    [Anonymous Symbol]                       0x08003732   Section        0  stm32f4xx_ll_usb.o(.text.USB_ReadInterrupts)
    [Anonymous Symbol]                       0x0800373a   Section        0  stm32f4xx_ll_usb.o(.text.USB_ReadPacket)
    [Anonymous Symbol]                       0x08003754   Section        0  stm32f4xx_ll_usb.o(.text.USB_SetCurrentMode)
    [Anonymous Symbol]                       0x0800377e   Section        0  stm32f4xx_ll_usb.o(.text.USB_SetDevAddress)
    [Anonymous Symbol]                       0x0800379e   Section        0  stm32f4xx_ll_usb.o(.text.USB_WritePacket)
    [Anonymous Symbol]                       0x080037c6   Section        0  stm32f4xx_it.o(.text.UsageFault_Handler)
    [Anonymous Symbol]                       0x080037c8   Section        0  delay.o(.text.delay_init)
    [Anonymous Symbol]                       0x080037d8   Section        0  delay.o(.text.delay_ms)
    [Anonymous Symbol]                       0x080037f0   Section        0  delay.o(.text.delay_us)
    __arm_cp.1_0                             0x08003820   Number         4  delay.o(.text.delay_us)
    __arm_cp.1_1                             0x08003824   Number         4  delay.o(.text.delay_us)
    [Anonymous Symbol]                       0x08003828   Section        0  led.o(.text.led_blue_toggle)
    __arm_cp.5_0                             0x08003834   Number         4  led.o(.text.led_blue_toggle)
    [Anonymous Symbol]                       0x08003838   Section        0  main.o(.text.main)
    __arm_cp.0_0                             0x08003934   Number         4  main.o(.text.main)
    __arm_cp.0_1                             0x08003938   Number         4  main.o(.text.main)
    __arm_cp.0_2                             0x0800393c   Number         4  main.o(.text.main)
    __arm_cp.0_3                             0x08003940   Number         4  main.o(.text.main)
    __arm_cp.0_4                             0x08003944   Number         4  main.o(.text.main)
    __arm_cp.0_5                             0x08003948   Number         4  main.o(.text.main)
    __arm_cp.0_6                             0x0800394c   Number         4  main.o(.text.main)
    __arm_cp.0_7                             0x08003950   Number         4  main.o(.text.main)
    i.__scatterload_copy                     0x08003954   Section       14  handlers.o(i.__scatterload_copy)
    i.__scatterload_null                     0x08003962   Section        2  handlers.o(i.__scatterload_null)
    i.__scatterload_zeroinit                 0x08003964   Section       14  handlers.o(i.__scatterload_zeroinit)
    i.free                                   0x08003974   Section        0  malloc.o(i.free)
    i.malloc                                 0x080039c4   Section        0  malloc.o(i.malloc)
    .data                                    0x20000000   Section        4  mvars.o(.data)
    .data                                    0x20000004   Section        4  mvars.o(.data)
    [Anonymous Symbol]                       0x20000008   Section        0  stm32f4xx_hal.o(.data..L_MergedGlobals)
    USBD_CDC_DeviceQualifierDesc             0x200000f0   Data          10  usbd_cdc.o(.data.USBD_CDC_DeviceQualifierDesc)
    [Anonymous Symbol]                       0x200000f0   Section        0  usbd_cdc.o(.data.USBD_CDC_DeviceQualifierDesc)
    [Anonymous Symbol]                       0x20000168   Section        0  usart.o(.bss..L_MergedGlobals)
    USBD_CDC_Setup.ifalt                     0x20000274   Data           1  usbd_cdc.o(.bss.USBD_CDC_Setup.ifalt)
    [Anonymous Symbol]                       0x20000274   Section        0  usbd_cdc.o(.bss.USBD_CDC_Setup.ifalt)
    USBD_SetConfig.cfgidx                    0x20000275   Data           1  usbd_ctlreq.o(.bss.USBD_SetConfig.cfgidx)
    [Anonymous Symbol]                       0x20000275   Section        0  usbd_ctlreq.o(.bss.USBD_SetConfig.cfgidx)
    fac_us                                   0x20001478   Data           4  delay.o(.bss.fac_us)
    [Anonymous Symbol]                       0x20001478   Section        0  delay.o(.bss.fac_us)
    HEAP                                     0x20001bd0   Section     1024  startup_stm32f407xx.o(HEAP)
    STACK                                    0x20001fd0   Section     2048  startup_stm32f407xx.o(STACK)

    Global Symbols

    Symbol Name                              Value     Ov Type        Size  Object(Section)

    BuildAttributes$$THM_ISAv4$E$P$D$K$B$S$7EM$VFPi3$EXTD16$VFPS$VFMA$PE$A:L22UL41UL21$X:L11$S22US41US21$IEEE1$IW$~IW$USESV6$~STKCKD$USESV7$~SHL$OSPACE$EBA8$MICROLIB$REQ8$PRES8$EABIv2 0x00000000   Number         0  anon$$obj.o ABSOLUTE
    __cpp_initialize__aeabi_                  - Undefined Weak Reference
    __cxa_finalize                            - Undefined Weak Reference
    _clock_init                               - Undefined Weak Reference
    _microlib_exit                            - Undefined Weak Reference
    __Vectors_Size                           0x00000188   Number         0  startup_stm32f407xx.o ABSOLUTE
    __Vectors                                0x08000000   Data           4  startup_stm32f407xx.o(RESET)
    __Vectors_End                            0x08000188   Data           0  startup_stm32f407xx.o(RESET)
    __main                                   0x08000189   Thumb Code     0  entry.o(.ARM.Collect$$$$00000000)
    _main_stk                                0x08000189   Thumb Code     0  entry2.o(.ARM.Collect$$$$00000001)
    _main_scatterload                        0x0800018d   Thumb Code     0  entry5.o(.ARM.Collect$$$$00000004)
    __main_after_scatterload                 0x08000191   Thumb Code     0  entry5.o(.ARM.Collect$$$$00000004)
    _main_clock                              0x08000191   Thumb Code     0  entry7b.o(.ARM.Collect$$$$00000008)
    _main_cpp_init                           0x08000191   Thumb Code     0  entry8b.o(.ARM.Collect$$$$0000000A)
    _main_init                               0x08000191   Thumb Code     0  entry9a.o(.ARM.Collect$$$$0000000B)
    __rt_final_cpp                           0x08000199   Thumb Code     0  entry10a.o(.ARM.Collect$$$$0000000D)
    __rt_final_exit                          0x08000199   Thumb Code     0  entry11a.o(.ARM.Collect$$$$0000000F)
    Reset_Handler                            0x0800019d   Thumb Code     8  startup_stm32f407xx.o(.text)
    ADC_IRQHandler                           0x080001b7   Thumb Code     0  startup_stm32f407xx.o(.text)
    CAN1_RX0_IRQHandler                      0x080001b7   Thumb Code     0  startup_stm32f407xx.o(.text)
    CAN1_RX1_IRQHandler                      0x080001b7   Thumb Code     0  startup_stm32f407xx.o(.text)
    CAN1_SCE_IRQHandler                      0x080001b7   Thumb Code     0  startup_stm32f407xx.o(.text)
    CAN1_TX_IRQHandler                       0x080001b7   Thumb Code     0  startup_stm32f407xx.o(.text)
    CAN2_RX0_IRQHandler                      0x080001b7   Thumb Code     0  startup_stm32f407xx.o(.text)
    CAN2_RX1_IRQHandler                      0x080001b7   Thumb Code     0  startup_stm32f407xx.o(.text)
    CAN2_SCE_IRQHandler                      0x080001b7   Thumb Code     0  startup_stm32f407xx.o(.text)
    CAN2_TX_IRQHandler                       0x080001b7   Thumb Code     0  startup_stm32f407xx.o(.text)
    DCMI_IRQHandler                          0x080001b7   Thumb Code     0  startup_stm32f407xx.o(.text)
    DMA1_Stream0_IRQHandler                  0x080001b7   Thumb Code     0  startup_stm32f407xx.o(.text)
    DMA1_Stream1_IRQHandler                  0x080001b7   Thumb Code     0  startup_stm32f407xx.o(.text)
    DMA1_Stream2_IRQHandler                  0x080001b7   Thumb Code     0  startup_stm32f407xx.o(.text)
    DMA1_Stream3_IRQHandler                  0x080001b7   Thumb Code     0  startup_stm32f407xx.o(.text)
    DMA1_Stream4_IRQHandler                  0x080001b7   Thumb Code     0  startup_stm32f407xx.o(.text)
    DMA1_Stream5_IRQHandler                  0x080001b7   Thumb Code     0  startup_stm32f407xx.o(.text)
    DMA1_Stream6_IRQHandler                  0x080001b7   Thumb Code     0  startup_stm32f407xx.o(.text)
    DMA1_Stream7_IRQHandler                  0x080001b7   Thumb Code     0  startup_stm32f407xx.o(.text)
    DMA2_Stream0_IRQHandler                  0x080001b7   Thumb Code     0  startup_stm32f407xx.o(.text)
    DMA2_Stream2_IRQHandler                  0x080001b7   Thumb Code     0  startup_stm32f407xx.o(.text)
    DMA2_Stream3_IRQHandler                  0x080001b7   Thumb Code     0  startup_stm32f407xx.o(.text)
    DMA2_Stream4_IRQHandler                  0x080001b7   Thumb Code     0  startup_stm32f407xx.o(.text)
    DMA2_Stream5_IRQHandler                  0x080001b7   Thumb Code     0  startup_stm32f407xx.o(.text)
    DMA2_Stream6_IRQHandler                  0x080001b7   Thumb Code     0  startup_stm32f407xx.o(.text)
    DMA2_Stream7_IRQHandler                  0x080001b7   Thumb Code     0  startup_stm32f407xx.o(.text)
    ETH_IRQHandler                           0x080001b7   Thumb Code     0  startup_stm32f407xx.o(.text)
    ETH_WKUP_IRQHandler                      0x080001b7   Thumb Code     0  startup_stm32f407xx.o(.text)
    EXTI0_IRQHandler                         0x080001b7   Thumb Code     0  startup_stm32f407xx.o(.text)
    EXTI15_10_IRQHandler                     0x080001b7   Thumb Code     0  startup_stm32f407xx.o(.text)
    EXTI1_IRQHandler                         0x080001b7   Thumb Code     0  startup_stm32f407xx.o(.text)
    EXTI2_IRQHandler                         0x080001b7   Thumb Code     0  startup_stm32f407xx.o(.text)
    EXTI3_IRQHandler                         0x080001b7   Thumb Code     0  startup_stm32f407xx.o(.text)
    EXTI4_IRQHandler                         0x080001b7   Thumb Code     0  startup_stm32f407xx.o(.text)
    EXTI9_5_IRQHandler                       0x080001b7   Thumb Code     0  startup_stm32f407xx.o(.text)
    FLASH_IRQHandler                         0x080001b7   Thumb Code     0  startup_stm32f407xx.o(.text)
    FMC_IRQHandler                           0x080001b7   Thumb Code     0  startup_stm32f407xx.o(.text)
    FPU_IRQHandler                           0x080001b7   Thumb Code     0  startup_stm32f407xx.o(.text)
    HASH_RNG_IRQHandler                      0x080001b7   Thumb Code     0  startup_stm32f407xx.o(.text)
    I2C1_ER_IRQHandler                       0x080001b7   Thumb Code     0  startup_stm32f407xx.o(.text)
    I2C1_EV_IRQHandler                       0x080001b7   Thumb Code     0  startup_stm32f407xx.o(.text)
    I2C2_ER_IRQHandler                       0x080001b7   Thumb Code     0  startup_stm32f407xx.o(.text)
    I2C2_EV_IRQHandler                       0x080001b7   Thumb Code     0  startup_stm32f407xx.o(.text)
    I2C3_ER_IRQHandler                       0x080001b7   Thumb Code     0  startup_stm32f407xx.o(.text)
    I2C3_EV_IRQHandler                       0x080001b7   Thumb Code     0  startup_stm32f407xx.o(.text)
    OTG_FS_WKUP_IRQHandler                   0x080001b7   Thumb Code     0  startup_stm32f407xx.o(.text)
    OTG_HS_EP1_IN_IRQHandler                 0x080001b7   Thumb Code     0  startup_stm32f407xx.o(.text)
    OTG_HS_EP1_OUT_IRQHandler                0x080001b7   Thumb Code     0  startup_stm32f407xx.o(.text)
    OTG_HS_IRQHandler                        0x080001b7   Thumb Code     0  startup_stm32f407xx.o(.text)
    OTG_HS_WKUP_IRQHandler                   0x080001b7   Thumb Code     0  startup_stm32f407xx.o(.text)
    PVD_IRQHandler                           0x080001b7   Thumb Code     0  startup_stm32f407xx.o(.text)
    RCC_IRQHandler                           0x080001b7   Thumb Code     0  startup_stm32f407xx.o(.text)
    RTC_Alarm_IRQHandler                     0x080001b7   Thumb Code     0  startup_stm32f407xx.o(.text)
    RTC_WKUP_IRQHandler                      0x080001b7   Thumb Code     0  startup_stm32f407xx.o(.text)
    SDIO_IRQHandler                          0x080001b7   Thumb Code     0  startup_stm32f407xx.o(.text)
    SPI1_IRQHandler                          0x080001b7   Thumb Code     0  startup_stm32f407xx.o(.text)
    SPI2_IRQHandler                          0x080001b7   Thumb Code     0  startup_stm32f407xx.o(.text)
    SPI3_IRQHandler                          0x080001b7   Thumb Code     0  startup_stm32f407xx.o(.text)
    TAMP_STAMP_IRQHandler                    0x080001b7   Thumb Code     0  startup_stm32f407xx.o(.text)
    TIM1_BRK_TIM9_IRQHandler                 0x080001b7   Thumb Code     0  startup_stm32f407xx.o(.text)
    TIM1_CC_IRQHandler                       0x080001b7   Thumb Code     0  startup_stm32f407xx.o(.text)
    TIM1_TRG_COM_TIM11_IRQHandler            0x080001b7   Thumb Code     0  startup_stm32f407xx.o(.text)
    TIM1_UP_TIM10_IRQHandler                 0x080001b7   Thumb Code     0  startup_stm32f407xx.o(.text)
    TIM2_IRQHandler                          0x080001b7   Thumb Code     0  startup_stm32f407xx.o(.text)
    TIM3_IRQHandler                          0x080001b7   Thumb Code     0  startup_stm32f407xx.o(.text)
    TIM4_IRQHandler                          0x080001b7   Thumb Code     0  startup_stm32f407xx.o(.text)
    TIM5_IRQHandler                          0x080001b7   Thumb Code     0  startup_stm32f407xx.o(.text)
    TIM6_DAC_IRQHandler                      0x080001b7   Thumb Code     0  startup_stm32f407xx.o(.text)
    TIM7_IRQHandler                          0x080001b7   Thumb Code     0  startup_stm32f407xx.o(.text)
    TIM8_BRK_TIM12_IRQHandler                0x080001b7   Thumb Code     0  startup_stm32f407xx.o(.text)
    TIM8_CC_IRQHandler                       0x080001b7   Thumb Code     0  startup_stm32f407xx.o(.text)
    TIM8_TRG_COM_TIM14_IRQHandler            0x080001b7   Thumb Code     0  startup_stm32f407xx.o(.text)
    TIM8_UP_TIM13_IRQHandler                 0x080001b7   Thumb Code     0  startup_stm32f407xx.o(.text)
    UART4_IRQHandler                         0x080001b7   Thumb Code     0  startup_stm32f407xx.o(.text)
    UART5_IRQHandler                         0x080001b7   Thumb Code     0  startup_stm32f407xx.o(.text)
    USART2_IRQHandler                        0x080001b7   Thumb Code     0  startup_stm32f407xx.o(.text)
    USART3_IRQHandler                        0x080001b7   Thumb Code     0  startup_stm32f407xx.o(.text)
    USART6_IRQHandler                        0x080001b7   Thumb Code     0  startup_stm32f407xx.o(.text)
    WWDG_IRQHandler                          0x080001b7   Thumb Code     0  startup_stm32f407xx.o(.text)
    __aeabi_uldivmod                         0x080001c1   Thumb Code    98  uldiv.o(.text)
    __aeabi_memset                           0x08000223   Thumb Code    14  memseta.o(.text)
    __aeabi_memset4                          0x08000223   Thumb Code     0  memseta.o(.text)
    __aeabi_memset8                          0x08000223   Thumb Code     0  memseta.o(.text)
    __aeabi_memclr                           0x08000231   Thumb Code     4  memseta.o(.text)
    __aeabi_memclr4                          0x08000231   Thumb Code     0  memseta.o(.text)
    __aeabi_memclr8                          0x08000231   Thumb Code     0  memseta.o(.text)
    _memset$wrapper                          0x08000235   Thumb Code    18  memseta.o(.text)
    __aeabi_llsl                             0x08000247   Thumb Code    30  llshl.o(.text)
    _ll_shift_l                              0x08000247   Thumb Code     0  llshl.o(.text)
    __aeabi_llsr                             0x08000265   Thumb Code    32  llushr.o(.text)
    _ll_ushift_r                             0x08000265   Thumb Code     0  llushr.o(.text)
    __scatterload                            0x08000285   Thumb Code    28  init.o(.text)
    __scatterload_rt2                        0x08000285   Thumb Code     0  init.o(.text)
    __decompress                             0x080002a9   Thumb Code     0  __dczerorl2.o(.text)
    __decompress1                            0x080002a9   Thumb Code    86  __dczerorl2.o(.text)
    BusFault_Handler                         0x080002ff   Thumb Code     2  stm32f4xx_it.o(.text.BusFault_Handler)
    DMA2_Stream1_IRQHandler                  0x08000349   Thumb Code    12  stm32f4xx_it.o(.text.DMA2_Stream1_IRQHandler)
    DebugMon_Handler                         0x08000381   Thumb Code     2  stm32f4xx_it.o(.text.DebugMon_Handler)
    Error_Handler                            0x08000383   Thumb Code     2  main.o(.text.Error_Handler)
    HAL_DCMI_Init                            0x08000385   Thumb Code   112  stm32f4xx_hal_dcmi_ex.o(.text.HAL_DCMI_Init)
    HAL_DCMI_MspInit                         0x080003f5   Thumb Code   336  stm32f4xx_hal_msp.o(.text.HAL_DCMI_MspInit)
    HAL_DMA_Abort_IT                         0x08000545   Thumb Code    36  stm32f4xx_hal_dma.o(.text.HAL_DMA_Abort_IT)
    HAL_DMA_IRQHandler                       0x08000569   Thumb Code   368  stm32f4xx_hal_dma.o(.text.HAL_DMA_IRQHandler)
    HAL_DMA_Init                             0x080006d9   Thumb Code   296  stm32f4xx_hal_dma.o(.text.HAL_DMA_Init)
    HAL_Delay                                0x08000801   Thumb Code    36  stm32f4xx_hal.o(.text.HAL_Delay)
    HAL_GPIO_Init                            0x08000821   Thumb Code   396  stm32f4xx_hal_gpio.o(.text.HAL_GPIO_Init)
    HAL_GetTick                              0x080009ad   Thumb Code    12  stm32f4xx_hal.o(.text.HAL_GetTick)
    HAL_IncTick                              0x080009b5   Thumb Code    24  stm32f4xx_hal.o(.text.HAL_IncTick)
    HAL_Init                                 0x080009c9   Thumb Code    52  stm32f4xx_hal.o(.text.HAL_Init)
    HAL_InitTick                             0x080009fd   Thumb Code    64  stm32f4xx_hal.o(.text.HAL_InitTick)
    HAL_MspInit                              0x08000a3d   Thumb Code    56  stm32f4xx_hal_msp.o(.text.HAL_MspInit)
    HAL_MultiProcessor_Init                  0x08000a75   Thumb Code   124  stm32f4xx_hal_uart.o(.text.HAL_MultiProcessor_Init)
    HAL_NVIC_EnableIRQ                       0x08000af1   Thumb Code    24  stm32f4xx_hal_cortex.o(.text.HAL_NVIC_EnableIRQ)
    HAL_NVIC_SetPriority                     0x08000b09   Thumb Code    64  stm32f4xx_hal_cortex.o(.text.HAL_NVIC_SetPriority)
    HAL_NVIC_SetPriorityGrouping             0x08000b45   Thumb Code    32  stm32f4xx_hal_cortex.o(.text.HAL_NVIC_SetPriorityGrouping)
    HAL_PCDEx_SetRxFiFo                      0x08000b65   Thumb Code     8  stm32f4xx_hal_pcd_ex.o(.text.HAL_PCDEx_SetRxFiFo)
    HAL_PCDEx_SetTxFiFo                      0x08000b6d   Thumb Code    80  stm32f4xx_hal_pcd_ex.o(.text.HAL_PCDEx_SetTxFiFo)
    HAL_PCD_ConnectCallback                  0x08000bbd   Thumb Code     8  usbd_conf.o(.text.HAL_PCD_ConnectCallback)
    HAL_PCD_DataInStageCallback              0x08000bc5   Thumb Code    18  usbd_conf.o(.text.HAL_PCD_DataInStageCallback)
    HAL_PCD_DataOutStageCallback             0x08000bd7   Thumb Code    20  usbd_conf.o(.text.HAL_PCD_DataOutStageCallback)
    HAL_PCD_DisconnectCallback               0x08000beb   Thumb Code     8  usbd_conf.o(.text.HAL_PCD_DisconnectCallback)
    HAL_PCD_EP_Close                         0x08000bf3   Thumb Code    72  stm32f4xx_hal_pcd.o(.text.HAL_PCD_EP_Close)
    HAL_PCD_EP_ClrStall                      0x08000c3b   Thumb Code    82  stm32f4xx_hal_pcd.o(.text.HAL_PCD_EP_ClrStall)
    HAL_PCD_EP_GetRxCount                    0x08000c8d   Thumb Code    18  stm32f4xx_hal_pcd.o(.text.HAL_PCD_EP_GetRxCount)
    HAL_PCD_EP_Open                          0x08000c9f   Thumb Code    92  stm32f4xx_hal_pcd.o(.text.HAL_PCD_EP_Open)
    HAL_PCD_EP_Receive                       0x08000cfb   Thumb Code    70  stm32f4xx_hal_pcd.o(.text.HAL_PCD_EP_Receive)
    HAL_PCD_EP_SetStall                      0x08000d41   Thumb Code    92  stm32f4xx_hal_pcd.o(.text.HAL_PCD_EP_SetStall)
    HAL_PCD_EP_Transmit                      0x08000d9d   Thumb Code    66  stm32f4xx_hal_pcd.o(.text.HAL_PCD_EP_Transmit)
    HAL_PCD_IRQHandler                       0x08000de1   Thumb Code  1584  stm32f4xx_hal_pcd.o(.text.HAL_PCD_IRQHandler)
    HAL_PCD_ISOINIncompleteCallback          0x08001411   Thumb Code     8  usbd_conf.o(.text.HAL_PCD_ISOINIncompleteCallback)
    HAL_PCD_ISOOUTIncompleteCallback         0x08001419   Thumb Code     8  usbd_conf.o(.text.HAL_PCD_ISOOUTIncompleteCallback)
    HAL_PCD_Init                             0x08001421   Thumb Code   260  stm32f4xx_hal_pcd.o(.text.HAL_PCD_Init)
    HAL_PCD_MspInit                          0x08001525   Thumb Code   108  usbd_conf.o(.text.HAL_PCD_MspInit)
    HAL_PCD_ResetCallback                    0x0800158d   Thumb Code    32  usbd_conf.o(.text.HAL_PCD_ResetCallback)
    HAL_PCD_ResumeCallback                   0x080015ad   Thumb Code     8  usbd_conf.o(.text.HAL_PCD_ResumeCallback)
    HAL_PCD_SOFCallback                      0x080015b5   Thumb Code     8  usbd_conf.o(.text.HAL_PCD_SOFCallback)
    HAL_PCD_SetAddress                       0x080015bd   Thumb Code    36  stm32f4xx_hal_pcd.o(.text.HAL_PCD_SetAddress)
    HAL_PCD_SetupStageCallback               0x080015e1   Thumb Code    14  usbd_conf.o(.text.HAL_PCD_SetupStageCallback)
    HAL_PCD_Start                            0x080015ef   Thumb Code    42  stm32f4xx_hal_pcd.o(.text.HAL_PCD_Start)
    HAL_PCD_SuspendCallback                  0x08001619   Thumb Code    48  usbd_conf.o(.text.HAL_PCD_SuspendCallback)
    HAL_RCC_ClockConfig                      0x08001649   Thumb Code   292  stm32f4xx_hal_rcc.o(.text.HAL_RCC_ClockConfig)
    HAL_RCC_GetHCLKFreq                      0x08001769   Thumb Code    12  stm32f4xx_hal_rcc.o(.text.HAL_RCC_GetHCLKFreq)
    HAL_RCC_GetPCLK1Freq                     0x08001771   Thumb Code    32  stm32f4xx_hal_rcc.o(.text.HAL_RCC_GetPCLK1Freq)
    HAL_RCC_GetPCLK2Freq                     0x08001785   Thumb Code    32  stm32f4xx_hal_rcc.o(.text.HAL_RCC_GetPCLK2Freq)
    HAL_RCC_GetSysClockFreq                  0x080017a1   Thumb Code    96  stm32f4xx_hal_rcc.o(.text.HAL_RCC_GetSysClockFreq)
    HAL_RCC_MCOConfig                        0x08001801   Thumb Code   148  stm32f4xx_hal_rcc.o(.text.HAL_RCC_MCOConfig)
    HAL_RCC_OscConfig                        0x08001895   Thumb Code   728  stm32f4xx_hal_rcc.o(.text.HAL_RCC_OscConfig)
    HAL_SPI_Init                             0x08001b6d   Thumb Code   126  stm32f4xx_hal_spi.o(.text.HAL_SPI_Init)
    HAL_SPI_MspInit                          0x08001bed   Thumb Code   164  stm32f4xx_hal_msp.o(.text.HAL_SPI_MspInit)
    HAL_SYSTICK_CLKSourceConfig              0x08001c8d   Thumb Code    24  stm32f4xx_hal_cortex.o(.text.HAL_SYSTICK_CLKSourceConfig)
    HAL_SYSTICK_Config                       0x08001ca1   Thumb Code    40  stm32f4xx_hal_cortex.o(.text.HAL_SYSTICK_Config)
    HAL_UART_ErrorCallback                   0x08001cc9   Thumb Code     2  stm32f4xx_hal_uart.o(.text.HAL_UART_ErrorCallback)
    HAL_UART_GetState                        0x08001ccb   Thumb Code    14  stm32f4xx_hal_uart.o(.text.HAL_UART_GetState)
    HAL_UART_IRQHandler                      0x08001cd9   Thumb Code   360  stm32f4xx_hal_uart.o(.text.HAL_UART_IRQHandler)
    HAL_UART_MspInit                         0x08001e41   Thumb Code   108  stm32f4xx_hal_msp.o(.text.HAL_UART_MspInit)
    HAL_UART_Receive_IT                      0x08001ea5   Thumb Code    68  stm32f4xx_hal_uart.o(.text.HAL_UART_Receive_IT)
    HAL_UART_RxCpltCallback                  0x08001ee9   Thumb Code    96  usart.o(.text.HAL_UART_RxCpltCallback)
    HAL_UART_TxCpltCallback                  0x08001f49   Thumb Code     2  stm32f4xx_hal_uart.o(.text.HAL_UART_TxCpltCallback)
    HardFault_Handler                        0x08001f4b   Thumb Code     2  stm32f4xx_it.o(.text.HardFault_Handler)
    LL_GPIO_Init                             0x08001f69   Thumb Code   288  stm32f4xx_ll_gpio.o(.text.LL_GPIO_Init)
    MX_USB_DEVICE_Init                       0x08002089   Thumb Code    56  usb_device.o(.text.MX_USB_DEVICE_Init)
    MemManage_Handler                        0x080020c1   Thumb Code     2  stm32f4xx_it.o(.text.MemManage_Handler)
    NMI_Handler                              0x080020c3   Thumb Code     2  stm32f4xx_it.o(.text.NMI_Handler)
    OTG_FS_IRQHandler                        0x080020e9   Thumb Code    12  stm32f4xx_it.o(.text.OTG_FS_IRQHandler)
    PendSV_Handler                           0x080020f5   Thumb Code     2  stm32f4xx_it.o(.text.PendSV_Handler)
    SVC_Handler                              0x080020f7   Thumb Code     2  stm32f4xx_it.o(.text.SVC_Handler)
    SysTick_Handler                          0x080020f9   Thumb Code     4  stm32f4xx_it.o(.text.SysTick_Handler)
    SystemClock_Config                       0x080020fd   Thumb Code   152  main.o(.text.SystemClock_Config)
    SystemInit                               0x08002195   Thumb Code    76  system_stm32f4xx.o(.text.SystemInit)
    USART1_IRQHandler                        0x080023f5   Thumb Code    68  usart.o(.text.USART1_IRQHandler)
    USBD_CDC_GetDeviceQualifierDescriptor    0x080024dd   Thumb Code    12  usbd_cdc.o(.text.USBD_CDC_GetDeviceQualifierDescriptor)
    USBD_CDC_ReceivePacket                   0x08002597   Thumb Code    40  usbd_cdc.o(.text.USBD_CDC_ReceivePacket)
    USBD_CDC_RegisterInterface               0x080025bf   Thumb Code    14  usbd_cdc.o(.text.USBD_CDC_RegisterInterface)
    USBD_CDC_SetRxBuffer                     0x080025cd   Thumb Code    12  usbd_cdc.o(.text.USBD_CDC_SetRxBuffer)
    USBD_CDC_SetTxBuffer                     0x080025d9   Thumb Code    16  usbd_cdc.o(.text.USBD_CDC_SetTxBuffer)
    USBD_ClrClassConfig                      0x08002659   Thumb Code    14  usbd_core.o(.text.USBD_ClrClassConfig)
    USBD_CtlContinueRx                       0x08002667   Thumb Code    16  usbd_ioreq.o(.text.USBD_CtlContinueRx)
    USBD_CtlContinueSendData                 0x08002677   Thumb Code    16  usbd_ioreq.o(.text.USBD_CtlContinueSendData)
    USBD_CtlError                            0x08002687   Thumb Code    22  usbd_ctlreq.o(.text.USBD_CtlError)
    USBD_CtlPrepareRx                        0x0800269d   Thumb Code    26  usbd_ioreq.o(.text.USBD_CtlPrepareRx)
    USBD_CtlReceiveStatus                    0x080026b7   Thumb Code    22  usbd_ioreq.o(.text.USBD_CtlReceiveStatus)
    USBD_CtlSendData                         0x080026cd   Thumb Code    26  usbd_ioreq.o(.text.USBD_CtlSendData)
    USBD_CtlSendStatus                       0x080026e7   Thumb Code    22  usbd_ioreq.o(.text.USBD_CtlSendStatus)
    USBD_FS_ConfigStrDescriptor              0x080026fd   Thumb Code    36  usbd_desc.o(.text.USBD_FS_ConfigStrDescriptor)
    USBD_FS_DeviceDescriptor                 0x08002721   Thumb Code    12  usbd_desc.o(.text.USBD_FS_DeviceDescriptor)
    USBD_FS_InterfaceStrDescriptor           0x0800272d   Thumb Code    40  usbd_desc.o(.text.USBD_FS_InterfaceStrDescriptor)
    USBD_FS_LangIDStrDescriptor              0x08002755   Thumb Code    12  usbd_desc.o(.text.USBD_FS_LangIDStrDescriptor)
    USBD_FS_ManufacturerStrDescriptor        0x08002761   Thumb Code    44  usbd_desc.o(.text.USBD_FS_ManufacturerStrDescriptor)
    USBD_FS_ProductStrDescriptor             0x0800278d   Thumb Code    48  usbd_desc.o(.text.USBD_FS_ProductStrDescriptor)
    USBD_FS_SerialStrDescriptor              0x080027bd   Thumb Code    40  usbd_desc.o(.text.USBD_FS_SerialStrDescriptor)
    USBD_GetString                           0x080027e5   Thumb Code    92  usbd_ctlreq.o(.text.USBD_GetString)
    USBD_Init                                0x08002841   Thumb Code    42  usbd_core.o(.text.USBD_Init)
    USBD_LL_ClearStallEP                     0x0800286d   Thumb Code    36  usbd_conf.o(.text.USBD_LL_ClearStallEP)
    USBD_LL_CloseEP                          0x0800288d   Thumb Code    36  usbd_conf.o(.text.USBD_LL_CloseEP)
    USBD_LL_DataInStage                      0x080028ad   Thumb Code   162  usbd_core.o(.text.USBD_LL_DataInStage)
    USBD_LL_DataOutStage                     0x0800294f   Thumb Code   100  usbd_core.o(.text.USBD_LL_DataOutStage)
    USBD_LL_DevConnected                     0x080029b3   Thumb Code     4  usbd_core.o(.text.USBD_LL_DevConnected)
    USBD_LL_DevDisconnected                  0x080029b7   Thumb Code    22  usbd_core.o(.text.USBD_LL_DevDisconnected)
    USBD_LL_GetRxDataSize                    0x080029cd   Thumb Code    12  usbd_conf.o(.text.USBD_LL_GetRxDataSize)
    USBD_LL_Init                             0x080029d9   Thumb Code   104  usbd_conf.o(.text.USBD_LL_Init)
    USBD_LL_IsStallEP                        0x08002a41   Thumb Code    32  usbd_conf.o(.text.USBD_LL_IsStallEP)
    USBD_LL_IsoINIncomplete                  0x08002a61   Thumb Code     4  usbd_core.o(.text.USBD_LL_IsoINIncomplete)
    USBD_LL_IsoOUTIncomplete                 0x08002a65   Thumb Code     4  usbd_core.o(.text.USBD_LL_IsoOUTIncomplete)
    USBD_LL_OpenEP                           0x08002a69   Thumb Code    40  usbd_conf.o(.text.USBD_LL_OpenEP)
    USBD_LL_PrepareReceive                   0x08002a8d   Thumb Code    36  usbd_conf.o(.text.USBD_LL_PrepareReceive)
    USBD_LL_Reset                            0x08002aad   Thumb Code    62  usbd_core.o(.text.USBD_LL_Reset)
    USBD_LL_Resume                           0x08002aeb   Thumb Code    12  usbd_core.o(.text.USBD_LL_Resume)
    USBD_LL_SOF                              0x08002af7   Thumb Code    28  usbd_core.o(.text.USBD_LL_SOF)
    USBD_LL_SetSpeed                         0x08002b13   Thumb Code     6  usbd_core.o(.text.USBD_LL_SetSpeed)
    USBD_LL_SetUSBAddress                    0x08002b19   Thumb Code    36  usbd_conf.o(.text.USBD_LL_SetUSBAddress)
    USBD_LL_SetupStage                       0x08002b39   Thumb Code    86  usbd_core.o(.text.USBD_LL_SetupStage)
    USBD_LL_StallEP                          0x08002b91   Thumb Code    36  usbd_conf.o(.text.USBD_LL_StallEP)
    USBD_LL_Start                            0x08002bb1   Thumb Code    36  usbd_conf.o(.text.USBD_LL_Start)
    USBD_LL_Suspend                          0x08002bd1   Thumb Code    18  usbd_core.o(.text.USBD_LL_Suspend)
    USBD_LL_Transmit                         0x08002be5   Thumb Code    36  usbd_conf.o(.text.USBD_LL_Transmit)
    USBD_ParseSetupRequest                   0x08002c09   Thumb Code    22  usbd_ctlreq.o(.text.USBD_ParseSetupRequest)
    USBD_RegisterClass                       0x08002c1f   Thumb Code    14  usbd_core.o(.text.USBD_RegisterClass)
    USBD_SetClassConfig                      0x08002c2d   Thumb Code    26  usbd_core.o(.text.USBD_SetClassConfig)
    USBD_Start                               0x08002c47   Thumb Code    10  usbd_core.o(.text.USBD_Start)
    USBD_StdDevReq                           0x08002c51   Thumb Code   560  usbd_ctlreq.o(.text.USBD_StdDevReq)
    USBD_StdEPReq                            0x08002e81   Thumb Code   210  usbd_ctlreq.o(.text.USBD_StdEPReq)
    USBD_StdItfReq                           0x08002f53   Thumb Code    58  usbd_ctlreq.o(.text.USBD_StdItfReq)
    USB_ActivateEndpoint                     0x08002f8d   Thumb Code   136  stm32f4xx_ll_usb.o(.text.USB_ActivateEndpoint)
    USB_ActivateSetup                        0x08003015   Thumb Code    54  stm32f4xx_ll_usb.o(.text.USB_ActivateSetup)
    USB_CoreInit                             0x0800304d   Thumb Code   108  stm32f4xx_ll_usb.o(.text.USB_CoreInit)
    USB_DeactivateEndpoint                   0x080030e9   Thumb Code   200  stm32f4xx_ll_usb.o(.text.USB_DeactivateEndpoint)
    USB_DevConnect                           0x080031b1   Thumb Code    24  stm32f4xx_ll_usb.o(.text.USB_DevConnect)
    USB_DevDisconnect                        0x080031c9   Thumb Code    24  stm32f4xx_ll_usb.o(.text.USB_DevDisconnect)
    USB_DevInit                              0x080031e1   Thumb Code   336  stm32f4xx_ll_usb.o(.text.USB_DevInit)
    USB_DisableGlobalInt                     0x08003331   Thumb Code    12  stm32f4xx_ll_usb.o(.text.USB_DisableGlobalInt)
    USB_EP0StartXfer                         0x0800333d   Thumb Code   244  stm32f4xx_ll_usb.o(.text.USB_EP0StartXfer)
    USB_EP0_OutStart                         0x08003431   Thumb Code    62  stm32f4xx_ll_usb.o(.text.USB_EP0_OutStart)
    USB_EPClearStall                         0x0800346f   Thumb Code    48  stm32f4xx_ll_usb.o(.text.USB_EPClearStall)
    USB_EPSetStall                           0x0800349f   Thumb Code    52  stm32f4xx_ll_usb.o(.text.USB_EPSetStall)
    USB_EPStartXfer                          0x080034d5   Thumb Code   380  stm32f4xx_ll_usb.o(.text.USB_EPStartXfer)
    USB_EnableGlobalInt                      0x08003651   Thumb Code    12  stm32f4xx_ll_usb.o(.text.USB_EnableGlobalInt)
    USB_FlushRxFifo                          0x0800365d   Thumb Code    36  stm32f4xx_ll_usb.o(.text.USB_FlushRxFifo)
    USB_FlushTxFifo                          0x0800367d   Thumb Code    40  stm32f4xx_ll_usb.o(.text.USB_FlushTxFifo)
    USB_GetDevSpeed                          0x080036a5   Thumb Code    62  stm32f4xx_ll_usb.o(.text.USB_GetDevSpeed)
    USB_GetMode                              0x080036e3   Thumb Code     8  stm32f4xx_ll_usb.o(.text.USB_GetMode)
    USB_ReadDevAllInEpInterrupt              0x080036eb   Thumb Code    14  stm32f4xx_ll_usb.o(.text.USB_ReadDevAllInEpInterrupt)
    USB_ReadDevAllOutEpInterrupt             0x080036f9   Thumb Code    14  stm32f4xx_ll_usb.o(.text.USB_ReadDevAllOutEpInterrupt)
    USB_ReadDevInEPInterrupt                 0x08003707   Thumb Code    28  stm32f4xx_ll_usb.o(.text.USB_ReadDevInEPInterrupt)
    USB_ReadDevOutEPInterrupt                0x08003723   Thumb Code    16  stm32f4xx_ll_usb.o(.text.USB_ReadDevOutEPInterrupt)
    USB_ReadInterrupts                       0x08003733   Thumb Code     8  stm32f4xx_ll_usb.o(.text.USB_ReadInterrupts)
    USB_ReadPacket                           0x0800373b   Thumb Code    26  stm32f4xx_ll_usb.o(.text.USB_ReadPacket)
    USB_SetCurrentMode                       0x08003755   Thumb Code    42  stm32f4xx_ll_usb.o(.text.USB_SetCurrentMode)
    USB_SetDevAddress                        0x0800377f   Thumb Code    32  stm32f4xx_ll_usb.o(.text.USB_SetDevAddress)
    USB_WritePacket                          0x0800379f   Thumb Code    40  stm32f4xx_ll_usb.o(.text.USB_WritePacket)
    UsageFault_Handler                       0x080037c7   Thumb Code     2  stm32f4xx_it.o(.text.UsageFault_Handler)
    delay_init                               0x080037c9   Thumb Code    20  delay.o(.text.delay_init)
    delay_ms                                 0x080037d9   Thumb Code    22  delay.o(.text.delay_ms)
    delay_us                                 0x080037f1   Thumb Code    56  delay.o(.text.delay_us)
    led_blue_toggle                          0x08003829   Thumb Code    16  led.o(.text.led_blue_toggle)
    main                                     0x08003839   Thumb Code   284  main.o(.text.main)
    __scatterload_copy                       0x08003955   Thumb Code    14  handlers.o(i.__scatterload_copy)
    __scatterload_null                       0x08003963   Thumb Code     2  handlers.o(i.__scatterload_null)
    __scatterload_zeroinit                   0x08003965   Thumb Code    14  handlers.o(i.__scatterload_zeroinit)
    free                                     0x08003975   Thumb Code    76  malloc.o(i.free)
    malloc                                   0x080039c5   Thumb Code    92  malloc.o(i.malloc)
    AHBPrescTable                            0x08003a30   Data          16  system_stm32f4xx.o(.rodata.AHBPrescTable)
    APBPrescTable                            0x08003a40   Data           8  system_stm32f4xx.o(.rodata.APBPrescTable)
    Region$$Table$$Base                      0x08003a48   Number         0  anon$$obj.o(Region$$Table)
    Region$$Table$$Limit                     0x08003a68   Number         0  anon$$obj.o(Region$$Table)
    __microlib_freelist                      0x20000000   Data           4  mvars.o(.data)
    __microlib_freelist_initialised          0x20000004   Data           4  mvars.o(.data)
    uwTickFreq                               0x20000008   Data           1  stm32f4xx_hal.o(.data..L_MergedGlobals)
    uwTickPrio                               0x2000000c   Data           4  stm32f4xx_hal.o(.data..L_MergedGlobals)
    FS_Desc                                  0x20000010   Data          28  usbd_desc.o(.data.FS_Desc)
    SystemCoreClock                          0x2000002c   Data           4  system_stm32f4xx.o(.data.SystemCoreClock)
    USBD_CDC                                 0x20000030   Data          56  usbd_cdc.o(.data.USBD_CDC)
    USBD_CDC_CfgFSDesc                       0x20000068   Data          67  usbd_cdc.o(.data.USBD_CDC_CfgFSDesc)
    USBD_CDC_CfgHSDesc                       0x200000ac   Data          67  usbd_cdc.o(.data.USBD_CDC_CfgHSDesc)
    USBD_CDC_OtherSpeedCfgDesc               0x200000fc   Data          67  usbd_cdc.o(.data.USBD_CDC_OtherSpeedCfgDesc)
    USBD_FS_DeviceDesc                       0x20000140   Data          18  usbd_desc.o(.data.USBD_FS_DeviceDesc)
    USBD_Interface_fops_FS                   0x20000154   Data          16  usbd_cdc_if.o(.data.USBD_Interface_fops_FS)
    USBD_LangIDDesc                          0x20000164   Data           4  usbd_desc.o(.data.USBD_LangIDDesc)
    aRxBuffer                                0x20000168   Data           1  usart.o(.bss..L_MergedGlobals)
    USART_RX_STA                             0x2000016a   Data           2  usart.o(.bss..L_MergedGlobals)
    UART1_Handler                            0x2000016c   Data          64  usart.o(.bss..L_MergedGlobals)
    USART_RX_BUF                             0x200001ac   Data         200  usart.o(.bss.USART_RX_BUF)
    USBD_StrDesc                             0x20000278   Data         512  usbd_desc.o(.bss.USBD_StrDesc)
    UserRxBufferFS                           0x20000478   Data        2048  usbd_cdc_if.o(.bss.UserRxBufferFS)
    UserTxBufferFS                           0x20000c78   Data        2048  usbd_cdc_if.o(.bss.UserTxBufferFS)
    hUsbDeviceFS                             0x2000147c   Data         548  usb_device.o(.bss.hUsbDeviceFS)
    hdcmi                                    0x200016a0   Data          64  main.o(.bss.hdcmi)
    hdma_dcmi                                0x200016e0   Data          96  main.o(.bss.hdma_dcmi)
    hpcd_USB_OTG_FS                          0x20001740   Data        1008  usbd_conf.o(.bss.hpcd_USB_OTG_FS)
    hspi1                                    0x20001b30   Data          88  main.o(.bss.hspi1)
    huart1                                   0x20001b88   Data          64  main.o(.bss.huart1)
    uwTick                                   0x20001bc8   Data           4  stm32f4xx_hal.o(.bss.uwTick)
    __heap_base                              0x20001bd0   Data           0  startup_stm32f407xx.o(HEAP)
    __heap_limit                             0x20001fd0   Data           0  startup_stm32f407xx.o(HEAP)
    __initial_sp                             0x200027d0   Data           0  startup_stm32f407xx.o(STACK)



==============================================================================

Memory Map of the image

  Image Entry point : 0x08000189

  Load Region LR_IROM1 (Base: 0x08000000, Size: 0x00003bd0, Max: 0x00100000, ABSOLUTE, COMPRESSED[0x00003b28])

    Execution Region ER_IROM1 (Exec base: 0x08000000, Load base: 0x08000000, Size: 0x00003a68, Max: 0x00100000, ABSOLUTE)

    Exec Addr    Load Addr    Size         Type   Attr      Idx    E Section Name        Object

    0x08000000   0x08000000   0x00000188   Data   RO            3    RESET               startup_stm32f407xx.o
    0x08000188   0x08000188   0x00000000   Code   RO         1379  * .ARM.Collect$$$$00000000  mc_w.l(entry.o)
    0x08000188   0x08000188   0x00000004   Code   RO         1414    .ARM.Collect$$$$00000001  mc_w.l(entry2.o)
    0x0800018c   0x0800018c   0x00000004   Code   RO         1417    .ARM.Collect$$$$00000004  mc_w.l(entry5.o)
    0x08000190   0x08000190   0x00000000   Code   RO         1419    .ARM.Collect$$$$00000008  mc_w.l(entry7b.o)
    0x08000190   0x08000190   0x00000000   Code   RO         1421    .ARM.Collect$$$$0000000A  mc_w.l(entry8b.o)
    0x08000190   0x08000190   0x00000008   Code   RO         1422    .ARM.Collect$$$$0000000B  mc_w.l(entry9a.o)
    0x08000198   0x08000198   0x00000000   Code   RO         1424    .ARM.Collect$$$$0000000D  mc_w.l(entry10a.o)
    0x08000198   0x08000198   0x00000000   Code   RO         1426    .ARM.Collect$$$$0000000F  mc_w.l(entry11a.o)
    0x08000198   0x08000198   0x00000004   Code   RO         1415    .ARM.Collect$$$$00002712  mc_w.l(entry2.o)
    0x0800019c   0x0800019c   0x00000024   Code   RO            4    .text               startup_stm32f407xx.o
    0x080001c0   0x080001c0   0x00000062   Code   RO         1382    .text               mc_w.l(uldiv.o)
    0x08000222   0x08000222   0x00000024   Code   RO         1384    .text               mc_w.l(memseta.o)
    0x08000246   0x08000246   0x0000001e   Code   RO         1428    .text               mc_w.l(llshl.o)
    0x08000264   0x08000264   0x00000020   Code   RO         1430    .text               mc_w.l(llushr.o)
    0x08000284   0x08000284   0x00000024   Code   RO         1438    .text               mc_w.l(init.o)
    0x080002a8   0x080002a8   0x00000056   Code   RO         1448    .text               mc_w.l(__dczerorl2.o)
    0x080002fe   0x080002fe   0x00000002   Code   RO          184    .text.BusFault_Handler  stm32f4xx_it.o
    0x08000300   0x08000300   0x00000004   Code   RO          160    .text.CDC_Control_FS  usbd_cdc_if.o
    0x08000304   0x08000304   0x00000004   Code   RO          158    .text.CDC_DeInit_FS  usbd_cdc_if.o
    0x08000308   0x08000308   0x00000024   Code   RO          156    .text.CDC_Init_FS   usbd_cdc_if.o
    0x0800032c   0x0800032c   0x0000001c   Code   RO          162    .text.CDC_Receive_FS  usbd_cdc_if.o
    0x08000348   0x08000348   0x00000008   Code   RO          196    .text.DMA2_Stream1_IRQHandler  stm32f4xx_it.o
    0x08000350   0x08000350   0x00000030   Code   RO          891    .text.DMA_CalcBaseAndBitshift  stm32f4xx_hal_dma.o
    0x08000380   0x08000380   0x00000002   Code   RO          190    .text.DebugMon_Handler  stm32f4xx_it.o
    0x08000382   0x08000382   0x00000002   Code   RO           35    .text.Error_Handler  main.o
    0x08000384   0x08000384   0x00000070   Code   RO          481    .text.HAL_DCMI_Init  stm32f4xx_hal_dcmi_ex.o
    0x080003f4   0x080003f4   0x00000150   Code   RO          210    .text.HAL_DCMI_MspInit  stm32f4xx_hal_msp.o
    0x08000544   0x08000544   0x00000024   Code   RO          903    .text.HAL_DMA_Abort_IT  stm32f4xx_hal_dma.o
    0x08000568   0x08000568   0x00000170   Code   RO          907    .text.HAL_DMA_IRQHandler  stm32f4xx_hal_dma.o
    0x080006d8   0x080006d8   0x00000128   Code   RO          889    .text.HAL_DMA_Init  stm32f4xx_hal_dma.o
    0x08000800   0x08000800   0x00000020   Code   RO         1059    .text.HAL_Delay     stm32f4xx_hal.o
    0x08000820   0x08000820   0x0000018c   Code   RO          849    .text.HAL_GPIO_Init  stm32f4xx_hal_gpio.o
    0x080009ac   0x080009ac   0x00000008   Code   RO         1051    .text.HAL_GetTick   stm32f4xx_hal.o
    0x080009b4   0x080009b4   0x00000014   Code   RO         1049    .text.HAL_IncTick   stm32f4xx_hal.o
    0x080009c8   0x080009c8   0x00000034   Code   RO         1039    .text.HAL_Init      stm32f4xx_hal.o
    0x080009fc   0x080009fc   0x00000040   Code   RO         1041    .text.HAL_InitTick  stm32f4xx_hal.o
    0x08000a3c   0x08000a3c   0x00000038   Code   RO          208    .text.HAL_MspInit   stm32f4xx_hal_msp.o
    0x08000a74   0x08000a74   0x0000007c   Code   RO          620    .text.HAL_MultiProcessor_Init  stm32f4xx_hal_uart.o
    0x08000af0   0x08000af0   0x00000018   Code   RO          996    .text.HAL_NVIC_EnableIRQ  stm32f4xx_hal_cortex.o
    0x08000b08   0x08000b08   0x0000003c   Code   RO          992    .text.HAL_NVIC_SetPriority  stm32f4xx_hal_cortex.o
    0x08000b44   0x08000b44   0x00000020   Code   RO          990    .text.HAL_NVIC_SetPriorityGrouping  stm32f4xx_hal_cortex.o
    0x08000b64   0x08000b64   0x00000008   Code   RO          321    .text.HAL_PCDEx_SetRxFiFo  stm32f4xx_hal_pcd_ex.o
    0x08000b6c   0x08000b6c   0x00000050   Code   RO          319    .text.HAL_PCDEx_SetTxFiFo  stm32f4xx_hal_pcd_ex.o
    0x08000bbc   0x08000bbc   0x00000008   Code   RO           85    .text.HAL_PCD_ConnectCallback  usbd_conf.o
    0x08000bc4   0x08000bc4   0x00000012   Code   RO           71    .text.HAL_PCD_DataInStageCallback  usbd_conf.o
    0x08000bd6   0x08000bd6   0x00000014   Code   RO           69    .text.HAL_PCD_DataOutStageCallback  usbd_conf.o
    0x08000bea   0x08000bea   0x00000008   Code   RO           87    .text.HAL_PCD_DisconnectCallback  usbd_conf.o
    0x08000bf2   0x08000bf2   0x00000048   Code   RO          290    .text.HAL_PCD_EP_Close  stm32f4xx_hal_pcd.o
    0x08000c3a   0x08000c3a   0x00000052   Code   RO          300    .text.HAL_PCD_EP_ClrStall  stm32f4xx_hal_pcd.o
    0x08000c8c   0x08000c8c   0x00000012   Code   RO          294    .text.HAL_PCD_EP_GetRxCount  stm32f4xx_hal_pcd.o
    0x08000c9e   0x08000c9e   0x0000005c   Code   RO          288    .text.HAL_PCD_EP_Open  stm32f4xx_hal_pcd.o
    0x08000cfa   0x08000cfa   0x00000046   Code   RO          292    .text.HAL_PCD_EP_Receive  stm32f4xx_hal_pcd.o
    0x08000d40   0x08000d40   0x0000005c   Code   RO          298    .text.HAL_PCD_EP_SetStall  stm32f4xx_hal_pcd.o
    0x08000d9c   0x08000d9c   0x00000042   Code   RO          296    .text.HAL_PCD_EP_Transmit  stm32f4xx_hal_pcd.o
    0x08000dde   0x08000dde   0x00000002   PAD
    0x08000de0   0x08000de0   0x00000630   Code   RO          258    .text.HAL_PCD_IRQHandler  stm32f4xx_hal_pcd.o
    0x08001410   0x08001410   0x00000008   Code   RO           83    .text.HAL_PCD_ISOINIncompleteCallback  usbd_conf.o
    0x08001418   0x08001418   0x00000008   Code   RO           81    .text.HAL_PCD_ISOOUTIncompleteCallback  usbd_conf.o
    0x08001420   0x08001420   0x00000104   Code   RO          246    .text.HAL_PCD_Init  stm32f4xx_hal_pcd.o
    0x08001524   0x08001524   0x00000068   Code   RO           63    .text.HAL_PCD_MspInit  usbd_conf.o
    0x0800158c   0x0800158c   0x00000020   Code   RO           75    .text.HAL_PCD_ResetCallback  usbd_conf.o
    0x080015ac   0x080015ac   0x00000008   Code   RO           79    .text.HAL_PCD_ResumeCallback  usbd_conf.o
    0x080015b4   0x080015b4   0x00000008   Code   RO           73    .text.HAL_PCD_SOFCallback  usbd_conf.o
    0x080015bc   0x080015bc   0x00000024   Code   RO          286    .text.HAL_PCD_SetAddress  stm32f4xx_hal_pcd.o
    0x080015e0   0x080015e0   0x0000000e   Code   RO           67    .text.HAL_PCD_SetupStageCallback  usbd_conf.o
    0x080015ee   0x080015ee   0x0000002a   Code   RO          256    .text.HAL_PCD_Start  stm32f4xx_hal_pcd.o
    0x08001618   0x08001618   0x00000030   Code   RO           77    .text.HAL_PCD_SuspendCallback  usbd_conf.o
    0x08001648   0x08001648   0x00000120   Code   RO          727    .text.HAL_RCC_ClockConfig  stm32f4xx_hal_rcc.o
    0x08001768   0x08001768   0x00000008   Code   RO          737    .text.HAL_RCC_GetHCLKFreq  stm32f4xx_hal_rcc.o
    0x08001770   0x08001770   0x00000014   Code   RO          739    .text.HAL_RCC_GetPCLK1Freq  stm32f4xx_hal_rcc.o
    0x08001784   0x08001784   0x0000001c   Code   RO          741    .text.HAL_RCC_GetPCLK2Freq  stm32f4xx_hal_rcc.o
    0x080017a0   0x080017a0   0x00000060   Code   RO          729    .text.HAL_RCC_GetSysClockFreq  stm32f4xx_hal_rcc.o
    0x08001800   0x08001800   0x00000094   Code   RO          731    .text.HAL_RCC_MCOConfig  stm32f4xx_hal_rcc.o
    0x08001894   0x08001894   0x000002d8   Code   RO          725    .text.HAL_RCC_OscConfig  stm32f4xx_hal_rcc.o
    0x08001b6c   0x08001b6c   0x0000007e   Code   RO          491    .text.HAL_SPI_Init  stm32f4xx_hal_spi.o
    0x08001bea   0x08001bea   0x00000002   PAD
    0x08001bec   0x08001bec   0x000000a0   Code   RO          214    .text.HAL_SPI_MspInit  stm32f4xx_hal_msp.o
    0x08001c8c   0x08001c8c   0x00000014   Code   RO         1024    .text.HAL_SYSTICK_CLKSourceConfig  stm32f4xx_hal_cortex.o
    0x08001ca0   0x08001ca0   0x00000028   Code   RO         1004    .text.HAL_SYSTICK_Config  stm32f4xx_hal_cortex.o
    0x08001cc8   0x08001cc8   0x00000002   Code   RO          690    .text.HAL_UART_ErrorCallback  stm32f4xx_hal_uart.o
    0x08001cca   0x08001cca   0x0000000e   Code   RO          710    .text.HAL_UART_GetState  stm32f4xx_hal_uart.o
    0x08001cd8   0x08001cd8   0x00000168   Code   RO          684    .text.HAL_UART_IRQHandler  stm32f4xx_hal_uart.o
    0x08001e40   0x08001e40   0x00000064   Code   RO          218    .text.HAL_UART_MspInit  stm32f4xx_hal_msp.o
    0x08001ea4   0x08001ea4   0x00000044   Code   RO          634    .text.HAL_UART_Receive_IT  stm32f4xx_hal_uart.o
    0x08001ee8   0x08001ee8   0x00000060   Code   RO         1225    .text.HAL_UART_RxCpltCallback  usart.o
    0x08001f48   0x08001f48   0x00000002   Code   RO          692    .text.HAL_UART_TxCpltCallback  stm32f4xx_hal_uart.o
    0x08001f4a   0x08001f4a   0x00000002   Code   RO          180    .text.HardFault_Handler  stm32f4xx_it.o
    0x08001f4c   0x08001f4c   0x0000001c   Code   RO           37    .text.LL_AHB1_GRP1_EnableClock  main.o
    0x08001f68   0x08001f68   0x00000120   Code   RO          233    .text.LL_GPIO_Init  stm32f4xx_ll_gpio.o
    0x08002088   0x08002088   0x00000038   Code   RO           53    .text.MX_USB_DEVICE_Init  usb_device.o
    0x080020c0   0x080020c0   0x00000002   Code   RO          182    .text.MemManage_Handler  stm32f4xx_it.o
    0x080020c2   0x080020c2   0x00000002   Code   RO          178    .text.NMI_Handler   stm32f4xx_it.o
    0x080020c4   0x080020c4   0x00000024   Code   RO          994    .text.NVIC_SetPriority  stm32f4xx_hal_cortex.o
    0x080020e8   0x080020e8   0x0000000c   Code   RO          198    .text.OTG_FS_IRQHandler  stm32f4xx_it.o
    0x080020f4   0x080020f4   0x00000002   Code   RO          192    .text.PendSV_Handler  stm32f4xx_it.o
    0x080020f6   0x080020f6   0x00000002   Code   RO          188    .text.SVC_Handler   stm32f4xx_it.o
    0x080020f8   0x080020f8   0x00000004   Code   RO          194    .text.SysTick_Handler  stm32f4xx_it.o
    0x080020fc   0x080020fc   0x00000098   Code   RO           33    .text.SystemClock_Config  main.o
    0x08002194   0x08002194   0x0000004c   Code   RO         1177    .text.SystemInit    system_stm32f4xx.o
    0x080021e0   0x080021e0   0x0000000c   Code   RO          688    .text.UART_DMAAbortOnError  stm32f4xx_hal_uart.o
    0x080021ec   0x080021ec   0x0000001a   Code   RO          656    .text.UART_EndRxTransfer  stm32f4xx_hal_uart.o
    0x08002206   0x08002206   0x00000070   Code   RO          686    .text.UART_Receive_IT  stm32f4xx_hal_uart.o
    0x08002276   0x08002276   0x00000002   PAD
    0x08002278   0x08002278   0x0000017c   Code   RO          614    .text.UART_SetConfig  stm32f4xx_hal_uart.o
    0x080023f4   0x080023f4   0x00000044   Code   RO         1227    .text.USART1_IRQHandler  usart.o
    0x08002438   0x08002438   0x00000012   Code   RO         1343    .text.USBD_CDC_DataIn  usbd_cdc.o
    0x0800244a   0x0800244a   0x0000002e   Code   RO         1345    .text.USBD_CDC_DataOut  usbd_cdc.o
    0x08002478   0x08002478   0x0000003c   Code   RO         1337    .text.USBD_CDC_DeInit  usbd_cdc.o
    0x080024b4   0x080024b4   0x00000028   Code   RO         1341    .text.USBD_CDC_EP0_RxReady  usbd_cdc.o
    0x080024dc   0x080024dc   0x0000000c   Code   RO         1353    .text.USBD_CDC_GetDeviceQualifierDescriptor  usbd_cdc.o
    0x080024e8   0x080024e8   0x0000000c   Code   RO         1349    .text.USBD_CDC_GetFSCfgDesc  usbd_cdc.o
    0x080024f4   0x080024f4   0x0000000c   Code   RO         1347    .text.USBD_CDC_GetHSCfgDesc  usbd_cdc.o
    0x08002500   0x08002500   0x0000000c   Code   RO         1351    .text.USBD_CDC_GetOtherSpeedCfgDesc  usbd_cdc.o
    0x0800250c   0x0800250c   0x0000008a   Code   RO         1335    .text.USBD_CDC_Init  usbd_cdc.o
    0x08002596   0x08002596   0x00000028   Code   RO         1363    .text.USBD_CDC_ReceivePacket  usbd_cdc.o
    0x080025be   0x080025be   0x0000000e   Code   RO         1355    .text.USBD_CDC_RegisterInterface  usbd_cdc.o
    0x080025cc   0x080025cc   0x0000000c   Code   RO         1359    .text.USBD_CDC_SetRxBuffer  usbd_cdc.o
    0x080025d8   0x080025d8   0x00000010   Code   RO         1357    .text.USBD_CDC_SetTxBuffer  usbd_cdc.o
    0x080025e8   0x080025e8   0x00000070   Code   RO         1339    .text.USBD_CDC_Setup  usbd_cdc.o
    0x08002658   0x08002658   0x0000000e   Code   RO         1255    .text.USBD_ClrClassConfig  usbd_core.o
    0x08002666   0x08002666   0x00000010   Code   RO         1318    .text.USBD_CtlContinueRx  usbd_ioreq.o
    0x08002676   0x08002676   0x00000010   Code   RO         1314    .text.USBD_CtlContinueSendData  usbd_ioreq.o
    0x08002686   0x08002686   0x00000016   Code   RO         1292    .text.USBD_CtlError  usbd_ctlreq.o
    0x0800269c   0x0800269c   0x0000001a   Code   RO         1316    .text.USBD_CtlPrepareRx  usbd_ioreq.o
    0x080026b6   0x080026b6   0x00000016   Code   RO         1322    .text.USBD_CtlReceiveStatus  usbd_ioreq.o
    0x080026cc   0x080026cc   0x0000001a   Code   RO         1312    .text.USBD_CtlSendData  usbd_ioreq.o
    0x080026e6   0x080026e6   0x00000016   Code   RO         1320    .text.USBD_CtlSendStatus  usbd_ioreq.o
    0x080026fc   0x080026fc   0x00000024   Code   RO          139    .text.USBD_FS_ConfigStrDescriptor  usbd_desc.o
    0x08002720   0x08002720   0x0000000c   Code   RO          129    .text.USBD_FS_DeviceDescriptor  usbd_desc.o
    0x0800272c   0x0800272c   0x00000028   Code   RO          141    .text.USBD_FS_InterfaceStrDescriptor  usbd_desc.o
    0x08002754   0x08002754   0x0000000c   Code   RO          131    .text.USBD_FS_LangIDStrDescriptor  usbd_desc.o
    0x08002760   0x08002760   0x0000002c   Code   RO          133    .text.USBD_FS_ManufacturerStrDescriptor  usbd_desc.o
    0x0800278c   0x0800278c   0x00000030   Code   RO          135    .text.USBD_FS_ProductStrDescriptor  usbd_desc.o
    0x080027bc   0x080027bc   0x00000028   Code   RO          137    .text.USBD_FS_SerialStrDescriptor  usbd_desc.o
    0x080027e4   0x080027e4   0x0000005c   Code   RO         1300    .text.USBD_GetString  usbd_ctlreq.o
    0x08002840   0x08002840   0x0000002a   Code   RO         1241    .text.USBD_Init     usbd_core.o
    0x0800286a   0x0800286a   0x00000002   PAD
    0x0800286c   0x0800286c   0x00000020   Code   RO          105    .text.USBD_LL_ClearStallEP  usbd_conf.o
    0x0800288c   0x0800288c   0x00000020   Code   RO           99    .text.USBD_LL_CloseEP  usbd_conf.o
    0x080028ac   0x080028ac   0x000000a2   Code   RO         1261    .text.USBD_LL_DataInStage  usbd_core.o
    0x0800294e   0x0800294e   0x00000064   Code   RO         1259    .text.USBD_LL_DataOutStage  usbd_core.o
    0x080029b2   0x080029b2   0x00000004   Code   RO         1277    .text.USBD_LL_DevConnected  usbd_core.o
    0x080029b6   0x080029b6   0x00000016   Code   RO         1279    .text.USBD_LL_DevDisconnected  usbd_core.o
    0x080029cc   0x080029cc   0x0000000c   Code   RO          115    .text.USBD_LL_GetRxDataSize  usbd_conf.o
    0x080029d8   0x080029d8   0x00000068   Code   RO           89    .text.USBD_LL_Init  usbd_conf.o
    0x08002a40   0x08002a40   0x00000020   Code   RO          107    .text.USBD_LL_IsStallEP  usbd_conf.o
    0x08002a60   0x08002a60   0x00000004   Code   RO         1273    .text.USBD_LL_IsoINIncomplete  usbd_core.o
    0x08002a64   0x08002a64   0x00000004   Code   RO         1275    .text.USBD_LL_IsoOUTIncomplete  usbd_core.o
    0x08002a68   0x08002a68   0x00000024   Code   RO           97    .text.USBD_LL_OpenEP  usbd_conf.o
    0x08002a8c   0x08002a8c   0x00000020   Code   RO          113    .text.USBD_LL_PrepareReceive  usbd_conf.o
    0x08002aac   0x08002aac   0x0000003e   Code   RO         1263    .text.USBD_LL_Reset  usbd_core.o
    0x08002aea   0x08002aea   0x0000000c   Code   RO         1269    .text.USBD_LL_Resume  usbd_core.o
    0x08002af6   0x08002af6   0x0000001c   Code   RO         1271    .text.USBD_LL_SOF   usbd_core.o
    0x08002b12   0x08002b12   0x00000006   Code   RO         1265    .text.USBD_LL_SetSpeed  usbd_core.o
    0x08002b18   0x08002b18   0x00000020   Code   RO          109    .text.USBD_LL_SetUSBAddress  usbd_conf.o
    0x08002b38   0x08002b38   0x00000056   Code   RO         1257    .text.USBD_LL_SetupStage  usbd_core.o
    0x08002b8e   0x08002b8e   0x00000002   PAD
    0x08002b90   0x08002b90   0x00000020   Code   RO          103    .text.USBD_LL_StallEP  usbd_conf.o
    0x08002bb0   0x08002bb0   0x00000020   Code   RO           93    .text.USBD_LL_Start  usbd_conf.o
    0x08002bd0   0x08002bd0   0x00000012   Code   RO         1267    .text.USBD_LL_Suspend  usbd_core.o
    0x08002be2   0x08002be2   0x00000002   PAD
    0x08002be4   0x08002be4   0x00000024   Code   RO          111    .text.USBD_LL_Transmit  usbd_conf.o
    0x08002c08   0x08002c08   0x00000016   Code   RO         1298    .text.USBD_ParseSetupRequest  usbd_ctlreq.o
    0x08002c1e   0x08002c1e   0x0000000e   Code   RO         1245    .text.USBD_RegisterClass  usbd_core.o
    0x08002c2c   0x08002c2c   0x0000001a   Code   RO         1253    .text.USBD_SetClassConfig  usbd_core.o
    0x08002c46   0x08002c46   0x0000000a   Code   RO         1247    .text.USBD_Start    usbd_core.o
    0x08002c50   0x08002c50   0x00000230   Code   RO         1290    .text.USBD_StdDevReq  usbd_ctlreq.o
    0x08002e80   0x08002e80   0x000000d2   Code   RO         1296    .text.USBD_StdEPReq  usbd_ctlreq.o
    0x08002f52   0x08002f52   0x0000003a   Code   RO         1294    .text.USBD_StdItfReq  usbd_ctlreq.o
    0x08002f8c   0x08002f8c   0x00000088   Code   RO          352    .text.USB_ActivateEndpoint  stm32f4xx_ll_usb.o
    0x08003014   0x08003014   0x00000036   Code   RO          394    .text.USB_ActivateSetup  stm32f4xx_ll_usb.o
    0x0800304a   0x0800304a   0x00000002   PAD
    0x0800304c   0x0800304c   0x0000006c   Code   RO          332    .text.USB_CoreInit  stm32f4xx_ll_usb.o
    0x080030b8   0x080030b8   0x00000030   Code   RO          334    .text.USB_CoreReset  stm32f4xx_ll_usb.o
    0x080030e8   0x080030e8   0x000000c8   Code   RO          356    .text.USB_DeactivateEndpoint  stm32f4xx_ll_usb.o
    0x080031b0   0x080031b0   0x00000018   Code   RO          376    .text.USB_DevConnect  stm32f4xx_ll_usb.o
    0x080031c8   0x080031c8   0x00000018   Code   RO          378    .text.USB_DevDisconnect  stm32f4xx_ll_usb.o
    0x080031e0   0x080031e0   0x00000150   Code   RO          342    .text.USB_DevInit   stm32f4xx_ll_usb.o
    0x08003330   0x08003330   0x0000000c   Code   RO          338    .text.USB_DisableGlobalInt  stm32f4xx_ll_usb.o
    0x0800333c   0x0800333c   0x000000f4   Code   RO          364    .text.USB_EP0StartXfer  stm32f4xx_ll_usb.o
    0x08003430   0x08003430   0x0000003e   Code   RO          396    .text.USB_EP0_OutStart  stm32f4xx_ll_usb.o
    0x0800346e   0x0800346e   0x00000030   Code   RO          370    .text.USB_EPClearStall  stm32f4xx_ll_usb.o
    0x0800349e   0x0800349e   0x00000034   Code   RO          368    .text.USB_EPSetStall  stm32f4xx_ll_usb.o
    0x080034d2   0x080034d2   0x00000002   PAD
    0x080034d4   0x080034d4   0x0000017c   Code   RO          360    .text.USB_EPStartXfer  stm32f4xx_ll_usb.o
    0x08003650   0x08003650   0x0000000c   Code   RO          336    .text.USB_EnableGlobalInt  stm32f4xx_ll_usb.o
    0x0800365c   0x0800365c   0x00000020   Code   RO          348    .text.USB_FlushRxFifo  stm32f4xx_ll_usb.o
    0x0800367c   0x0800367c   0x00000028   Code   RO          346    .text.USB_FlushTxFifo  stm32f4xx_ll_usb.o
    0x080036a4   0x080036a4   0x0000003e   Code   RO          350    .text.USB_GetDevSpeed  stm32f4xx_ll_usb.o
    0x080036e2   0x080036e2   0x00000008   Code   RO          392    .text.USB_GetMode   stm32f4xx_ll_usb.o
    0x080036ea   0x080036ea   0x0000000e   Code   RO          384    .text.USB_ReadDevAllInEpInterrupt  stm32f4xx_ll_usb.o
    0x080036f8   0x080036f8   0x0000000e   Code   RO          382    .text.USB_ReadDevAllOutEpInterrupt  stm32f4xx_ll_usb.o
    0x08003706   0x08003706   0x0000001c   Code   RO          388    .text.USB_ReadDevInEPInterrupt  stm32f4xx_ll_usb.o
    0x08003722   0x08003722   0x00000010   Code   RO          386    .text.USB_ReadDevOutEPInterrupt  stm32f4xx_ll_usb.o
    0x08003732   0x08003732   0x00000008   Code   RO          380    .text.USB_ReadInterrupts  stm32f4xx_ll_usb.o
    0x0800373a   0x0800373a   0x0000001a   Code   RO          366    .text.USB_ReadPacket  stm32f4xx_ll_usb.o
    0x08003754   0x08003754   0x0000002a   Code   RO          340    .text.USB_SetCurrentMode  stm32f4xx_ll_usb.o
    0x0800377e   0x0800377e   0x00000020   Code   RO          374    .text.USB_SetDevAddress  stm32f4xx_ll_usb.o
    0x0800379e   0x0800379e   0x00000028   Code   RO          362    .text.USB_WritePacket  stm32f4xx_ll_usb.o
    0x080037c6   0x080037c6   0x00000002   Code   RO          186    .text.UsageFault_Handler  stm32f4xx_it.o
    0x080037c8   0x080037c8   0x00000010   Code   RO         1193    .text.delay_init    delay.o
    0x080037d8   0x080037d8   0x00000016   Code   RO         1197    .text.delay_ms      delay.o
    0x080037ee   0x080037ee   0x00000002   PAD
    0x080037f0   0x080037f0   0x00000038   Code   RO         1195    .text.delay_us      delay.o
    0x08003828   0x08003828   0x00000010   Code   RO           21    .text.led_blue_toggle  led.o
    0x08003838   0x08003838   0x0000011c   Code   RO           31    .text.main          main.o
    0x08003954   0x08003954   0x0000000e   Code   RO         1442    i.__scatterload_copy  mc_w.l(handlers.o)
    0x08003962   0x08003962   0x00000002   Code   RO         1443    i.__scatterload_null  mc_w.l(handlers.o)
    0x08003964   0x08003964   0x0000000e   Code   RO         1444    i.__scatterload_zeroinit  mc_w.l(handlers.o)
    0x08003972   0x08003972   0x00000002   PAD
    0x08003974   0x08003974   0x00000050   Code   RO         1386    i.free              mc_w.l(malloc.o)
    0x080039c4   0x080039c4   0x0000006c   Code   RO         1387    i.malloc            mc_w.l(malloc.o)
    0x08003a30   0x08003a30   0x00000010   Data   RO         1182    .rodata.AHBPrescTable  system_stm32f4xx.o
    0x08003a40   0x08003a40   0x00000008   Data   RO         1183    .rodata.APBPrescTable  system_stm32f4xx.o
    0x08003a48   0x08003a48   0x00000020   Data   RO         1441    Region$$Table       anon$$obj.o


    Execution Region RW_IRAM1 (Exec base: 0x20000000, Load base: 0x08003a68, Size: 0x000027d0, Max: 0x00020000, ABSOLUTE, COMPRESSED[0x000000c0])

    Exec Addr    Load Addr    Size         Type   Attr      Idx    E Section Name        Object

    0x20000000   COMPRESSED   0x00000004   Data   RW         1436    .data               mc_w.l(mvars.o)
    0x20000004   COMPRESSED   0x00000004   Data   RW         1437    .data               mc_w.l(mvars.o)
    0x20000008   COMPRESSED   0x00000008   Data   RW         1090    .data..L_MergedGlobals  stm32f4xx_hal.o
    0x20000010   COMPRESSED   0x0000001c   Data   RW          143    .data.FS_Desc       usbd_desc.o
    0x2000002c   COMPRESSED   0x00000004   Data   RW         1181    .data.SystemCoreClock  system_stm32f4xx.o
    0x20000030   COMPRESSED   0x00000038   Data   RW         1365    .data.USBD_CDC      usbd_cdc.o
    0x20000068   COMPRESSED   0x00000043   Data   RW         1367    .data.USBD_CDC_CfgFSDesc  usbd_cdc.o
    0x200000ab   COMPRESSED   0x00000001   PAD
    0x200000ac   COMPRESSED   0x00000043   Data   RW         1366    .data.USBD_CDC_CfgHSDesc  usbd_cdc.o
    0x200000ef   COMPRESSED   0x00000001   PAD
    0x200000f0   COMPRESSED   0x0000000a   Data   RW         1369    .data.USBD_CDC_DeviceQualifierDesc  usbd_cdc.o
    0x200000fa   COMPRESSED   0x00000002   PAD
    0x200000fc   COMPRESSED   0x00000043   Data   RW         1368    .data.USBD_CDC_OtherSpeedCfgDesc  usbd_cdc.o
    0x2000013f   COMPRESSED   0x00000001   PAD
    0x20000140   COMPRESSED   0x00000012   Data   RW          144    .data.USBD_FS_DeviceDesc  usbd_desc.o
    0x20000152   COMPRESSED   0x00000002   PAD
    0x20000154   COMPRESSED   0x00000010   Data   RW          166    .data.USBD_Interface_fops_FS  usbd_cdc_if.o
    0x20000164   COMPRESSED   0x00000004   Data   RW          145    .data.USBD_LangIDDesc  usbd_desc.o
    0x20000168        -       0x00000044   Zero   RW         1231    .bss..L_MergedGlobals  usart.o
    0x200001ac        -       0x000000c8   Zero   RW         1229    .bss.USART_RX_BUF   usart.o
    0x20000274        -       0x00000001   Zero   RW         1370    .bss.USBD_CDC_Setup.ifalt  usbd_cdc.o
    0x20000275        -       0x00000001   Zero   RW         1302    .bss.USBD_SetConfig.cfgidx  usbd_ctlreq.o
    0x20000276   COMPRESSED   0x00000002   PAD
    0x20000278        -       0x00000200   Zero   RW          146    .bss.USBD_StrDesc   usbd_desc.o
    0x20000478        -       0x00000800   Zero   RW          167    .bss.UserRxBufferFS  usbd_cdc_if.o
    0x20000c78        -       0x00000800   Zero   RW          168    .bss.UserTxBufferFS  usbd_cdc_if.o
    0x20001478        -       0x00000004   Zero   RW         1199    .bss.fac_us         delay.o
    0x2000147c        -       0x00000224   Zero   RW           55    .bss.hUsbDeviceFS   usb_device.o
    0x200016a0        -       0x00000040   Zero   RW           39    .bss.hdcmi          main.o
    0x200016e0        -       0x00000060   Zero   RW           40    .bss.hdma_dcmi      main.o
    0x20001740        -       0x000003f0   Zero   RW          119    .bss.hpcd_USB_OTG_FS  usbd_conf.o
    0x20001b30        -       0x00000058   Zero   RW           41    .bss.hspi1          main.o
    0x20001b88        -       0x00000040   Zero   RW           42    .bss.huart1         main.o
    0x20001bc8        -       0x00000004   Zero   RW         1089    .bss.uwTick         stm32f4xx_hal.o
    0x20001bcc   COMPRESSED   0x00000004   PAD
    0x20001bd0        -       0x00000400   Zero   RW            2    HEAP                startup_stm32f407xx.o
    0x20001fd0        -       0x00000800   Zero   RW            1    STACK               startup_stm32f407xx.o


==============================================================================

Image component sizes


      Code (inc. data)   RO Data    RW Data    ZI Data      Debug   Object Name

        94          8          0          0          4       1561   delay.o
        16          4          0          0          0       1753   led.o
       466         44          0          0        312      10210   main.o
        36          8        392          0       3072        812   startup_stm32f407xx.o
       176         16          0          8          4       7059   stm32f4xx_hal.o
       212         28          0          0          0       9716   stm32f4xx_hal_cortex.o
       112          0          0          0          0       3387   stm32f4xx_hal_dcmi_ex.o
       748         20          0          0          0       8302   stm32f4xx_hal_dma.o
       396         24          0          0          0       4775   stm32f4xx_hal_gpio.o
       652         32          0          0          0       7982   stm32f4xx_hal_msp.o
      2414         76          0          0          0      11915   stm32f4xx_hal_pcd.o
        88          0          0          0          0       3299   stm32f4xx_hal_pcd_ex.o
      1316         48          0          0          0       7024   stm32f4xx_hal_rcc.o
       126          0          0          0          0      18069   stm32f4xx_hal_spi.o
      1100         16          0          0          0      15790   stm32f4xx_hal_uart.o
        40          4          0          0          0       1163   stm32f4xx_it.o
       288          0          0          0          0       4989   stm32f4xx_ll_gpio.o
      2102         44          0          0          0      16728   stm32f4xx_ll_usb.o
        76         16         24          4          0       2560   system_stm32f4xx.o
       164         20          0          0        268       4398   usart.o
        56         16          0          0        548       2635   usb_device.o
       544         24          0        267          1       6934   usbd_cdc.o
        72         12          0         16       4096       2366   usbd_cdc_if.o
       696         16          0          0       1008      14264   usbd_conf.o
       614          0          0          0          0       6409   usbd_core.o
       964         28          0          0          1       6982   usbd_ctlreq.o
       232        116          0         50        512       2492   usbd_desc.o
       128          0          0          0          0       4070   usbd_ioreq.o

    ----------------------------------------------------------------------
     13946        620        448        352       9832     187644   Object Totals
         0          0         32          0          0          0   (incl. Generated)
        18          0          0          7          6          0   (incl. Padding)

    ----------------------------------------------------------------------

      Code (inc. data)   RO Data    RW Data    ZI Data      Debug   Library Member Name

        86          0          0          0          0          0   __dczerorl2.o
         0          0          0          0          0          0   entry.o
         0          0          0          0          0          0   entry10a.o
         0          0          0          0          0          0   entry11a.o
         8          4          0          0          0          0   entry2.o
         4          0          0          0          0          0   entry5.o
         0          0          0          0          0          0   entry7b.o
         0          0          0          0          0          0   entry8b.o
         8          4          0          0          0          0   entry9a.o
        30          0          0          0          0          0   handlers.o
        36          8          0          0          0         68   init.o
        30          0          0          0          0         68   llshl.o
        32          0          0          0          0         68   llushr.o
       188         20          0          0          0        160   malloc.o
        36          0          0          0          0        108   memseta.o
         0          0          0          8          0          0   mvars.o
        98          0          0          0          0         92   uldiv.o

    ----------------------------------------------------------------------
       558         36          0          8          0        564   Library Totals
         2          0          0          0          0          0   (incl. Padding)

    ----------------------------------------------------------------------

      Code (inc. data)   RO Data    RW Data    ZI Data      Debug   Library Name

       556         36          0          8          0        564   mc_w.l

    ----------------------------------------------------------------------
       558         36          0          8          0        564   Library Totals

    ----------------------------------------------------------------------

==============================================================================


      Code (inc. data)   RO Data    RW Data    ZI Data      Debug   

     14504        656        448        360       9832     187868   Grand Totals
     14504        656        448        192       9832     187868   ELF Image Totals (compressed)
     14504        656        448        192          0          0   ROM Totals

==============================================================================

    Total RO  Size (Code + RO Data)                14952 (  14.60kB)
    Total RW  Size (RW Data + ZI Data)             10192 (   9.95kB)
    Total ROM Size (Code + RO Data + RW Data)      15144 (  14.79kB)

==============================================================================

