<html>
<body>
<pre>
<h1>礦ision Build Log</h1>
<h2>Tool Versions:</h2>
IDE-Version: μVision V5.14.0.0
Copyright (C) 2015 ARM Ltd and ARM Germany GmbH. All rights reserved.
License Information: RRR Microsoft, Microsoft, LIC=P6FSB-2P80I-VHA87-E6FM2-ECBLM-Y6J9H
 
Tool Versions:
Toolchain:       MDK-ARM Professional  Version: 5.14.0.0
Toolchain Path:  C:\Keil_v5\ARM\ARMCC\Bin
C Compiler:      Armcc.exe V5.05 update 1 (build 106)
Assembler:       Armasm.exe V5.05 update 1 (build 106)
Linker/Locator:  ArmLink.exe V5.05 update 1 (build 106)
Library Manager: ArmAr.exe V5.05 update 1 (build 106)
Hex Converter:   FromElf.exe V5.05 update 1 (build 106)
CPU DLL:         SARMCM3.DLL V5.14.0.0
Dialog DLL:      DARMSTM.DLL V1.65.0.0
Target DLL:      STLink\ST-LINKIII-KEIL_SWO.dll V2.0.14.0_KEIL
Dialog DLL:      TARMSTM.DLL V1.64.0.0
 
<h2>Project:</h2>
E:\图像处理测试\照相机实验+921600+自动拍照+双串口\USER\CAMERA.uvprojx
Project File Date:  09/10/2018

<h2>Output:</h2>
Build target 'CAMERA'
compiling main.c...
main.c(89): warning:  #550-D: variable "res" was set but never used
        u8 res;                                                  
main.c(91): warning:  #177-D: variable "key" was declared but never referenced
        u8 key;                                 //键值             
main.c: 2 warnings, 0 errors
linking...
Program Size: Code=51734 RO-data=9890 RW-data=484 ZI-data=50376  
FromELF: creating hex file...
"..\OBJ\CAMERA.axf" - 0 Error(s), 2 Warning(s).

<h2>Collection of Component include folders:</h2>
  E:\图像处理测试\照相机实验+921600+自动拍照+双串口\USER\RTE
  C:\Keil_v5\ARM\PACK\Keil\STM32F1xx_DFP\1.0.5\Device\Include

<h2>Collection of Component Files used:</h2>
</pre>
</body>
</html>
