Component: ARM Compiler 5.06 update 6 (build 750) Tool: armlink [4d35ed]

==============================================================================

Section Cross References

    main.o(.text) refers to _printf_pad.o(.text) for _printf_pre_padding
    main.o(.text) refers to _printf_percent.o(.ARM.Collect$$_printf_percent$$00000000) for _printf_percent
    main.o(.text) refers to _printf_x.o(.ARM.Collect$$_printf_percent$$0000000C) for _printf_x
    main.o(.text) refers to _printf_hex_int.o(.text) for _printf_longlong_hex
    main.o(.text) refers to stm32f4xx_rcc.o(.text) for RCC_AHB1PeriphClockCmd
    main.o(.text) refers to stm32f4xx_gpio.o(.text) for GPIO_Init
    main.o(.text) refers to noretval__2printf.o(.text) for __2printf
    main.o(.text) refers to misc.o(.text) for NVIC_PriorityGroupConfig
    main.o(.text) refers to delay.o(.text) for delay_init
    main.o(.text) refers to usart.o(.text) for uart_init
    main.o(.text) refers to ov2640.o(.text) for OV2640_Init
    main.o(.text) refers to dcmi.o(.text) for My_DCMI_Init
    main.o(.text) refers to main.o(.ARM.__AT_0x20001000) for buff
    system_stm32f4xx.o(.text) refers to system_stm32f4xx.o(.data) for SystemCoreClock
    led.o(.text) refers to stm32f4xx_rcc.o(.text) for RCC_AHB1PeriphClockCmd
    led.o(.text) refers to stm32f4xx_gpio.o(.text) for GPIO_Init
    key.o(.text) refers to stm32f4xx_rcc.o(.text) for RCC_AHB1PeriphClockCmd
    key.o(.text) refers to stm32f4xx_gpio.o(.text) for GPIO_Init
    key.o(.text) refers to delay.o(.text) for delay_ms
    key.o(.text) refers to key.o(.data) for key_up
    dcmi.o(.text) refers to stm32f4xx_rcc.o(.text) for RCC_AHB1PeriphClockCmd
    dcmi.o(.text) refers to stm32f4xx_dma.o(.text) for DMA_DeInit
    dcmi.o(.text) refers to misc.o(.text) for NVIC_Init
    dcmi.o(.text) refers to stm32f4xx_gpio.o(.text) for GPIO_Init
    dcmi.o(.text) refers to stm32f4xx_dcmi.o(.text) for DCMI_DeInit
    dcmi.o(.text) refers to lcd_driver.o(.text) for Lcd_SetRegion
    dcmi.o(.text) refers to noretval__2printf.o(.text) for __2printf
    dcmi.o(.text) refers to dcmi.o(.bss) for DCMI_InitStructure
    dcmi.o(.text) refers to dcmi.o(.data) for j
    dcmi.o(.text) refers to main.o(.ARM.__AT_0x20001000) for buff
    usart2.o(.text) refers to stm32f4xx_rcc.o(.text) for RCC_AHB1PeriphClockCmd
    usart2.o(.text) refers to stm32f4xx_gpio.o(.text) for GPIO_Init
    usart2.o(.text) refers to stm32f4xx_usart.o(.text) for USART_Init
    timer.o(.text) refers to _printf_percent.o(.ARM.Collect$$_printf_percent$$00000000) for _printf_percent
    timer.o(.text) refers to _printf_d.o(.ARM.Collect$$_printf_percent$$00000009) for _printf_d
    timer.o(.text) refers to _printf_dec.o(.text) for _printf_int_dec
    timer.o(.text) refers to stm32f4xx_rcc.o(.text) for RCC_APB1PeriphClockCmd
    timer.o(.text) refers to stm32f4xx_tim.o(.text) for TIM_TimeBaseInit
    timer.o(.text) refers to misc.o(.text) for NVIC_Init
    timer.o(.text) refers to noretval__2printf.o(.text) for __2printf
    stmflash.o(.text) refers to stm32f4xx_flash.o(.text) for FLASH_Unlock
    gui.o(.text) refers to lcd_driver.o(.text) for Gui_DrawPoint
    gui.o(.text) refers to gui.o(.constdata) for asc16
    lcd_driver.o(.text) refers to stm32f4xx_rcc.o(.text) for RCC_APB2PeriphClockCmd
    lcd_driver.o(.text) refers to stm32f4xx_gpio.o(.text) for GPIO_Init
    lcd_driver.o(.text) refers to stm32f4xx_spi.o(.text) for SPI_Init
    lcd_driver.o(.text) refers to delay.o(.text) for delay_ms
    qdtft_demo.o(.text) refers to lcd_driver.o(.text) for Lcd_Clear
    qdtft_demo.o(.text) refers to gui.o(.text) for Gui_DrawFont_GBK16
    qdtft_demo.o(.text) refers to delay.o(.text) for delay_ms
    qdtft_demo.o(.text) refers to qdtft_demo.o(.data) for Num
    ov2640.o(.text) refers to _printf_percent.o(.ARM.Collect$$_printf_percent$$00000000) for _printf_percent
    ov2640.o(.text) refers to _printf_d.o(.ARM.Collect$$_printf_percent$$00000009) for _printf_d
    ov2640.o(.text) refers to _printf_dec.o(.text) for _printf_int_dec
    ov2640.o(.text) refers to stm32f4xx_rcc.o(.text) for RCC_AHB1PeriphClockCmd
    ov2640.o(.text) refers to stm32f4xx_gpio.o(.text) for GPIO_Init
    ov2640.o(.text) refers to delay.o(.text) for delay_ms
    ov2640.o(.text) refers to sccb.o(.text) for SCCB_Init
    ov2640.o(.text) refers to noretval__2printf.o(.text) for __2printf
    ov2640.o(.text) refers to ov2640.o(.constdata) for OV2640_QQVGA
    sccb.o(.text) refers to stm32f4xx_rcc.o(.text) for RCC_AHB1PeriphClockCmd
    sccb.o(.text) refers to stm32f4xx_gpio.o(.text) for GPIO_Init
    sccb.o(.text) refers to delay.o(.text) for delay_us
    delay.o(.text) refers to misc.o(.text) for SysTick_CLKSourceConfig
    delay.o(.text) refers to delay.o(.data) for fac_us
    usart.o(.rev16_text) refers (Special) to use_no_semi_2.o(.text) for __use_no_semihosting
    usart.o(.revsh_text) refers (Special) to use_no_semi_2.o(.text) for __use_no_semihosting
[...]
    ..\\FWLIB\\src\\stm32f4xx_tim.c          0x00000000   Number         0  stm32f4xx_tim.o ABSOLUTE
    ..\\FWLIB\\src\\stm32f4xx_usart.c        0x00000000   Number         0  stm32f4xx_usart.o ABSOLUTE
    ..\\HARDWARE\\DCMI\\dcmi.c               0x00000000   Number         0  dcmi.o ABSOLUTE
    ..\\HARDWARE\\KEY\\key.c                 0x00000000   Number         0  key.o ABSOLUTE
    ..\\HARDWARE\\LCD\\GUI.c                 0x00000000   Number         0  gui.o ABSOLUTE
    ..\\HARDWARE\\LCD\\Lcd_Driver.c          0x00000000   Number         0  lcd_driver.o ABSOLUTE
    ..\\HARDWARE\\LCD\\QDTFT_demo.c          0x00000000   Number         0  qdtft_demo.o ABSOLUTE
    ..\\HARDWARE\\LED\\led.c                 0x00000000   Number         0  led.o ABSOLUTE
    ..\\HARDWARE\\OV2640\\ov2640.c           0x00000000   Number         0  ov2640.o ABSOLUTE
    ..\\HARDWARE\\OV2640\\sccb.c             0x00000000   Number         0  sccb.o ABSOLUTE
    ..\\HARDWARE\\STMFLASH\\stmflash.c       0x00000000   Number         0  stmflash.o ABSOLUTE
    ..\\HARDWARE\\TIMER\\timer.c             0x00000000   Number         0  timer.o ABSOLUTE
    ..\\HARDWARE\\USART2\\usart2.c           0x00000000   Number         0  usart2.o ABSOLUTE
    ..\\SYSTEM\\delay\\delay.c               0x00000000   Number         0  delay.o ABSOLUTE
    ..\\SYSTEM\\sys\\sys.c                   0x00000000   Number         0  sys.o ABSOLUTE
    ..\\SYSTEM\\usart\\usart.c               0x00000000   Number         0  usart.o ABSOLUTE
    ..\\USMART\\usmart.c                     0x00000000   Number         0  usmart.o ABSOLUTE
    ..\\USMART\\usmart_config.c              0x00000000   Number         0  usmart_config.o ABSOLUTE
    ..\\USMART\\usmart_str.c                 0x00000000   Number         0  usmart_str.o ABSOLUTE
    dc.s                                     0x00000000   Number         0  dc.o ABSOLUTE
    main.c                                   0x00000000   Number         0  main.o ABSOLUTE
    main.c                                   0x00000000   Number         0  main.o ABSOLUTE
    stm32f4xx_it.c                           0x00000000   Number         0  stm32f4xx_it.o ABSOLUTE
    stm32f4xx_it.c                           0x00000000   Number         0  stm32f4xx_it.o ABSOLUTE
    system_stm32f4xx.c                       0x00000000   Number         0  system_stm32f4xx.o ABSOLUTE
    system_stm32f4xx.c                       0x00000000   Number         0  system_stm32f4xx.o ABSOLUTE
    RESET                                    0x08000000   Section      392  startup_stm32f40_41xxx.o(RESET)
    !!!main                                  0x08000188   Section        8  __main.o(!!!main)
    !!!scatter                               0x08000190   Section       52  __scatter.o(!!!scatter)
    !!dczerorl2                              0x080001c4   Section       90  __dczerorl2.o(!!dczerorl2)
    !!handler_zi                             0x08000220   Section       28  __scatter_zi.o(!!handler_zi)
    .ARM.Collect$$_printf_percent$$00000000  0x0800023c   Section        0  _printf_percent.o(.ARM.Collect$$_printf_percent$$00000000)
    .ARM.Collect$$_printf_percent$$00000009  0x0800023c   Section        6  _printf_d.o(.ARM.Collect$$_printf_percent$$00000009)
    .ARM.Collect$$_printf_percent$$0000000A  0x08000242   Section        6  _printf_u.o(.ARM.Collect$$_printf_percent$$0000000A)
    .ARM.Collect$$_printf_percent$$0000000C  0x08000248   Section        6  _printf_x.o(.ARM.Collect$$_printf_percent$$0000000C)
    .ARM.Collect$$_printf_percent$$00000013  0x0800024e   Section        6  _printf_c.o(.ARM.Collect$$_printf_percent$$00000013)
    .ARM.Collect$$_printf_percent$$00000014  0x08000254   Section        6  _printf_s.o(.ARM.Collect$$_printf_percent$$00000014)
    .ARM.Collect$$_printf_percent$$00000017  0x0800025a   Section        4  _printf_percent_end.o(.ARM.Collect$$_printf_percent$$00000017)
    .ARM.Collect$$libinit$$00000000          0x0800025e   Section        2  libinit.o(.ARM.Collect$$libinit$$00000000)
    .ARM.Collect$$libinit$$00000001          0x08000260   Section        4  libinit2.o(.ARM.Collect$$libinit$$00000001)
    .ARM.Collect$$libinit$$00000004          0x08000264   Section        0  libinit2.o(.ARM.Collect$$libinit$$00000004)
    .ARM.Collect$$libinit$$0000000A          0x08000264   Section        0  libinit2.o(.ARM.Collect$$libinit$$0000000A)
    .ARM.Collect$$libinit$$0000000C          0x08000264   Section        0  libinit2.o(.ARM.Collect$$libinit$$0000000C)
    .ARM.Collect$$libinit$$0000000E          0x08000264   Section        0  libinit2.o(.ARM.Collect$$libinit$$0000000E)
    .ARM.Collect$$libinit$$00000011          0x08000264   Section        0  libinit2.o(.ARM.Collect$$libinit$$00000011)
    .ARM.Collect$$libinit$$00000013          0x08000264   Section        0  libinit2.o(.ARM.Collect$$libinit$$00000013)
    .ARM.Collect$$libinit$$00000015          0x08000264   Section        0  libinit2.o(.ARM.Collect$$libinit$$00000015)
    .ARM.Collect$$libinit$$00000017          0x08000264   Section        0  libinit2.o(.ARM.Collect$$libinit$$00000017)
    .ARM.Collect$$libinit$$00000019          0x08000264   Section        0  libinit2.o(.ARM.Collect$$libinit$$00000019)
    .ARM.Collect$$libinit$$0000001B          0x08000264   Section        0  libinit2.o(.ARM.Collect$$libinit$$0000001B)
    .ARM.Collect$$libinit$$0000001D          0x08000264   Section        0  libinit2.o(.ARM.Collect$$libinit$$0000001D)
    .ARM.Collect$$libinit$$0000001F          0x08000264   Section        0  libinit2.o(.ARM.Collect$$libinit$$0000001F)
    .ARM.Collect$$libinit$$00000021          0x08000264   Section        0  libinit2.o(.ARM.Collect$$libinit$$00000021)
    .ARM.Collect$$libinit$$00000023          0x08000264   Section        0  libinit2.o(.ARM.Collect$$libinit$$00000023)
    .ARM.Collect$$libinit$$00000025          0x08000264   Section        0  libinit2.o(.ARM.Collect$$libinit$$00000025)
    .ARM.Collect$$libinit$$0000002C          0x08000264   Section        0  libinit2.o(.ARM.Collect$$libinit$$0000002C)
    .ARM.Collect$$libinit$$0000002E          0x08000264   Section        0  libinit2.o(.ARM.Collect$$libinit$$0000002E)
    .ARM.Collect$$libinit$$00000030          0x08000264   Section        0  libinit2.o(.ARM.Collect$$libinit$$00000030)
    .ARM.Collect$$libinit$$00000032          0x08000264   Section        0  libinit2.o(.ARM.Collect$$libinit$$00000032)
    .ARM.Collect$$libinit$$00000033          0x08000264   Section        2  libinit2.o(.ARM.Collect$$libinit$$00000033)
    .ARM.Collect$$libshutdown$$00000000      0x08000266   Section        2  libshutdown.o(.ARM.Collect$$libshutdown$$00000000)
    .ARM.Collect$$libshutdown$$00000002      0x08000268   Section        0  libshutdown2.o(.ARM.Collect$$libshutdown$$00000002)
    .ARM.Collect$$libshutdown$$00000004      0x08000268   Section        0  libshutdown2.o(.ARM.Collect$$libshutdown$$00000004)
    .ARM.Collect$$libshutdown$$00000007      0x08000268   Section        0  libshutdown2.o(.ARM.Collect$$libshutdown$$00000007)
    .ARM.Collect$$libshutdown$$0000000A      0x08000268   Section        0  libshutdown2.o(.ARM.Collect$$libshutdown$$0000000A)
    .ARM.Collect$$libshutdown$$0000000C      0x08000268   Section        0  libshutdown2.o(.ARM.Collect$$libshutdown$$0000000C)
    .ARM.Collect$$libshutdown$$0000000F      0x08000268   Section        0  libshutdown2.o(.ARM.Collect$$libshutdown$$0000000F)
    .ARM.Collect$$libshutdown$$00000010      0x08000268   Section        2  libshutdown2.o(.ARM.Collect$$libshutdown$$00000010)
    .ARM.Collect$$rtentry$$00000000          0x0800026a   Section        0  __rtentry.o(.ARM.Collect$$rtentry$$00000000)
    .ARM.Collect$$rtentry$$00000002          0x0800026a   Section        0  __rtentry2.o(.ARM.Collect$$rtentry$$00000002)
    .ARM.Collect$$rtentry$$00000004          0x0800026a   Section        6  __rtentry4.o(.ARM.Collect$$rtentry$$00000004)
    .ARM.Collect$$rtentry$$00000009          0x08000270   Section        0  __rtentry2.o(.ARM.Collect$$rtentry$$00000009)
    .ARM.Collect$$rtentry$$0000000A          0x08000270   Section        4  __rtentry2.o(.ARM.Collect$$rtentry$$0000000A)
    .ARM.Collect$$rtentry$$0000000C          0x08000274   Section        0  __rtentry2.o(.ARM.Collect$$rtentry$$0000000C)
    .ARM.Collect$$rtentry$$0000000D          0x08000274   Section        8  __rtentry2.o(.ARM.Collect$$rtentry$$0000000D)
    .ARM.Collect$$rtexit$$00000000           0x0800027c   Section        2  rtexit.o(.ARM.Collect$$rtexit$$00000000)
    .ARM.Collect$$rtexit$$00000002           0x0800027e   Section        0  rtexit2.o(.ARM.Collect$$rtexit$$00000002)
    .ARM.Collect$$rtexit$$00000003           0x0800027e   Section        4  rtexit2.o(.ARM.Collect$$rtexit$$00000003)
    .ARM.Collect$$rtexit$$00000004           0x08000282   Section        6  rtexit2.o(.ARM.Collect$$rtexit$$00000004)
    .text                                    0x08000288   Section        0  main.o(.text)
    .text                                    0x080003e0   Section        0  stm32f4xx_it.o(.text)
    .text                                    0x0800040c   Section        0  system_stm32f4xx.o(.text)
    SetSysClock                              0x0800040d   Thumb Code   220  system_stm32f4xx.o(.text)
    .text                                    0x0800061c   Section        0  dcmi.o(.text)
    .text                                    0x080009d8   Section        0  timer.o(.text)
    .text                                    0x08000a60   Section        0  lcd_driver.o(.text)
    .text                                    0x08000ff0   Section        0  ov2640.o(.text)
    .text                                    0x08001610   Section        0  sccb.o(.text)
    .text                                    0x08001884   Section        0  delay.o(.text)
    .text                                    0x08001988   Section        0  usart.o(.text)
    .text                                    0x08001ad4   Section       60  startup_stm32f40_41xxx.o(.text)
    $v0                                      0x08001ad4   Number         0  startup_stm32f40_41xxx.o(.text)
    .text                                    0x08001b10   Section        0  misc.o(.text)
    .text                                    0x08001bf0   Section        0  stm32f4xx_dcmi.o(.text)
    .text                                    0x08001d7c   Section        0  stm32f4xx_gpio.o(.text)
    .text                                    0x08002010   Section        0  stm32f4xx_dma.o(.text)
    .text                                    0x080023b8   Section        0  stm32f4xx_rcc.o(.text)
    .text                                    0x08002a14   Section        0  stm32f4xx_usart.o(.text)
    .text                                    0x08002e68   Section        0  stm32f4xx_tim.o(.text)
    TI4_Config                               0x08003607   Thumb Code    80  stm32f4xx_tim.o(.text)
    TI3_Config                               0x08003669   Thumb Code    72  stm32f4xx_tim.o(.text)
    TI2_Config                               0x080036cb   Thumb Code    90  stm32f4xx_tim.o(.text)
    TI1_Config                               0x08003737   Thumb Code    58  stm32f4xx_tim.o(.text)
    .text                                    0x08003b0c   Section        0  stm32f4xx_spi.o(.text)
    .text                                    0x08003f8c   Section        0  usmart.o(.text)
    .text                                    0x08004bc0   Section        0  usmart_str.o(.text)
    .text                                    0x080050e8   Section        2  use_no_semi_2.o(.text)
    .text                                    0x080050ec   Section        0  noretval__2printf.o(.text)
    .text                                    0x08005104   Section        0  _printf_pad.o(.text)
    .text                                    0x08005152   Section        0  _printf_str.o(.text)
    .text                                    0x080051a4   Section        0  _printf_dec.o(.text)
    .text                                    0x0800521c   Section        0  _printf_hex_int.o(.text)
    .text                                    0x08005274   Section        0  __printf_flags_ss_wp.o(.text)
    .text                                    0x080053fc   Section        0  heapauxi.o(.text)
    .text                                    0x08005402   Section        2  use_no_semi.o(.text)
    .text                                    0x08005404   Section        0  _printf_intcommon.o(.text)
    .text                                    0x080054b6   Section        0  _printf_char.o(.text)
    .text                                    0x080054e4   Section        0  _printf_char_file.o(.text)
    .text                                    0x08005508   Section        0  _printf_char_common.o(.text)
    _printf_input_char                       0x08005509   Thumb Code    10  _printf_char_common.o(.text)
    .text                                    0x08005538   Section        0  ferror.o(.text)
    .text                                    0x08005540   Section       74  sys_stackheap_outer.o(.text)
    .text                                    0x0800558a   Section        0  exit.o(.text)
    .text                                    0x0800559c   Section        8  libspace.o(.text)
    i._is_digit                              0x080055a4   Section        0  __printf_wp.o(i._is_digit)
    x$fpl$fpinit                             0x080055b2   Section       10  fpinit.o(x$fpl$fpinit)
    $v0                                      0x080055b2   Number         0  fpinit.o(x$fpl$fpinit)
    .constdata                               0x080055bc   Section     1938  ov2640.o(.constdata)
    OV2640_AUTOEXPOSURE_LEVEL                0x08005d26   Data          40  ov2640.o(.constdata)
    .constdata                               0x08005d4e   Section       40  _printf_hex_int.o(.constdata)
    uc_hextab                                0x08005d4e   Data          20  _printf_hex_int.o(.constdata)
    lc_hextab                                0x08005d62   Data          20  _printf_hex_int.o(.constdata)
    .constdata                               0x08005d76   Section       17  __printf_flags_ss_wp.o(.constdata)
    maptable                                 0x08005d76   Data          17  __printf_flags_ss_wp.o(.constdata)
    .conststring                             0x08005d88   Section       40  usmart.o(.conststring)
    .conststring                             0x08005db0   Section      163  usmart_config.o(.conststring)
    .data                                    0x20000000   Section       20  system_stm32f4xx.o(.data)
    .data                                    0x20000014   Section       10  dcmi.o(.data)
    .data                                    0x2000001e   Section        4  delay.o(.data)
    fac_us                                   0x2000001e   Data           1  delay.o(.data)
    fac_ms                                   0x20000020   Data           2  delay.o(.data)
    .data                                    0x20000024   Section        6  usart.o(.data)
    .data                                    0x2000002a   Section       16  stm32f4xx_rcc.o(.data)
    APBAHBPrescTable                         0x2000002a   Data          16  stm32f4xx_rcc.o(.data)
    .data                                    0x2000003c   Section       28  usmart.o(.data)
    .data                                    0x20000058   Section      292  usmart_config.o(.data)
    .bss                                     0x2000017c   Section       14  dcmi.o(.bss)
    .bss                                     0x2000018a   Section      200  usart.o(.bss)
    .bss                                     0x20000254   Section       96  libspace.o(.bss)
    HEAP                                     0x200002b8   Section        0  startup_stm32f40_41xxx.o(HEAP)
    STACK                                    0x200002b8   Section     1024  startup_stm32f40_41xxx.o(STACK)
    Heap_Mem                                 0x200002b8   Data           0  startup_stm32f40_41xxx.o(HEAP)
    Stack_Mem                                0x200002b8   Data        1024  startup_stm32f40_41xxx.o(STACK)
    __initial_sp                             0x200006b8   Data           0  startup_stm32f40_41xxx.o(STACK)
    .ARM.__AT_0x20001000                     0x20001000   Section    38400  main.o(.ARM.__AT_0x20001000)

    Global Symbols

    Symbol Name                              Value     Ov Type        Size  Object(Section)

    BuildAttributes$$THM_ISAv4$E$P$D$K$B$S$7EM$VFPi3$EXTD16$VFPS$VFMA$PE$A:L22UL41UL21$X:L11$S22US41US21$IEEE1$IW$USESV6$~STKCKD$USESV7$~SHL$OSPACE$ROPI$EBA8$UX$STANDARDLIB$REQ8$PRES8$EABIv2 0x00000000   Number         0  anon$$obj.o ABSOLUTE
    __ARM_use_no_argv                        0x00000000   Number         0  main.o ABSOLUTE
    _printf_flags                            0x00000000   Number         0  printf_stubs.o ABSOLUTE
    _printf_return_value                     0x00000000   Number         0  printf_stubs.o ABSOLUTE
    _printf_sizespec                         0x00000000   Number         0  printf_stubs.o ABSOLUTE
    _printf_widthprec                        0x00000000   Number         0  printf_stubs.o ABSOLUTE
    __ARM_exceptions_init                     - Undefined Weak Reference
    __alloca_initialize                       - Undefined Weak Reference
    __arm_preinit_                            - Undefined Weak Reference
    __cpp_initialize__aeabi_                  - Undefined Weak Reference
    __cxa_finalize                            - Undefined Weak Reference
    __rt_locale                               - Undefined Weak Reference
    __sigvec_lookup                           - Undefined Weak Reference
    _atexit_init                              - Undefined Weak Reference
    _call_atexit_fns                          - Undefined Weak Reference
    _clock_init                               - Undefined Weak Reference
    _fp_trap_init                             - Undefined Weak Reference
    _fp_trap_shutdown                         - Undefined Weak Reference
    _get_lc_collate                           - Undefined Weak Reference
    _get_lc_ctype                             - Undefined Weak Reference
    _get_lc_monetary                          - Undefined Weak Reference
    _get_lc_numeric                           - Undefined Weak Reference
    _get_lc_time                              - Undefined Weak Reference
    _getenv_init                              - Undefined Weak Reference
    _handle_redirection                       - Undefined Weak Reference
    _init_alloc                               - Undefined Weak Reference
    _init_user_alloc                          - Undefined Weak Reference
    _initio                                   - Undefined Weak Reference
    _mutex_acquire                            - Undefined Weak Reference
    _mutex_release                            - Undefined Weak Reference
    _printf_mbtowc                            - Undefined Weak Reference
    _printf_truncate_signed                   - Undefined Weak Reference
    _printf_truncate_unsigned                 - Undefined Weak Reference
    _rand_init                                - Undefined Weak Reference
    _signal_finish                            - Undefined Weak Reference
    _signal_init                              - Undefined Weak Reference
    _terminate_alloc                          - Undefined Weak Reference
    _terminate_user_alloc                     - Undefined Weak Reference
    _terminateio                              - Undefined Weak Reference
    __Vectors_Size                           0x00000188   Number         0  startup_stm32f40_41xxx.o ABSOLUTE
    __Vectors                                0x08000000   Data           4  startup_stm32f40_41xxx.o(RESET)
    __Vectors_End                            0x08000188   Data           0  startup_stm32f40_41xxx.o(RESET)
    __main                                   0x08000189   Thumb Code     8  __main.o(!!!main)
    __scatterload                            0x08000191   Thumb Code     0  __scatter.o(!!!scatter)
    __scatterload_rt2                        0x08000191   Thumb Code    44  __scatter.o(!!!scatter)
    __scatterload_rt2_thumb_only             0x08000191   Thumb Code     0  __scatter.o(!!!scatter)
    __scatterload_null                       0x0800019f   Thumb Code     0  __scatter.o(!!!scatter)
    __decompress                             0x080001c5   Thumb Code    90  __dczerorl2.o(!!dczerorl2)
    __decompress1                            0x080001c5   Thumb Code     0  __dczerorl2.o(!!dczerorl2)
    __scatterload_zeroinit                   0x08000221   Thumb Code    28  __scatter_zi.o(!!handler_zi)
    _printf_d                                0x0800023d   Thumb Code     0  _printf_d.o(.ARM.Collect$$_printf_percent$$00000009)
    _printf_percent                          0x0800023d   Thumb Code     0  _printf_percent.o(.ARM.Collect$$_printf_percent$$00000000)
    _printf_u                                0x08000243   Thumb Code     0  _printf_u.o(.ARM.Collect$$_printf_percent$$0000000A)
    _printf_x                                0x08000249   Thumb Code     0  _printf_x.o(.ARM.Collect$$_printf_percent$$0000000C)
    _printf_c                                0x0800024f   Thumb Code     0  _printf_c.o(.ARM.Collect$$_printf_percent$$00000013)
    _printf_s                                0x08000255   Thumb Code     0  _printf_s.o(.ARM.Collect$$_printf_percent$$00000014)
    _printf_percent_end                      0x0800025b   Thumb Code     0  _printf_percent_end.o(.ARM.Collect$$_printf_percent$$00000017)
    __rt_lib_init                            0x0800025f   Thumb Code     0  libinit.o(.ARM.Collect$$libinit$$00000000)
    __rt_lib_init_fp_1                       0x08000261   Thumb Code     0  libinit2.o(.ARM.Collect$$libinit$$00000001)
    __rt_lib_init_alloca_1                   0x08000265   Thumb Code     0  libinit2.o(.ARM.Collect$$libinit$$0000002E)
    __rt_lib_init_argv_1                     0x08000265   Thumb Code     0  libinit2.o(.ARM.Collect$$libinit$$0000002C)
    __rt_lib_init_atexit_1                   0x08000265   Thumb Code     0  libinit2.o(.ARM.Collect$$libinit$$0000001B)
    __rt_lib_init_clock_1                    0x08000265   Thumb Code     0  libinit2.o(.ARM.Collect$$libinit$$00000021)
    __rt_lib_init_cpp_1                      0x08000265   Thumb Code     0  libinit2.o(.ARM.Collect$$libinit$$00000032)
    __rt_lib_init_exceptions_1               0x08000265   Thumb Code     0  libinit2.o(.ARM.Collect$$libinit$$00000030)
    __rt_lib_init_fp_trap_1                  0x08000265   Thumb Code     0  libinit2.o(.ARM.Collect$$libinit$$0000001F)
    __rt_lib_init_getenv_1                   0x08000265   Thumb Code     0  libinit2.o(.ARM.Collect$$libinit$$00000023)
    __rt_lib_init_heap_1                     0x08000265   Thumb Code     0  libinit2.o(.ARM.Collect$$libinit$$0000000A)
    __rt_lib_init_lc_collate_1               0x08000265   Thumb Code     0  libinit2.o(.ARM.Collect$$libinit$$00000011)
    __rt_lib_init_lc_ctype_1                 0x08000265   Thumb Code     0  libinit2.o(.ARM.Collect$$libinit$$00000013)
    __rt_lib_init_lc_monetary_1              0x08000265   Thumb Code     0  libinit2.o(.ARM.Collect$$libinit$$00000015)
    __rt_lib_init_lc_numeric_1               0x08000265   Thumb Code     0  libinit2.o(.ARM.Collect$$libinit$$00000017)
    __rt_lib_init_lc_time_1                  0x08000265   Thumb Code     0  libinit2.o(.ARM.Collect$$libinit$$00000019)
    __rt_lib_init_preinit_1                  0x08000265   Thumb Code     0  libinit2.o(.ARM.Collect$$libinit$$00000004)
    __rt_lib_init_rand_1                     0x08000265   Thumb Code     0  libinit2.o(.ARM.Collect$$libinit$$0000000E)
    __rt_lib_init_return                     0x08000265   Thumb Code     0  libinit2.o(.ARM.Collect$$libinit$$00000033)
    __rt_lib_init_signal_1                   0x08000265   Thumb Code     0  libinit2.o(.ARM.Collect$$libinit$$0000001D)
    __rt_lib_init_stdio_1                    0x08000265   Thumb Code     0  libinit2.o(.ARM.Collect$$libinit$$00000025)
    __rt_lib_init_user_alloc_1               0x08000265   Thumb Code     0  libinit2.o(.ARM.Collect$$libinit$$0000000C)
    __rt_lib_shutdown                        0x08000267   Thumb Code     0  libshutdown.o(.ARM.Collect$$libshutdown$$00000000)
    __rt_lib_shutdown_cpp_1                  0x08000269   Thumb Code     0  libshutdown2.o(.ARM.Collect$$libshutdown$$00000002)
    __rt_lib_shutdown_fp_trap_1              0x08000269   Thumb Code     0  libshutdown2.o(.ARM.Collect$$libshutdown$$00000007)
    __rt_lib_shutdown_heap_1                 0x08000269   Thumb Code     0  libshutdown2.o(.ARM.Collect$$libshutdown$$0000000F)
    __rt_lib_shutdown_return                 0x08000269   Thumb Code     0  libshutdown2.o(.ARM.Collect$$libshutdown$$00000010)
    __rt_lib_shutdown_signal_1               0x08000269   Thumb Code     0  libshutdown2.o(.ARM.Collect$$libshutdown$$0000000A)
    __rt_lib_shutdown_stdio_1                0x08000269   Thumb Code     0  libshutdown2.o(.ARM.Collect$$libshutdown$$00000004)
    __rt_lib_shutdown_user_alloc_1           0x08000269   Thumb Code     0  libshutdown2.o(.ARM.Collect$$libshutdown$$0000000C)
    __rt_entry                               0x0800026b   Thumb Code     0  __rtentry.o(.ARM.Collect$$rtentry$$00000000)
    __rt_entry_presh_1                       0x0800026b   Thumb Code     0  __rtentry2.o(.ARM.Collect$$rtentry$$00000002)
    __rt_entry_sh                            0x0800026b   Thumb Code     0  __rtentry4.o(.ARM.Collect$$rtentry$$00000004)
    __rt_entry_li                            0x08000271   Thumb Code     0  __rtentry2.o(.ARM.Collect$$rtentry$$0000000A)
    __rt_entry_postsh_1                      0x08000271   Thumb Code     0  __rtentry2.o(.ARM.Collect$$rtentry$$00000009)
    __rt_entry_main                          0x08000275   Thumb Code     0  __rtentry2.o(.ARM.Collect$$rtentry$$0000000D)
    __rt_entry_postli_1                      0x08000275   Thumb Code     0  __rtentry2.o(.ARM.Collect$$rtentry$$0000000C)
    __rt_exit                                0x0800027d   Thumb Code     0  rtexit.o(.ARM.Collect$$rtexit$$00000000)
    __rt_exit_ls                             0x0800027f   Thumb Code     0  rtexit2.o(.ARM.Collect$$rtexit$$00000003)
    __rt_exit_prels_1                        0x0800027f   Thumb Code     0  rtexit2.o(.ARM.Collect$$rtexit$$00000002)
    __rt_exit_exit                           0x08000283   Thumb Code     0  rtexit2.o(.ARM.Collect$$rtexit$$00000004)
    Mco1_8MHz_Init                           0x08000289   Thumb Code    54  main.o(.text)
    OV7670_CreatColor                        0x080002bf   Thumb Code   126  main.o(.text)
    main                                     0x0800033d   Thumb Code   102  main.o(.text)
    NMI_Handler                              0x080003e1   Thumb Code     2  stm32f4xx_it.o(.text)
    HardFault_Handler                        0x080003e3   Thumb Code    16  stm32f4xx_it.o(.text)
    MemManage_Handler                        0x080003f3   Thumb Code     4  stm32f4xx_it.o(.text)
    BusFault_Handler                         0x080003f7   Thumb Code     4  stm32f4xx_it.o(.text)
    UsageFault_Handler                       0x080003fb   Thumb Code     4  stm32f4xx_it.o(.text)
    SVC_Handler                              0x080003ff   Thumb Code     2  stm32f4xx_it.o(.text)
    DebugMon_Handler                         0x08000401   Thumb Code     2  stm32f4xx_it.o(.text)
    PendSV_Handler                           0x08000403   Thumb Code     2  stm32f4xx_it.o(.text)
    SysTick_Handler                          0x08000405   Thumb Code     2  stm32f4xx_it.o(.text)
    SystemInit                               0x080004e9   Thumb Code    88  system_stm32f4xx.o(.text)
    SystemCoreClockUpdate                    0x08000541   Thumb Code   174  system_stm32f4xx.o(.text)
    DCMI_DMA_Init                            0x0800061d   Thumb Code   140  dcmi.o(.text)
    M2M_DMA_Init                             0x080006a9   Thumb Code   148  dcmi.o(.text)
    DMA2_Stream0_IRQHandler                  0x0800073d   Thumb Code    28  dcmi.o(.text)
    DMA2_Stream1_IRQHandler                  0x08000759   Thumb Code    24  dcmi.o(.text)
    My_DCMI_Init                             0x08000771   Thumb Code   298  dcmi.o(.text)
    DCMI_Start                               0x0800089b   Thumb Code    48  dcmi.o(.text)
    DCMI_Stop                                0x080008cb   Thumb Code    34  dcmi.o(.text)
    DCMI_IRQHandler                          0x080008ed   Thumb Code   140  dcmi.o(.text)
    DCMI_Set_Window                          0x08000979   Thumb Code    34  dcmi.o(.text)
    TIM3_Int_Init                            0x080009d9   Thumb Code    88  timer.o(.text)
    TIM3_IRQHandler                          0x08000a31   Thumb Code    34  timer.o(.text)
    LCD_GPIO_Init                            0x08000a61   Thumb Code    96  lcd_driver.o(.text)
    SPIv_WriteData                           0x08000ac1   Thumb Code    62  lcd_driver.o(.text)
    SPI_WriteByte                            0x08000aff   Thumb Code    34  lcd_driver.o(.text)
    SPI_SetSpeed                             0x08000b21   Thumb Code    38  lcd_driver.o(.text)
    Lcd_WriteIndex                           0x08000b47   Thumb Code    30  lcd_driver.o(.text)
    SPI2_Init                                0x08000b65   Thumb Code   300  lcd_driver.o(.text)
    Lcd_WriteData                            0x08000c91   Thumb Code    24  lcd_driver.o(.text)
    Lcd_WriteData_16Bit                      0x08000ca9   Thumb Code    18  lcd_driver.o(.text)
    LCD_WriteReg                             0x08000cbb   Thumb Code    20  lcd_driver.o(.text)
    Lcd_Reset                                0x08000ccf   Thumb Code    28  lcd_driver.o(.text)
    Lcd_Init                                 0x08000ceb   Thumb Code   554  lcd_driver.o(.text)
    Lcd_SetXY                                0x08000f15   Thumb Code    38  lcd_driver.o(.text)
    Lcd_SetRegion                            0x08000f3b   Thumb Code    54  lcd_driver.o(.text)
    Gui_DrawPoint                            0x08000f71   Thumb Code    24  lcd_driver.o(.text)
    Lcd_Clear                                0x08000f89   Thumb Code    90  lcd_driver.o(.text)
    OV2640_Init                              0x08000ff1   Thumb Code   280  ov2640.o(.text)
    OV2640_JPEG_Mode                         0x08001109   Thumb Code    66  ov2640.o(.text)
    OV2640_RGB565_Mode                       0x0800114b   Thumb Code    36  ov2640.o(.text)
    OV2640_Auto_Exposure                     0x0800116f   Thumb Code    40  ov2640.o(.text)
    OV2640_Light_Mode                        0x08001197   Thumb Code   118  ov2640.o(.text)
    OV2640_Color_Saturation                  0x0800120d   Thumb Code    64  ov2640.o(.text)
    OV2640_Brightness                        0x0800124d   Thumb Code    56  ov2640.o(.text)
    OV2640_Contrast                          0x08001285   Thumb Code   116  ov2640.o(.text)
    OV2640_Special_Effects                   0x080012f9   Thumb Code   122  ov2640.o(.text)
    OV2640_Color_Bar                         0x08001373   Thumb Code    40  ov2640.o(.text)
    OV2640_Window_Set                        0x0800139b   Thumb Code   216  ov2640.o(.text)
    OV2640_OutSize_Set                       0x08001473   Thumb Code   144  ov2640.o(.text)
    OV2640_ImageWin_Set                      0x08001503   Thumb Code   188  ov2640.o(.text)
    OV2640_ImageSize_Set                     0x080015bf   Thumb Code    80  ov2640.o(.text)
    SCCB_Init                                0x08001611   Thumb Code    78  sccb.o(.text)
    SCCB_Start                               0x0800165f   Thumb Code    42  sccb.o(.text)
    SCCB_Stop                                0x08001689   Thumb Code    42  sccb.o(.text)
    SCCB_No_Ack                              0x080016b3   Thumb Code    56  sccb.o(.text)
    SCCB_WR_Byte                             0x080016eb   Thumb Code   154  sccb.o(.text)
    SCCB_RD_Byte                             0x08001785   Thumb Code   104  sccb.o(.text)
    SCCB_WR_Reg                              0x080017ed   Thumb Code    62  sccb.o(.text)
    SCCB_RD_Reg                              0x0800182b   Thumb Code    78  sccb.o(.text)
    delay_init                               0x08001885   Thumb Code    52  delay.o(.text)
    delay_us                                 0x080018b9   Thumb Code    72  delay.o(.text)
    delay_xms                                0x08001901   Thumb Code    72  delay.o(.text)
    delay_ms                                 0x08001949   Thumb Code    56  delay.o(.text)
    _sys_exit                                0x08001989   Thumb Code     6  usart.o(.text)
    fputc                                    0x0800198f   Thumb Code    22  usart.o(.text)
    uart_init                                0x080019a5   Thumb Code   164  usart.o(.text)
    USART1_IRQHandler                        0x08001a49   Thumb Code   122  usart.o(.text)
    Reset_Handler                            0x08001ad5   Thumb Code     8  startup_stm32f40_41xxx.o(.text)
    ADC_IRQHandler                           0x08001aef   Thumb Code     0  startup_stm32f40_41xxx.o(.text)
    CAN1_RX0_IRQHandler                      0x08001aef   Thumb Code     0  startup_stm32f40_41xxx.o(.text)
    CAN1_RX1_IRQHandler                      0x08001aef   Thumb Code     0  startup_stm32f40_41xxx.o(.text)
    CAN1_SCE_IRQHandler                      0x08001aef   Thumb Code     0  startup_stm32f40_41xxx.o(.text)
    CAN1_TX_IRQHandler                       0x08001aef   Thumb Code     0  startup_stm32f40_41xxx.o(.text)
    CAN2_RX0_IRQHandler                      0x08001aef   Thumb Code     0  startup_stm32f40_41xxx.o(.text)
    CAN2_RX1_IRQHandler                      0x08001aef   Thumb Code     0  startup_stm32f40_41xxx.o(.text)
    CAN2_SCE_IRQHandler                      0x08001aef   Thumb Code     0  startup_stm32f40_41xxx.o(.text)
    CAN2_TX_IRQHandler                       0x08001aef   Thumb Code     0  startup_stm32f40_41xxx.o(.text)
    CRYP_IRQHandler                          0x08001aef   Thumb Code     0  startup_stm32f40_41xxx.o(.text)
    DMA1_Stream0_IRQHandler                  0x08001aef   Thumb Code     0  startup_stm32f40_41xxx.o(.text)
    DMA1_Stream1_IRQHandler                  0x08001aef   Thumb Code     0  startup_stm32f40_41xxx.o(.text)
    DMA1_Stream2_IRQHandler                  0x08001aef   Thumb Code     0  startup_stm32f40_41xxx.o(.text)
    DMA1_Stream3_IRQHandler                  0x08001aef   Thumb Code     0  startup_stm32f40_41xxx.o(.text)
    DMA1_Stream4_IRQHandler                  0x08001aef   Thumb Code     0  startup_stm32f40_41xxx.o(.text)
    DMA1_Stream5_IRQHandler                  0x08001aef   Thumb Code     0  startup_stm32f40_41xxx.o(.text)
    DMA1_Stream6_IRQHandler                  0x08001aef   Thumb Code     0  startup_stm32f40_41xxx.o(.text)
    DMA1_Stream7_IRQHandler                  0x08001aef   Thumb Code     0  startup_stm32f40_41xxx.o(.text)
    DMA2_Stream2_IRQHandler                  0x08001aef   Thumb Code     0  startup_stm32f40_41xxx.o(.text)
    DMA2_Stream3_IRQHandler                  0x08001aef   Thumb Code     0  startup_stm32f40_41xxx.o(.text)
    DMA2_Stream4_IRQHandler                  0x08001aef   Thumb Code     0  startup_stm32f40_41xxx.o(.text)
    DMA2_Stream5_IRQHandler                  0x08001aef   Thumb Code     0  startup_stm32f40_41xxx.o(.text)
    DMA2_Stream6_IRQHandler                  0x08001aef   Thumb Code     0  startup_stm32f40_41xxx.o(.text)
    DMA2_Stream7_IRQHandler                  0x08001aef   Thumb Code     0  startup_stm32f40_41xxx.o(.text)
    ETH_IRQHandler                           0x08001aef   Thumb Code     0  startup_stm32f40_41xxx.o(.text)
    ETH_WKUP_IRQHandler                      0x08001aef   Thumb Code     0  startup_stm32f40_41xxx.o(.text)
    EXTI0_IRQHandler                         0x08001aef   Thumb Code     0  startup_stm32f40_41xxx.o(.text)
    EXTI15_10_IRQHandler                     0x08001aef   Thumb Code     0  startup_stm32f40_41xxx.o(.text)
    EXTI1_IRQHandler                         0x08001aef   Thumb Code     0  startup_stm32f40_41xxx.o(.text)
    EXTI2_IRQHandler                         0x08001aef   Thumb Code     0  startup_stm32f40_41xxx.o(.text)
    EXTI3_IRQHandler                         0x08001aef   Thumb Code     0  startup_stm32f40_41xxx.o(.text)
    EXTI4_IRQHandler                         0x08001aef   Thumb Code     0  startup_stm32f40_41xxx.o(.text)
    EXTI9_5_IRQHandler                       0x08001aef   Thumb Code     0  startup_stm32f40_41xxx.o(.text)
    FLASH_IRQHandler                         0x08001aef   Thumb Code     0  startup_stm32f40_41xxx.o(.text)
    FPU_IRQHandler                           0x08001aef   Thumb Code     0  startup_stm32f40_41xxx.o(.text)
    FSMC_IRQHandler                          0x08001aef   Thumb Code     0  startup_stm32f40_41xxx.o(.text)
    HASH_RNG_IRQHandler                      0x08001aef   Thumb Code     0  startup_stm32f40_41xxx.o(.text)
    I2C1_ER_IRQHandler                       0x08001aef   Thumb Code     0  startup_stm32f40_41xxx.o(.text)
    I2C1_EV_IRQHandler                       0x08001aef   Thumb Code     0  startup_stm32f40_41xxx.o(.text)
    I2C2_ER_IRQHandler                       0x08001aef   Thumb Code     0  startup_stm32f40_41xxx.o(.text)
    I2C2_EV_IRQHandler                       0x08001aef   Thumb Code     0  startup_stm32f40_41xxx.o(.text)
    I2C3_ER_IRQHandler                       0x08001aef   Thumb Code     0  startup_stm32f40_41xxx.o(.text)
    I2C3_EV_IRQHandler                       0x08001aef   Thumb Code     0  startup_stm32f40_41xxx.o(.text)
    OTG_FS_IRQHandler                        0x08001aef   Thumb Code     0  startup_stm32f40_41xxx.o(.text)
    OTG_FS_WKUP_IRQHandler                   0x08001aef   Thumb Code     0  startup_stm32f40_41xxx.o(.text)
    OTG_HS_EP1_IN_IRQHandler                 0x08001aef   Thumb Code     0  startup_stm32f40_41xxx.o(.text)
    OTG_HS_EP1_OUT_IRQHandler                0x08001aef   Thumb Code     0  startup_stm32f40_41xxx.o(.text)
    OTG_HS_IRQHandler                        0x08001aef   Thumb Code     0  startup_stm32f40_41xxx.o(.text)
    OTG_HS_WKUP_IRQHandler                   0x08001aef   Thumb Code     0  startup_stm32f40_41xxx.o(.text)
    PVD_IRQHandler                           0x08001aef   Thumb Code     0  startup_stm32f40_41xxx.o(.text)
    RCC_IRQHandler                           0x08001aef   Thumb Code     0  startup_stm32f40_41xxx.o(.text)
    RTC_Alarm_IRQHandler                     0x08001aef   Thumb Code     0  startup_stm32f40_41xxx.o(.text)
    RTC_WKUP_IRQHandler                      0x08001aef   Thumb Code     0  startup_stm32f40_41xxx.o(.text)
    SDIO_IRQHandler                          0x08001aef   Thumb Code     0  startup_stm32f40_41xxx.o(.text)
    SPI1_IRQHandler                          0x08001aef   Thumb Code     0  startup_stm32f40_41xxx.o(.text)
    SPI2_IRQHandler                          0x08001aef   Thumb Code     0  startup_stm32f40_41xxx.o(.text)
    SPI3_IRQHandler                          0x08001aef   Thumb Code     0  startup_stm32f40_41xxx.o(.text)
    TAMP_STAMP_IRQHandler                    0x08001aef   Thumb Code     0  startup_stm32f40_41xxx.o(.text)
    TIM1_BRK_TIM9_IRQHandler                 0x08001aef   Thumb Code     0  startup_stm32f40_41xxx.o(.text)
    TIM1_CC_IRQHandler                       0x08001aef   Thumb Code     0  startup_stm32f40_41xxx.o(.text)
    TIM1_TRG_COM_TIM11_IRQHandler            0x08001aef   Thumb Code     0  startup_stm32f40_41xxx.o(.text)
    TIM1_UP_TIM10_IRQHandler                 0x08001aef   Thumb Code     0  startup_stm32f40_41xxx.o(.text)
    TIM2_IRQHandler                          0x08001aef   Thumb Code     0  startup_stm32f40_41xxx.o(.text)
    TIM5_IRQHandler                          0x08001aef   Thumb Code     0  startup_stm32f40_41xxx.o(.text)
    TIM6_DAC_IRQHandler                      0x08001aef   Thumb Code     0  startup_stm32f40_41xxx.o(.text)
    TIM7_IRQHandler                          0x08001aef   Thumb Code     0  startup_stm32f40_41xxx.o(.text)
    TIM8_BRK_TIM12_IRQHandler                0x08001aef   Thumb Code     0  startup_stm32f40_41xxx.o(.text)
    TIM8_CC_IRQHandler                       0x08001aef   Thumb Code     0  startup_stm32f40_41xxx.o(.text)
    TIM8_TRG_COM_TIM14_IRQHandler            0x08001aef   Thumb Code     0  startup_stm32f40_41xxx.o(.text)
    TIM8_UP_TIM13_IRQHandler                 0x08001aef   Thumb Code     0  startup_stm32f40_41xxx.o(.text)
    UART4_IRQHandler                         0x08001aef   Thumb Code     0  startup_stm32f40_41xxx.o(.text)
    UART5_IRQHandler                         0x08001aef   Thumb Code     0  startup_stm32f40_41xxx.o(.text)
    USART2_IRQHandler                        0x08001aef   Thumb Code     0  startup_stm32f40_41xxx.o(.text)
    USART3_IRQHandler                        0x08001aef   Thumb Code     0  startup_stm32f40_41xxx.o(.text)
    USART6_IRQHandler                        0x08001aef   Thumb Code     0  startup_stm32f40_41xxx.o(.text)
    WWDG_IRQHandler                          0x08001aef   Thumb Code     0  startup_stm32f40_41xxx.o(.text)
    __user_initial_stackheap                 0x08001af1   Thumb Code     0  startup_stm32f40_41xxx.o(.text)
    NVIC_PriorityGroupConfig                 0x08001b11   Thumb Code    10  misc.o(.text)
    NVIC_Init                                0x08001b1b   Thumb Code   106  misc.o(.text)
    NVIC_SetVectorTable                      0x08001b85   Thumb Code    14  misc.o(.text)
    NVIC_SystemLPConfig                      0x08001b93   Thumb Code    34  misc.o(.text)
    SysTick_CLKSourceConfig                  0x08001bb5   Thumb Code    40  misc.o(.text)
    DCMI_DeInit                              0x08001bf1   Thumb Code    24  stm32f4xx_dcmi.o(.text)
    DCMI_Init                                0x08001c09   Thumb Code    60  stm32f4xx_dcmi.o(.text)
    DCMI_StructInit                          0x08001c45   Thumb Code    18  stm32f4xx_dcmi.o(.text)
    DCMI_CROPConfig                          0x08001c57   Thumb Code    26  stm32f4xx_dcmi.o(.text)
    DCMI_CROPCmd                             0x08001c71   Thumb Code    30  stm32f4xx_dcmi.o(.text)
    DCMI_SetEmbeddedSynchroCodes             0x08001c8f   Thumb Code    26  stm32f4xx_dcmi.o(.text)
    DCMI_JPEGCmd                             0x08001ca9   Thumb Code    30  stm32f4xx_dcmi.o(.text)
    DCMI_Cmd                                 0x08001cc7   Thumb Code    30  stm32f4xx_dcmi.o(.text)
    DCMI_CaptureCmd                          0x08001ce5   Thumb Code    30  stm32f4xx_dcmi.o(.text)
    DCMI_ReadData                            0x08001d03   Thumb Code     6  stm32f4xx_dcmi.o(.text)
    DCMI_ITConfig                            0x08001d09   Thumb Code    30  stm32f4xx_dcmi.o(.text)
    DCMI_GetFlagStatus                       0x08001d27   Thumb Code    46  stm32f4xx_dcmi.o(.text)
    DCMI_ClearFlag                           0x08001d55   Thumb Code     6  stm32f4xx_dcmi.o(.text)
    DCMI_GetITStatus                         0x08001d5b   Thumb Code    24  stm32f4xx_dcmi.o(.text)
    DCMI_ClearITPendingBit                   0x08001d73   Thumb Code     6  stm32f4xx_dcmi.o(.text)
    GPIO_DeInit                              0x08001d7d   Thumb Code   268  stm32f4xx_gpio.o(.text)
    GPIO_Init                                0x08001e89   Thumb Code   144  stm32f4xx_gpio.o(.text)
    GPIO_StructInit                          0x08001f19   Thumb Code    18  stm32f4xx_gpio.o(.text)
    GPIO_PinLockConfig                       0x08001f2b   Thumb Code    34  stm32f4xx_gpio.o(.text)
    GPIO_ReadInputDataBit                    0x08001f4d   Thumb Code    18  stm32f4xx_gpio.o(.text)
    GPIO_ReadInputData                       0x08001f5f   Thumb Code     8  stm32f4xx_gpio.o(.text)
    GPIO_ReadOutputDataBit                   0x08001f67   Thumb Code    18  stm32f4xx_gpio.o(.text)
    GPIO_ReadOutputData                      0x08001f79   Thumb Code     8  stm32f4xx_gpio.o(.text)
    GPIO_SetBits                             0x08001f81   Thumb Code     4  stm32f4xx_gpio.o(.text)
    GPIO_ResetBits                           0x08001f85   Thumb Code     4  stm32f4xx_gpio.o(.text)
    GPIO_WriteBit                            0x08001f89   Thumb Code    10  stm32f4xx_gpio.o(.text)
    GPIO_Write                               0x08001f93   Thumb Code     4  stm32f4xx_gpio.o(.text)
    GPIO_ToggleBits                          0x08001f97   Thumb Code     8  stm32f4xx_gpio.o(.text)
    GPIO_PinAFConfig                         0x08001f9f   Thumb Code    70  stm32f4xx_gpio.o(.text)
    DMA_DeInit                               0x08002011   Thumb Code   324  stm32f4xx_dma.o(.text)
    DMA_Init                                 0x08002155   Thumb Code    82  stm32f4xx_dma.o(.text)
    DMA_StructInit                           0x080021a7   Thumb Code    34  stm32f4xx_dma.o(.text)
    DMA_Cmd                                  0x080021c9   Thumb Code    22  stm32f4xx_dma.o(.text)
    DMA_PeriphIncOffsetSizeConfig            0x080021df   Thumb Code    22  stm32f4xx_dma.o(.text)
    DMA_FlowControllerConfig                 0x080021f5   Thumb Code    22  stm32f4xx_dma.o(.text)
    DMA_SetCurrDataCounter                   0x0800220b   Thumb Code     4  stm32f4xx_dma.o(.text)
    DMA_GetCurrDataCounter                   0x0800220f   Thumb Code     8  stm32f4xx_dma.o(.text)
    DMA_DoubleBufferModeConfig               0x08002217   Thumb Code    24  stm32f4xx_dma.o(.text)
    DMA_DoubleBufferModeCmd                  0x0800222f   Thumb Code    22  stm32f4xx_dma.o(.text)
    DMA_MemoryTargetConfig                   0x08002245   Thumb Code    10  stm32f4xx_dma.o(.text)
    DMA_GetCurrentMemoryTarget               0x0800224f   Thumb Code    20  stm32f4xx_dma.o(.text)
    DMA_GetCmdStatus                         0x08002263   Thumb Code    20  stm32f4xx_dma.o(.text)
    DMA_GetFIFOStatus                        0x08002277   Thumb Code    12  stm32f4xx_dma.o(.text)
    DMA_GetFlagStatus                        0x08002283   Thumb Code    56  stm32f4xx_dma.o(.text)
    DMA_ClearFlag                            0x080022bb   Thumb Code    40  stm32f4xx_dma.o(.text)
    DMA_ITConfig                             0x080022e3   Thumb Code    58  stm32f4xx_dma.o(.text)
    DMA_GetITStatus                          0x0800231d   Thumb Code    84  stm32f4xx_dma.o(.text)
    DMA_ClearITPendingBit                    0x08002371   Thumb Code    40  stm32f4xx_dma.o(.text)
    RCC_DeInit                               0x080023b9   Thumb Code    82  stm32f4xx_rcc.o(.text)
    RCC_HSEConfig                            0x0800240b   Thumb Code    14  stm32f4xx_rcc.o(.text)
    RCC_GetFlagStatus                        0x08002419   Thumb Code    60  stm32f4xx_rcc.o(.text)
    RCC_WaitForHSEStartUp                    0x08002455   Thumb Code    56  stm32f4xx_rcc.o(.text)
    RCC_AdjustHSICalibrationValue            0x0800248d   Thumb Code    20  stm32f4xx_rcc.o(.text)
    RCC_HSICmd                               0x080024a1   Thumb Code     6  stm32f4xx_rcc.o(.text)
    RCC_LSEConfig                            0x080024a7   Thumb Code    46  stm32f4xx_rcc.o(.text)
    RCC_LSICmd                               0x080024d5   Thumb Code     6  stm32f4xx_rcc.o(.text)
    RCC_PLLConfig                            0x080024db   Thumb Code    32  stm32f4xx_rcc.o(.text)
    RCC_PLLCmd                               0x080024fb   Thumb Code     6  stm32f4xx_rcc.o(.text)
    RCC_PLLI2SConfig                         0x08002501   Thumb Code    14  stm32f4xx_rcc.o(.text)
    RCC_PLLI2SCmd                            0x0800250f   Thumb Code     6  stm32f4xx_rcc.o(.text)
    RCC_PLLSAIConfig                         0x08002515   Thumb Code    20  stm32f4xx_rcc.o(.text)
    RCC_PLLSAICmd                            0x08002529   Thumb Code     6  stm32f4xx_rcc.o(.text)
    RCC_ClockSecuritySystemCmd               0x0800252f   Thumb Code     6  stm32f4xx_rcc.o(.text)
    RCC_MCO1Config                           0x08002535   Thumb Code    28  stm32f4xx_rcc.o(.text)
    RCC_MCO2Config                           0x08002551   Thumb Code    28  stm32f4xx_rcc.o(.text)
    RCC_SYSCLKConfig                         0x0800256d   Thumb Code    20  stm32f4xx_rcc.o(.text)
    RCC_GetSYSCLKSource                      0x08002581   Thumb Code    12  stm32f4xx_rcc.o(.text)
    RCC_HCLKConfig                           0x0800258d   Thumb Code    20  stm32f4xx_rcc.o(.text)
    RCC_PCLK1Config                          0x080025a1   Thumb Code    20  stm32f4xx_rcc.o(.text)
    RCC_PCLK2Config                          0x080025b5   Thumb Code    22  stm32f4xx_rcc.o(.text)
    RCC_GetClocksFreq                        0x080025cb   Thumb Code   222  stm32f4xx_rcc.o(.text)
    RCC_RTCCLKConfig                         0x080026a9   Thumb Code    54  stm32f4xx_rcc.o(.text)
    RCC_RTCCLKCmd                            0x080026df   Thumb Code     8  stm32f4xx_rcc.o(.text)
    RCC_BackupResetCmd                       0x080026e7   Thumb Code     8  stm32f4xx_rcc.o(.text)
    RCC_I2SCLKConfig                         0x080026ef   Thumb Code     6  stm32f4xx_rcc.o(.text)
    RCC_SAIPLLI2SClkDivConfig                0x080026f5   Thumb Code    26  stm32f4xx_rcc.o(.text)
    RCC_SAIPLLSAIClkDivConfig                0x0800270f   Thumb Code    28  stm32f4xx_rcc.o(.text)
    RCC_SAIBlockACLKConfig                   0x0800272b   Thumb Code    20  stm32f4xx_rcc.o(.text)
    RCC_SAIBlockBCLKConfig                   0x0800273f   Thumb Code    20  stm32f4xx_rcc.o(.text)
    RCC_LTDCCLKDivConfig                     0x08002753   Thumb Code    20  stm32f4xx_rcc.o(.text)
    RCC_TIMCLKPresConfig                     0x08002767   Thumb Code     6  stm32f4xx_rcc.o(.text)
    RCC_AHB1PeriphClockCmd                   0x0800276d   Thumb Code    34  stm32f4xx_rcc.o(.text)
    RCC_AHB2PeriphClockCmd                   0x0800278f   Thumb Code    78  stm32f4xx_rcc.o(.text)
    RCC_AHB3PeriphClockCmd                   0x080027dd   Thumb Code    34  stm32f4xx_rcc.o(.text)
    RCC_APB1PeriphClockCmd                   0x080027ff   Thumb Code    34  stm32f4xx_rcc.o(.text)
    RCC_APB2PeriphClockCmd                   0x08002821   Thumb Code    34  stm32f4xx_rcc.o(.text)
    RCC_AHB1PeriphResetCmd                   0x08002843   Thumb Code    34  stm32f4xx_rcc.o(.text)
    RCC_AHB2PeriphResetCmd                   0x08002865   Thumb Code    34  stm32f4xx_rcc.o(.text)
    RCC_AHB3PeriphResetCmd                   0x08002887   Thumb Code    34  stm32f4xx_rcc.o(.text)
    RCC_APB1PeriphResetCmd                   0x080028a9   Thumb Code    34  stm32f4xx_rcc.o(.text)
    RCC_APB2PeriphResetCmd                   0x080028cb   Thumb Code    34  stm32f4xx_rcc.o(.text)
    RCC_AHB1PeriphClockLPModeCmd             0x080028ed   Thumb Code    34  stm32f4xx_rcc.o(.text)
    RCC_AHB2PeriphClockLPModeCmd             0x0800290f   Thumb Code    34  stm32f4xx_rcc.o(.text)
    RCC_AHB3PeriphClockLPModeCmd             0x08002931   Thumb Code    34  stm32f4xx_rcc.o(.text)
    RCC_APB1PeriphClockLPModeCmd             0x08002953   Thumb Code    34  stm32f4xx_rcc.o(.text)
    RCC_APB2PeriphClockLPModeCmd             0x08002975   Thumb Code    34  stm32f4xx_rcc.o(.text)
    RCC_LSEModeConfig                        0x08002997   Thumb Code    40  stm32f4xx_rcc.o(.text)
    RCC_ITConfig                             0x080029bf   Thumb Code    34  stm32f4xx_rcc.o(.text)
    RCC_ClearFlag                            0x080029e1   Thumb Code    18  stm32f4xx_rcc.o(.text)
    RCC_GetITStatus                          0x080029f3   Thumb Code    22  stm32f4xx_rcc.o(.text)
    RCC_ClearITPendingBit                    0x08002a09   Thumb Code     8  stm32f4xx_rcc.o(.text)
    USART_DeInit                             0x08002a15   Thumb Code   206  stm32f4xx_usart.o(.text)
    USART_Init                               0x08002ae3   Thumb Code   204  stm32f4xx_usart.o(.text)
    USART_StructInit                         0x08002baf   Thumb Code    24  stm32f4xx_usart.o(.text)
    USART_ClockInit                          0x08002bc7   Thumb Code    32  stm32f4xx_usart.o(.text)
    USART_ClockStructInit                    0x08002be7   Thumb Code    12  stm32f4xx_usart.o(.text)
    USART_Cmd                                0x08002bf3   Thumb Code    24  stm32f4xx_usart.o(.text)
    USART_SetPrescaler                       0x08002c0b   Thumb Code    16  stm32f4xx_usart.o(.text)
    USART_OverSampling8Cmd                   0x08002c1b   Thumb Code    22  stm32f4xx_usart.o(.text)
    USART_OneBitMethodCmd                    0x08002c31   Thumb Code    24  stm32f4xx_usart.o(.text)
    USART_SendData                           0x08002c49   Thumb Code     8  stm32f4xx_usart.o(.text)
    USART_ReceiveData                        0x08002c51   Thumb Code    10  stm32f4xx_usart.o(.text)
    USART_SetAddress                         0x08002c5b   Thumb Code    18  stm32f4xx_usart.o(.text)
    USART_ReceiverWakeUpCmd                  0x08002c6d   Thumb Code    24  stm32f4xx_usart.o(.text)
    USART_WakeUpConfig                       0x08002c85   Thumb Code    18  stm32f4xx_usart.o(.text)
    USART_LINBreakDetectLengthConfig         0x08002c97   Thumb Code    18  stm32f4xx_usart.o(.text)
    USART_LINCmd                             0x08002ca9   Thumb Code    24  stm32f4xx_usart.o(.text)
    USART_SendBreak                          0x08002cc1   Thumb Code    10  stm32f4xx_usart.o(.text)
    USART_HalfDuplexCmd                      0x08002ccb   Thumb Code    24  stm32f4xx_usart.o(.text)
    USART_SetGuardTime                       0x08002ce3   Thumb Code    16  stm32f4xx_usart.o(.text)
    USART_SmartCardCmd                       0x08002cf3   Thumb Code    24  stm32f4xx_usart.o(.text)
    USART_SmartCardNACKCmd                   0x08002d0b   Thumb Code    24  stm32f4xx_usart.o(.text)
    USART_IrDAConfig                         0x08002d23   Thumb Code    18  stm32f4xx_usart.o(.text)
    USART_IrDACmd                            0x08002d35   Thumb Code    24  stm32f4xx_usart.o(.text)
    USART_DMACmd                             0x08002d4d   Thumb Code    18  stm32f4xx_usart.o(.text)
    USART_ITConfig                           0x08002d5f   Thumb Code    74  stm32f4xx_usart.o(.text)
    USART_GetFlagStatus                      0x08002da9   Thumb Code    26  stm32f4xx_usart.o(.text)
    USART_ClearFlag                          0x08002dc3   Thumb Code    18  stm32f4xx_usart.o(.text)
    USART_GetITStatus                        0x08002dd5   Thumb Code   118  stm32f4xx_usart.o(.text)
    USART_ClearITPendingBit                  0x08002e4b   Thumb Code    30  stm32f4xx_usart.o(.text)
    TIM_DeInit                               0x08002e69   Thumb Code   346  stm32f4xx_tim.o(.text)
    TIM_TimeBaseInit                         0x08002fc3   Thumb Code   104  stm32f4xx_tim.o(.text)
    TIM_TimeBaseStructInit                   0x0800302b   Thumb Code    18  stm32f4xx_tim.o(.text)
    TIM_PrescalerConfig                      0x0800303d   Thumb Code     6  stm32f4xx_tim.o(.text)
    TIM_CounterModeConfig                    0x08003043   Thumb Code    18  stm32f4xx_tim.o(.text)
    TIM_SetCounter                           0x08003055   Thumb Code     4  stm32f4xx_tim.o(.text)
    TIM_SetAutoreload                        0x08003059   Thumb Code     4  stm32f4xx_tim.o(.text)
    TIM_GetCounter                           0x0800305d   Thumb Code     6  stm32f4xx_tim.o(.text)
    TIM_GetPrescaler                         0x08003063   Thumb Code     6  stm32f4xx_tim.o(.text)
    TIM_UpdateDisableConfig                  0x08003069   Thumb Code    24  stm32f4xx_tim.o(.text)
    TIM_UpdateRequestConfig                  0x08003081   Thumb Code    24  stm32f4xx_tim.o(.text)
    TIM_ARRPreloadConfig                     0x08003099   Thumb Code    24  stm32f4xx_tim.o(.text)
    TIM_SelectOnePulseMode                   0x080030b1   Thumb Code    18  stm32f4xx_tim.o(.text)
    TIM_SetClockDivision                     0x080030c3   Thumb Code    18  stm32f4xx_tim.o(.text)
    TIM_Cmd                                  0x080030d5   Thumb Code    24  stm32f4xx_tim.o(.text)
    TIM_OC1Init                              0x080030ed   Thumb Code   114  stm32f4xx_tim.o(.text)
    TIM_OC2Init                              0x0800315f   Thumb Code   154  stm32f4xx_tim.o(.text)
    TIM_OC3Init                              0x080031f9   Thumb Code   204  stm32f4xx_tim.o(.text)
    TIM_OC4Init                              0x080032c5   Thumb Code   112  stm32f4xx_tim.o(.text)
    TIM_OCStructInit                         0x08003335   Thumb Code    20  stm32f4xx_tim.o(.text)
    TIM_SelectOCxM                           0x08003349   Thumb Code    86  stm32f4xx_tim.o(.text)
    TIM_SetCompare1                          0x0800339f   Thumb Code     4  stm32f4xx_tim.o(.text)
    TIM_SetCompare2                          0x080033a3   Thumb Code     4  stm32f4xx_tim.o(.text)
    TIM_SetCompare3                          0x080033a7   Thumb Code     4  stm32f4xx_tim.o(.text)
    TIM_SetCompare4                          0x080033ab   Thumb Code     4  stm32f4xx_tim.o(.text)
    TIM_ForcedOC1Config                      0x080033af   Thumb Code    18  stm32f4xx_tim.o(.text)
    TIM_ForcedOC2Config                      0x080033c1   Thumb Code    26  stm32f4xx_tim.o(.text)
    TIM_ForcedOC3Config                      0x080033db   Thumb Code    18  stm32f4xx_tim.o(.text)
    TIM_ForcedOC4Config                      0x080033ed   Thumb Code    26  stm32f4xx_tim.o(.text)
    TIM_OC1PreloadConfig                     0x08003407   Thumb Code    18  stm32f4xx_tim.o(.text)
    TIM_OC2PreloadConfig                     0x08003419   Thumb Code    26  stm32f4xx_tim.o(.text)
    TIM_OC3PreloadConfig                     0x08003433   Thumb Code    18  stm32f4xx_tim.o(.text)
    TIM_OC4PreloadConfig                     0x08003445   Thumb Code    26  stm32f4xx_tim.o(.text)
    TIM_OC1FastConfig                        0x0800345f   Thumb Code    18  stm32f4xx_tim.o(.text)
    TIM_OC2FastConfig                        0x08003471   Thumb Code    26  stm32f4xx_tim.o(.text)
    TIM_OC3FastConfig                        0x0800348b   Thumb Code    18  stm32f4xx_tim.o(.text)
    TIM_OC4FastConfig                        0x0800349d   Thumb Code    26  stm32f4xx_tim.o(.text)
    TIM_ClearOC1Ref                          0x080034b7   Thumb Code    18  stm32f4xx_tim.o(.text)
    TIM_ClearOC2Ref                          0x080034c9   Thumb Code    24  stm32f4xx_tim.o(.text)
    TIM_ClearOC3Ref                          0x080034e1   Thumb Code    18  stm32f4xx_tim.o(.text)
    TIM_ClearOC4Ref                          0x080034f3   Thumb Code    24  stm32f4xx_tim.o(.text)
    TIM_OC1PolarityConfig                    0x0800350b   Thumb Code    18  stm32f4xx_tim.o(.text)
    TIM_OC1NPolarityConfig                   0x0800351d   Thumb Code    18  stm32f4xx_tim.o(.text)
    TIM_OC2PolarityConfig                    0x0800352f   Thumb Code    26  stm32f4xx_tim.o(.text)
    TIM_OC2NPolarityConfig                   0x08003549   Thumb Code    26  stm32f4xx_tim.o(.text)
    TIM_OC3PolarityConfig                    0x08003563   Thumb Code    26  stm32f4xx_tim.o(.text)
    TIM_OC3NPolarityConfig                   0x0800357d   Thumb Code    26  stm32f4xx_tim.o(.text)
    TIM_OC4PolarityConfig                    0x08003597   Thumb Code    26  stm32f4xx_tim.o(.text)
    TIM_CCxCmd                               0x080035b1   Thumb Code    30  stm32f4xx_tim.o(.text)
    TIM_CCxNCmd                              0x080035cf   Thumb Code    30  stm32f4xx_tim.o(.text)
    TIM_SetIC4Prescaler                      0x080035ed   Thumb Code    26  stm32f4xx_tim.o(.text)
    TIM_SetIC3Prescaler                      0x08003657   Thumb Code    18  stm32f4xx_tim.o(.text)
    TIM_SetIC2Prescaler                      0x080036b1   Thumb Code    26  stm32f4xx_tim.o(.text)
    TIM_SetIC1Prescaler                      0x08003725   Thumb Code    18  stm32f4xx_tim.o(.text)
    TIM_ICInit                               0x08003771   Thumb Code   110  stm32f4xx_tim.o(.text)
    TIM_ICStructInit                         0x080037df   Thumb Code    18  stm32f4xx_tim.o(.text)
    TIM_PWMIConfig                           0x080037f1   Thumb Code   124  stm32f4xx_tim.o(.text)
    TIM_GetCapture1                          0x0800386d   Thumb Code     6  stm32f4xx_tim.o(.text)
    TIM_GetCapture2                          0x08003873   Thumb Code     6  stm32f4xx_tim.o(.text)
    TIM_GetCapture3                          0x08003879   Thumb Code     6  stm32f4xx_tim.o(.text)
    TIM_GetCapture4                          0x0800387f   Thumb Code     6  stm32f4xx_tim.o(.text)
    TIM_BDTRConfig                           0x08003885   Thumb Code    32  stm32f4xx_tim.o(.text)
    TIM_BDTRStructInit                       0x080038a5   Thumb Code    18  stm32f4xx_tim.o(.text)
    TIM_CtrlPWMOutputs                       0x080038b7   Thumb Code    30  stm32f4xx_tim.o(.text)
    TIM_SelectCOM                            0x080038d5   Thumb Code    24  stm32f4xx_tim.o(.text)
    TIM_CCPreloadControl                     0x080038ed   Thumb Code    24  stm32f4xx_tim.o(.text)
    TIM_ITConfig                             0x08003905   Thumb Code    18  stm32f4xx_tim.o(.text)
    TIM_GenerateEvent                        0x08003917   Thumb Code     4  stm32f4xx_tim.o(.text)
    TIM_GetFlagStatus                        0x0800391b   Thumb Code    18  stm32f4xx_tim.o(.text)
    TIM_ClearFlag                            0x0800392d   Thumb Code     6  stm32f4xx_tim.o(.text)
    TIM_GetITStatus                          0x08003933   Thumb Code    34  stm32f4xx_tim.o(.text)
    TIM_ClearITPendingBit                    0x08003955   Thumb Code     6  stm32f4xx_tim.o(.text)
    TIM_DMAConfig                            0x0800395b   Thumb Code    10  stm32f4xx_tim.o(.text)
    TIM_DMACmd                               0x08003965   Thumb Code    18  stm32f4xx_tim.o(.text)
    TIM_SelectCCDMA                          0x08003977   Thumb Code    24  stm32f4xx_tim.o(.text)
    TIM_InternalClockConfig                  0x0800398f   Thumb Code    12  stm32f4xx_tim.o(.text)
    TIM_SelectInputTrigger                   0x0800399b   Thumb Code    18  stm32f4xx_tim.o(.text)
    TIM_ITRxExternalClockConfig              0x080039ad   Thumb Code    24  stm32f4xx_tim.o(.text)
    TIM_TIxExternalClockConfig               0x080039c5   Thumb Code    62  stm32f4xx_tim.o(.text)
    TIM_ETRConfig                            0x08003a03   Thumb Code    28  stm32f4xx_tim.o(.text)
    TIM_ETRClockMode1Config                  0x08003a1f   Thumb Code    54  stm32f4xx_tim.o(.text)
    TIM_ETRClockMode2Config                  0x08003a55   Thumb Code    32  stm32f4xx_tim.o(.text)
    TIM_SelectOutputTrigger                  0x08003a75   Thumb Code    18  stm32f4xx_tim.o(.text)
    TIM_SelectSlaveMode                      0x08003a87   Thumb Code    18  stm32f4xx_tim.o(.text)
    TIM_SelectMasterSlaveMode                0x08003a99   Thumb Code    18  stm32f4xx_tim.o(.text)
    TIM_EncoderInterfaceConfig               0x08003aab   Thumb Code    66  stm32f4xx_tim.o(.text)
    TIM_SelectHallSensor                     0x08003aed   Thumb Code    24  stm32f4xx_tim.o(.text)
    TIM_RemapConfig                          0x08003b05   Thumb Code     6  stm32f4xx_tim.o(.text)
    SPI_I2S_DeInit                           0x08003b0d   Thumb Code   152  stm32f4xx_spi.o(.text)
    SPI_Init                                 0x08003ba5   Thumb Code    60  stm32f4xx_spi.o(.text)
    I2S_Init                                 0x08003be1   Thumb Code   396  stm32f4xx_spi.o(.text)
    SPI_StructInit                           0x08003d6d   Thumb Code    24  stm32f4xx_spi.o(.text)
    I2S_StructInit                           0x08003d85   Thumb Code    20  stm32f4xx_spi.o(.text)
    SPI_Cmd                                  0x08003d99   Thumb Code    24  stm32f4xx_spi.o(.text)
    I2S_Cmd                                  0x08003db1   Thumb Code    24  stm32f4xx_spi.o(.text)
    SPI_DataSizeConfig                       0x08003dc9   Thumb Code    18  stm32f4xx_spi.o(.text)
    SPI_BiDirectionalLineConfig              0x08003ddb   Thumb Code    28  stm32f4xx_spi.o(.text)
    SPI_NSSInternalSoftwareConfig            0x08003df7   Thumb Code    30  stm32f4xx_spi.o(.text)
    SPI_SSOutputCmd                          0x08003e15   Thumb Code    24  stm32f4xx_spi.o(.text)
    SPI_TIModeCmd                            0x08003e2d   Thumb Code    24  stm32f4xx_spi.o(.text)
    I2S_FullDuplexConfig                     0x08003e45   Thumb Code    80  stm32f4xx_spi.o(.text)
    SPI_I2S_ReceiveData                      0x08003e95   Thumb Code     6  stm32f4xx_spi.o(.text)
    SPI_I2S_SendData                         0x08003e9b   Thumb Code     4  stm32f4xx_spi.o(.text)
    SPI_CalculateCRC                         0x08003e9f   Thumb Code    24  stm32f4xx_spi.o(.text)
    SPI_TransmitCRC                          0x08003eb7   Thumb Code    10  stm32f4xx_spi.o(.text)
    SPI_GetCRC                               0x08003ec1   Thumb Code    16  stm32f4xx_spi.o(.text)
    SPI_GetCRCPolynomial                     0x08003ed1   Thumb Code     6  stm32f4xx_spi.o(.text)
    SPI_I2S_DMACmd                           0x08003ed7   Thumb Code    18  stm32f4xx_spi.o(.text)
    SPI_I2S_ITConfig                         0x08003ee9   Thumb Code    68  stm32f4xx_spi.o(.text)
    SPI_I2S_GetFlagStatus                    0x08003f2d   Thumb Code    18  stm32f4xx_spi.o(.text)
    SPI_I2S_ClearFlag                        0x08003f3f   Thumb Code     6  stm32f4xx_spi.o(.text)
    SPI_I2S_GetITStatus                      0x08003f45   Thumb Code    52  stm32f4xx_spi.o(.text)
    SPI_I2S_ClearITPendingBit                0x08003f79   Thumb Code    20  stm32f4xx_spi.o(.text)
    usmart_sys_cmd_exe                       0x08003f8d   Thumb Code  1554  usmart.o(.text)
    usmart_reset_runtime                     0x0800459f   Thumb Code    38  usmart.o(.text)
    usmart_get_runtime                       0x080045c5   Thumb Code    60  usmart.o(.text)
    TIM4_IRQHandler                          0x08004601   Thumb Code    46  usmart.o(.text)
    Timer4_Init                              0x0800462f   Thumb Code    86  usmart.o(.text)
    usmart_init                              0x08004685   Thumb Code    36  usmart.o(.text)
    usmart_cmd_rec                           0x080046a9   Thumb Code   170  usmart.o(.text)
    usmart_exe                               0x08004753   Thumb Code   868  usmart.o(.text)
    usmart_scan                              0x08004ab7   Thumb Code   120  usmart.o(.text)
    read_addr                                0x08004b2f   Thumb Code     6  usmart.o(.text)
    write_addr                               0x08004b35   Thumb Code     4  usmart.o(.text)
    usmart_strcmp                            0x08004bc1   Thumb Code    34  usmart_str.o(.text)
    usmart_strcopy                           0x08004be3   Thumb Code    22  usmart_str.o(.text)
    usmart_strlen                            0x08004bf9   Thumb Code    24  usmart_str.o(.text)
    usmart_pow                               0x08004c11   Thumb Code    22  usmart_str.o(.text)
    usmart_str2num                           0x08004c27   Thumb Code   202  usmart_str.o(.text)
    usmart_get_cmdname                       0x08004cf1   Thumb Code    54  usmart_str.o(.text)
    usmart_search_nextc                      0x08004d27   Thumb Code    22  usmart_str.o(.text)
    usmart_get_fname                         0x08004d3d   Thumb Code   440  usmart_str.o(.text)
    usmart_get_aparm                         0x08004ef5   Thumb Code   200  usmart_str.o(.text)
    usmart_get_parmpos                       0x08004fbd   Thumb Code    26  usmart_str.o(.text)
    usmart_get_fparam                        0x08004fd7   Thumb Code   262  usmart_str.o(.text)
    __use_no_semihosting                     0x080050e9   Thumb Code     2  use_no_semi_2.o(.text)
    __2printf                                0x080050ed   Thumb Code    20  noretval__2printf.o(.text)
    _printf_pre_padding                      0x08005105   Thumb Code    44  _printf_pad.o(.text)
    _printf_post_padding                     0x08005131   Thumb Code    34  _printf_pad.o(.text)
    _printf_str                              0x08005153   Thumb Code    82  _printf_str.o(.text)
    _printf_int_dec                          0x080051a5   Thumb Code   104  _printf_dec.o(.text)
    _printf_int_hex                          0x0800521d   Thumb Code    84  _printf_hex_int.o(.text)
    _printf_longlong_hex                     0x0800521d   Thumb Code     0  _printf_hex_int.o(.text)
    __printf                                 0x08005275   Thumb Code   388  __printf_flags_ss_wp.o(.text)
    __use_two_region_memory                  0x080053fd   Thumb Code     2  heapauxi.o(.text)
    __rt_heap_escrow$2region                 0x080053ff   Thumb Code     2  heapauxi.o(.text)
    __rt_heap_expand$2region                 0x08005401   Thumb Code     2  heapauxi.o(.text)
    __I$use$semihosting                      0x08005403   Thumb Code     0  use_no_semi.o(.text)
    __use_no_semihosting_swi                 0x08005403   Thumb Code     2  use_no_semi.o(.text)
    _printf_int_common                       0x08005405   Thumb Code   178  _printf_intcommon.o(.text)
    _printf_cs_common                        0x080054b7   Thumb Code    20  _printf_char.o(.text)
    _printf_char                             0x080054cb   Thumb Code    16  _printf_char.o(.text)
    _printf_string                           0x080054db   Thumb Code     8  _printf_char.o(.text)
    _printf_char_file                        0x080054e5   Thumb Code    32  _printf_char_file.o(.text)
    _printf_char_common                      0x08005513   Thumb Code    32  _printf_char_common.o(.text)
    ferror                                   0x08005539   Thumb Code     8  ferror.o(.text)
    __user_setup_stackheap                   0x08005541   Thumb Code    74  sys_stackheap_outer.o(.text)
    exit                                     0x0800558b   Thumb Code    18  exit.o(.text)
    __user_libspace                          0x0800559d   Thumb Code     8  libspace.o(.text)
    __user_perproc_libspace                  0x0800559d   Thumb Code     0  libspace.o(.text)
    __user_perthread_libspace                0x0800559d   Thumb Code     0  libspace.o(.text)
    _is_digit                                0x080055a5   Thumb Code    14  __printf_wp.o(i._is_digit)
    _fp_init                                 0x080055b3   Thumb Code    10  fpinit.o(x$fpl$fpinit)
    __fplib_config_fpu_vfp                   0x080055bb   Thumb Code     0  fpinit.o(x$fpl$fpinit)
    __fplib_config_pureend_doubles           0x080055bb   Thumb Code     0  fpinit.o(x$fpl$fpinit)
    OV2640_QQVGA                             0x080055bc   Data         656  ov2640.o(.constdata)
    OV2640_UXGA                              0x0800584c   Data         474  ov2640.o(.constdata)
    ov2640_sxga_init_reg_tbl                 0x08005a26   Data         356  ov2640.o(.constdata)
    ov2640_svga_init_reg_tbl                 0x08005b8a   Data         354  ov2640.o(.constdata)
    ov2640_jpeg_reg_tbl                      0x08005cec   Data          14  ov2640.o(.constdata)
    ov2640_rgb565_reg_tbl                    0x08005cfa   Data          28  ov2640.o(.constdata)
    ov2640_yuv422_reg_tbl                    0x08005d16   Data          16  ov2640.o(.constdata)
    Region$$Table$$Base                      0x08005e54   Number         0  anon$$obj.o(Region$$Table)
    Region$$Table$$Limit                     0x08005e74   Number         0  anon$$obj.o(Region$$Table)
    SystemCoreClock                          0x20000000   Data           4  system_stm32f4xx.o(.data)
    AHBPrescTable                            0x20000004   Data          16  system_stm32f4xx.o(.data)
    i                                        0x20000014   Data           2  dcmi.o(.data)
    k                                        0x20000016   Data           2  dcmi.o(.data)
    H                                        0x20000018   Data           2  dcmi.o(.data)
    L                                        0x2000001a   Data           2  dcmi.o(.data)
    j                                        0x2000001c   Data           2  dcmi.o(.data)
    __stdout                                 0x20000024   Data           4  usart.o(.data)
    USART_RX_STA                             0x20000028   Data           2  usart.o(.data)
    sys_cmd_tab                              0x2000003c   Data          28  usmart.o(.data)
    usmart_nametab                           0x20000058   Data          48  usmart_config.o(.data)
    usmart_dev                               0x20000088   Data         244  usmart_config.o(.data)
    DCMI_InitStructure                       0x2000017c   Data          14  dcmi.o(.bss)
    USART_RX_BUF                             0x2000018a   Data         200  usart.o(.bss)
    __libspace_start                         0x20000254   Data          96  libspace.o(.bss)
    __temporary_stack_top$libspace           0x200002b4   Data           0  libspace.o(.bss)
    buff                                     0x20001000   Data       38400  main.o(.ARM.__AT_0x20001000)



==============================================================================

Memory Map of the image

  Image Entry point : 0x08000189

  Load Region LR_IROM1 (Base: 0x08000000, Size: 0x00005ff0, Max: 0x00100000, ABSOLUTE, COMPRESSED[0x00005ee0])

    Execution Region ER_IROM1 (Exec base: 0x08000000, Load base: 0x08000000, Size: 0x00005e74, Max: 0x00100000, ABSOLUTE)

    Exec Addr    Load Addr    Size         Type   Attr      Idx    E Section Name        Object

    0x08000000   0x08000000   0x00000188   Data   RO          583    RESET               startup_stm32f40_41xxx.o
    0x08000188   0x08000188   0x00000008   Code   RO          966  * !!!main             c_w.l(__main.o)
    0x08000190   0x08000190   0x00000034   Code   RO         1138    !!!scatter          c_w.l(__scatter.o)
    0x080001c4   0x080001c4   0x0000005a   Code   RO         1136    !!dczerorl2         c_w.l(__dczerorl2.o)
    0x0800021e   0x0800021e   0x00000002   PAD
    0x08000220   0x08000220   0x0000001c   Code   RO         1140    !!handler_zi        c_w.l(__scatter_zi.o)
    0x0800023c   0x0800023c   0x00000000   Code   RO          963    .ARM.Collect$$_printf_percent$$00000000  c_w.l(_printf_percent.o)
    0x0800023c   0x0800023c   0x00000006   Code   RO          961    .ARM.Collect$$_printf_percent$$00000009  c_w.l(_printf_d.o)
    0x08000242   0x08000242   0x00000006   Code   RO          962    .ARM.Collect$$_printf_percent$$0000000A  c_w.l(_printf_u.o)
    0x08000248   0x08000248   0x00000006   Code   RO          960    .ARM.Collect$$_printf_percent$$0000000C  c_w.l(_printf_x.o)
    0x0800024e   0x0800024e   0x00000006   Code   RO          958    .ARM.Collect$$_printf_percent$$00000013  c_w.l(_printf_c.o)
    0x08000254   0x08000254   0x00000006   Code   RO          959    .ARM.Collect$$_printf_percent$$00000014  c_w.l(_printf_s.o)
    0x0800025a   0x0800025a   0x00000004   Code   RO          977    .ARM.Collect$$_printf_percent$$00000017  c_w.l(_printf_percent_end.o)
    0x0800025e   0x0800025e   0x00000002   Code   RO         1010    .ARM.Collect$$libinit$$00000000  c_w.l(libinit.o)
    0x08000260   0x08000260   0x00000004   Code   RO         1016    .ARM.Collect$$libinit$$00000001  c_w.l(libinit2.o)
    0x08000264   0x08000264   0x00000000   Code   RO         1019    .ARM.Collect$$libinit$$00000004  c_w.l(libinit2.o)
    0x08000264   0x08000264   0x00000000   Code   RO         1022    .ARM.Collect$$libinit$$0000000A  c_w.l(libinit2.o)
    0x08000264   0x08000264   0x00000000   Code   RO         1024    .ARM.Collect$$libinit$$0000000C  c_w.l(libinit2.o)
    0x08000264   0x08000264   0x00000000   Code   RO         1026    .ARM.Collect$$libinit$$0000000E  c_w.l(libinit2.o)
    0x08000264   0x08000264   0x00000000   Code   RO         1029    .ARM.Collect$$libinit$$00000011  c_w.l(libinit2.o)
    0x08000264   0x08000264   0x00000000   Code   RO         1031    .ARM.Collect$$libinit$$00000013  c_w.l(libinit2.o)
    0x08000264   0x08000264   0x00000000   Code   RO         1033    .ARM.Collect$$libinit$$00000015  c_w.l(libinit2.o)
    0x08000264   0x08000264   0x00000000   Code   RO         1035    .ARM.Collect$$libinit$$00000017  c_w.l(libinit2.o)
    0x08000264   0x08000264   0x00000000   Code   RO         1037    .ARM.Collect$$libinit$$00000019  c_w.l(libinit2.o)
    0x08000264   0x08000264   0x00000000   Code   RO         1039    .ARM.Collect$$libinit$$0000001B  c_w.l(libinit2.o)
    0x08000264   0x08000264   0x00000000   Code   RO         1041    .ARM.Collect$$libinit$$0000001D  c_w.l(libinit2.o)
    0x08000264   0x08000264   0x00000000   Code   RO         1043    .ARM.Collect$$libinit$$0000001F  c_w.l(libinit2.o)
    0x08000264   0x08000264   0x00000000   Code   RO         1045    .ARM.Collect$$libinit$$00000021  c_w.l(libinit2.o)
    0x08000264   0x08000264   0x00000000   Code   RO         1047    .ARM.Collect$$libinit$$00000023  c_w.l(libinit2.o)
    0x08000264   0x08000264   0x00000000   Code   RO         1049    .ARM.Collect$$libinit$$00000025  c_w.l(libinit2.o)
    0x08000264   0x08000264   0x00000000   Code   RO         1053    .ARM.Collect$$libinit$$0000002C  c_w.l(libinit2.o)
    0x08000264   0x08000264   0x00000000   Code   RO         1055    .ARM.Collect$$libinit$$0000002E  c_w.l(libinit2.o)
    0x08000264   0x08000264   0x00000000   Code   RO         1057    .ARM.Collect$$libinit$$00000030  c_w.l(libinit2.o)
    0x08000264   0x08000264   0x00000000   Code   RO         1059    .ARM.Collect$$libinit$$00000032  c_w.l(libinit2.o)
    0x08000264   0x08000264   0x00000002   Code   RO         1060    .ARM.Collect$$libinit$$00000033  c_w.l(libinit2.o)
    0x08000266   0x08000266   0x00000002   Code   RO         1078    .ARM.Collect$$libshutdown$$00000000  c_w.l(libshutdown.o)
    0x08000268   0x08000268   0x00000000   Code   RO         1088    .ARM.Collect$$libshutdown$$00000002  c_w.l(libshutdown2.o)
    0x08000268   0x08000268   0x00000000   Code   RO         1090    .ARM.Collect$$libshutdown$$00000004  c_w.l(libshutdown2.o)
    0x08000268   0x08000268   0x00000000   Code   RO         1093    .ARM.Collect$$libshutdown$$00000007  c_w.l(libshutdown2.o)
    0x08000268   0x08000268   0x00000000   Code   RO         1096    .ARM.Collect$$libshutdown$$0000000A  c_w.l(libshutdown2.o)
    0x08000268   0x08000268   0x00000000   Code   RO         1098    .ARM.Collect$$libshutdown$$0000000C  c_w.l(libshutdown2.o)
    0x08000268   0x08000268   0x00000000   Code   RO         1101    .ARM.Collect$$libshutdown$$0000000F  c_w.l(libshutdown2.o)
    0x08000268   0x08000268   0x00000002   Code   RO         1102    .ARM.Collect$$libshutdown$$00000010  c_w.l(libshutdown2.o)
    0x0800026a   0x0800026a   0x00000000   Code   RO          970    .ARM.Collect$$rtentry$$00000000  c_w.l(__rtentry.o)
    0x0800026a   0x0800026a   0x00000000   Code   RO          979    .ARM.Collect$$rtentry$$00000002  c_w.l(__rtentry2.o)
    0x0800026a   0x0800026a   0x00000006   Code   RO          991    .ARM.Collect$$rtentry$$00000004  c_w.l(__rtentry4.o)
    0x08000270   0x08000270   0x00000000   Code   RO          981    .ARM.Collect$$rtentry$$00000009  c_w.l(__rtentry2.o)
    0x08000270   0x08000270   0x00000004   Code   RO          982    .ARM.Collect$$rtentry$$0000000A  c_w.l(__rtentry2.o)
    0x08000274   0x08000274   0x00000000   Code   RO          984    .ARM.Collect$$rtentry$$0000000C  c_w.l(__rtentry2.o)
    0x08000274   0x08000274   0x00000008   Code   RO          985    .ARM.Collect$$rtentry$$0000000D  c_w.l(__rtentry2.o)
    0x0800027c   0x0800027c   0x00000002   Code   RO         1014    .ARM.Collect$$rtexit$$00000000  c_w.l(rtexit.o)
    0x0800027e   0x0800027e   0x00000000   Code   RO         1062    .ARM.Collect$$rtexit$$00000002  c_w.l(rtexit2.o)
    0x0800027e   0x0800027e   0x00000004   Code   RO         1063    .ARM.Collect$$rtexit$$00000003  c_w.l(rtexit2.o)
    0x08000282   0x08000282   0x00000006   Code   RO         1064    .ARM.Collect$$rtexit$$00000004  c_w.l(rtexit2.o)
    0x08000288   0x08000288   0x00000158   Code   RO            3    .text               main.o
    0x080003e0   0x080003e0   0x0000002c   Code   RO          179    .text               stm32f4xx_it.o
    0x0800040c   0x0800040c   0x00000210   Code   RO          228    .text               system_stm32f4xx.o
    0x0800061c   0x0800061c   0x000003bc   Code   RO          295    .text               dcmi.o
    0x080009d8   0x080009d8   0x00000088   Code   RO          346    .text               timer.o
    0x08000a60   0x08000a60   0x00000590   Code   RO          415    .text               lcd_driver.o
    0x08000ff0   0x08000ff0   0x0000061e   Code   RO          460    .text               ov2640.o
    0x0800160e   0x0800160e   0x00000002   PAD
    0x08001610   0x08001610   0x00000274   Code   RO          492    .text               sccb.o
    0x08001884   0x08001884   0x00000104   Code   RO          512    .text               delay.o
    0x08001988   0x08001988   0x0000014c   Code   RO          552    .text               usart.o
    0x08001ad4   0x08001ad4   0x0000003c   Code   RO          584    .text               startup_stm32f40_41xxx.o
    0x08001b10   0x08001b10   0x000000e0   Code   RO          590    .text               misc.o
    0x08001bf0   0x08001bf0   0x0000018c   Code   RO          610    .text               stm32f4xx_dcmi.o
    0x08001d7c   0x08001d7c   0x00000294   Code   RO          630    .text               stm32f4xx_gpio.o
    0x08002010   0x08002010   0x000003a8   Code   RO          673    .text               stm32f4xx_dma.o
    0x080023b8   0x080023b8   0x0000065c   Code   RO          693    .text               stm32f4xx_rcc.o
    0x08002a14   0x08002a14   0x00000454   Code   RO          735    .text               stm32f4xx_usart.o
    0x08002e68   0x08002e68   0x00000ca2   Code   RO          755    .text               stm32f4xx_tim.o
    0x08003b0a   0x08003b0a   0x00000002   PAD
    0x08003b0c   0x08003b0c   0x00000480   Code   RO          818    .text               stm32f4xx_spi.o
    0x08003f8c   0x08003f8c   0x00000c34   Code   RO          838    .text               usmart.o
    0x08004bc0   0x08004bc0   0x00000528   Code   RO          883    .text               usmart_str.o
    0x080050e8   0x080050e8   0x00000002   Code   RO          903    .text               c_w.l(use_no_semi_2.o)
    0x080050ea   0x080050ea   0x00000002   PAD
    0x080050ec   0x080050ec   0x00000018   Code   RO          907    .text               c_w.l(noretval__2printf.o)
    0x08005104   0x08005104   0x0000004e   Code   RO          911    .text               c_w.l(_printf_pad.o)
    0x08005152   0x08005152   0x00000052   Code   RO          913    .text               c_w.l(_printf_str.o)
    0x080051a4   0x080051a4   0x00000078   Code   RO          915    .text               c_w.l(_printf_dec.o)
    0x0800521c   0x0800521c   0x00000058   Code   RO          920    .text               c_w.l(_printf_hex_int.o)
    0x08005274   0x08005274   0x00000188   Code   RO          955    .text               c_w.l(__printf_flags_ss_wp.o)
    0x080053fc   0x080053fc   0x00000006   Code   RO          964    .text               c_w.l(heapauxi.o)
    0x08005402   0x08005402   0x00000002   Code   RO          968    .text               c_w.l(use_no_semi.o)
    0x08005404   0x08005404   0x000000b2   Code   RO          971    .text               c_w.l(_printf_intcommon.o)
    0x080054b6   0x080054b6   0x0000002c   Code   RO          973    .text               c_w.l(_printf_char.o)
    0x080054e2   0x080054e2   0x00000002   PAD
    0x080054e4   0x080054e4   0x00000024   Code   RO          975    .text               c_w.l(_printf_char_file.o)
    0x08005508   0x08005508   0x00000030   Code   RO          993    .text               c_w.l(_printf_char_common.o)
    0x08005538   0x08005538   0x00000008   Code   RO          995    .text               c_w.l(ferror.o)
    0x08005540   0x08005540   0x0000004a   Code   RO          999    .text               c_w.l(sys_stackheap_outer.o)
    0x0800558a   0x0800558a   0x00000012   Code   RO         1003    .text               c_w.l(exit.o)
    0x0800559c   0x0800559c   0x00000008   Code   RO         1011    .text               c_w.l(libspace.o)
    0x080055a4   0x080055a4   0x0000000e   Code   RO          948    i._is_digit         c_w.l(__printf_wp.o)
    0x080055b2   0x080055b2   0x0000000a   Code   RO         1070    x$fpl$fpinit        fz_wm.l(fpinit.o)
    0x080055bc   0x080055bc   0x00000792   Data   RO          461    .constdata          ov2640.o
    0x08005d4e   0x08005d4e   0x00000028   Data   RO          921    .constdata          c_w.l(_printf_hex_int.o)
    0x08005d76   0x08005d76   0x00000011   Data   RO          956    .constdata          c_w.l(__printf_flags_ss_wp.o)
    0x08005d87   0x08005d87   0x00000001   PAD
    0x08005d88   0x08005d88   0x00000028   Data   RO          839    .conststring        usmart.o
    0x08005db0   0x08005db0   0x000000a3   Data   RO          862    .conststring        usmart_config.o
    0x08005e53   0x08005e53   0x00000001   PAD
    0x08005e54   0x08005e54   0x00000020   Data   RO         1134    Region$$Table       anon$$obj.o


    Execution Region RW_IRAM1 (Exec base: 0x20000000, Load base: 0x08005e74, Size: 0x0000a600, Max: 0x00020000, ABSOLUTE, COMPRESSED[0x0000006c])

    Exec Addr    Load Addr    Size         Type   Attr      Idx    E Section Name        Object

    0x20000000   COMPRESSED   0x00000014   Data   RW          229    .data               system_stm32f4xx.o
    0x20000014   COMPRESSED   0x0000000a   Data   RW          297    .data               dcmi.o
    0x2000001e   COMPRESSED   0x00000004   Data   RW          513    .data               delay.o
    0x20000022   COMPRESSED   0x00000002   PAD
    0x20000024   COMPRESSED   0x00000006   Data   RW          554    .data               usart.o
    0x2000002a   COMPRESSED   0x00000010   Data   RW          694    .data               stm32f4xx_rcc.o
    0x2000003a   COMPRESSED   0x00000002   PAD
    0x2000003c   COMPRESSED   0x0000001c   Data   RW          840    .data               usmart.o
    0x20000058   COMPRESSED   0x00000124   Data   RW          863    .data               usmart_config.o
    0x2000017c        -       0x0000000e   Zero   RW          296    .bss                dcmi.o
    0x2000018a        -       0x000000c8   Zero   RW          553    .bss                usart.o
    0x20000252   COMPRESSED   0x00000002   PAD
    0x20000254        -       0x00000060   Zero   RW         1012    .bss                c_w.l(libspace.o)
    0x200002b4   COMPRESSED   0x00000004   PAD
    0x200002b8        -       0x00000000   Zero   RW          582    HEAP                startup_stm32f40_41xxx.o
    0x200002b8        -       0x00000400   Zero   RW          581    STACK               startup_stm32f40_41xxx.o
    0x200006b8   COMPRESSED   0x00000948   PAD
    0x20001000        -       0x00009600   Zero   RW            4    .ARM.__AT_0x20001000  main.o


==============================================================================

Image component sizes


      Code (inc. data)   RO Data    RW Data    ZI Data      Debug   Object Name

       956         62          0         10         14       3218   dcmi.o
       260          8          0          4          0       1509   delay.o
      1424         28          0          0          0       4641   lcd_driver.o
       344         62          0          0      38400     308195   main.o
       224         20          0          0          0       1849   misc.o
      1566         66       1938          0          0       6366   ov2640.o
       628         12          0          0          0       2087   sccb.o
        60         22        392          0       1024        848   startup_stm32f40_41xxx.o
       396          4          0          0          0       3510   stm32f4xx_dcmi.o
       936         32          0          0          0       6421   stm32f4xx_dma.o
       660         44          0          0          0       4189   stm32f4xx_gpio.o
        44          6          0          0          0       1346   stm32f4xx_it.o
      1628         52          0         16          0      13080   stm32f4xx_rcc.o
      1152         36          0          0          0       6937   stm32f4xx_spi.o
      3234         60          0          0          0      23044   stm32f4xx_tim.o
      1108         34          0          0          0       7912   stm32f4xx_usart.o
       528         46          0         20          0       1823   system_stm32f4xx.o
       136         14          0          0          0        836   timer.o
       332         18          0          6        200       3378   usart.o
      3124       1286         40         28          0       4470   usmart.o
         0          0        163        292          0       1576   usmart_config.o
      1320         12          0          0          0       5369   usmart_str.o

    ----------------------------------------------------------------------
     20064       1924       2566        380      42016     412604   Object Totals
         0          0         32          0          0          0   (incl. Generated)
         4          0          1          4       2378          0   (incl. Padding)

    ----------------------------------------------------------------------

      Code (inc. data)   RO Data    RW Data    ZI Data      Debug   Library Member Name

        90          0          0          0          0          0   __dczerorl2.o
         8          0          0          0          0         68   __main.o
       392          4         17          0          0         92   __printf_flags_ss_wp.o
        14          0          0          0          0         68   __printf_wp.o
         0          0          0          0          0          0   __rtentry.o
        12          0          0          0          0          0   __rtentry2.o
         6          0          0          0          0          0   __rtentry4.o
        52          8          0          0          0          0   __scatter.o
        28          0          0          0          0          0   __scatter_zi.o
         6          0          0          0          0          0   _printf_c.o
        44          0          0          0          0        108   _printf_char.o
        48          6          0          0          0         96   _printf_char_common.o
        36          4          0          0          0         80   _printf_char_file.o
         6          0          0          0          0          0   _printf_d.o
       120         16          0          0          0         92   _printf_dec.o
        88          4         40          0          0         88   _printf_hex_int.o
       178          0          0          0          0         88   _printf_intcommon.o
        78          0          0          0          0        108   _printf_pad.o
         0          0          0          0          0          0   _printf_percent.o
         4          0          0          0          0          0   _printf_percent_end.o
         6          0          0          0          0          0   _printf_s.o
        82          0          0          0          0         80   _printf_str.o
         6          0          0          0          0          0   _printf_u.o
         6          0          0          0          0          0   _printf_x.o
        18          0          0          0          0         80   exit.o
         8          0          0          0          0         68   ferror.o
         6          0          0          0          0        152   heapauxi.o
         2          0          0          0          0          0   libinit.o
         6          0          0          0          0          0   libinit2.o
         2          0          0          0          0          0   libshutdown.o
         2          0          0          0          0          0   libshutdown2.o
         8          4          0          0         96         68   libspace.o
        24          4          0          0          0         84   noretval__2printf.o
         2          0          0          0          0          0   rtexit.o
        10          0          0          0          0          0   rtexit2.o
        74          0          0          0          0         80   sys_stackheap_outer.o
         2          0          0          0          0         68   use_no_semi.o
         2          0          0          0          0         68   use_no_semi_2.o
        10          0          0          0          0        116   fpinit.o

    ----------------------------------------------------------------------
      1492         50         58          0        100       1752   Library Totals
         6          0          1          0          4          0   (incl. Padding)

    ----------------------------------------------------------------------

      Code (inc. data)   RO Data    RW Data    ZI Data      Debug   Library Name

      1476         50         57          0         96       1636   c_w.l
        10          0          0          0          0        116   fz_wm.l

    ----------------------------------------------------------------------
      1492         50         58          0        100       1752   Library Totals

    ----------------------------------------------------------------------

==============================================================================


      Code (inc. data)   RO Data    RW Data    ZI Data      Debug   

     21556       1974       2624        380      42116     409076   Grand Totals
     21556       1974       2624        108      42116     409076   ELF Image Totals (compressed)
     21556       1974       2624        108          0          0   ROM Totals

==============================================================================

    Total RO  Size (Code + RO Data)                24180 (  23.61kB)
    Total RW  Size (RW Data + ZI Data)             42496 (  41.50kB)
    Total ROM Size (Code + RO Data + RW Data)      24288 (  23.72kB)

==============================================================================

